[1.830s] Invoking command in '/home/ribeiro/ros2_tutorial_workspace/build/python_package_that_uses_the_messages': PYTHONPATH=/home/ribeiro/ros2_tutorial_workspace/build/python_package_that_uses_the_messages/prefix_override:/usr/lib/python3/dist-packages/colcon_core/task/python/colcon_distutils_commands:/home/ribeiro/ros2_tutorial_workspace/install/python_package_that_uses_the_messages/lib/python3.10/site-packages:${PYTHONPATH} /usr/bin/python3 -W ignore:setup.py install is deprecated -W ignore:easy_install command is deprecated setup.py develop --editable --build-directory /home/ribeiro/ros2_tutorial_workspace/build/python_package_that_uses_the_messages/build --no-deps symlink_data
[2.187s] running develop
[2.389s] running egg_info
[2.389s] creating python_package_that_uses_the_messages.egg-info
[2.389s] writing python_package_that_uses_the_messages.egg-info/PKG-INFO
[2.390s] writing dependency_links to python_package_that_uses_the_messages.egg-info/dependency_links.txt
[2.390s] writing entry points to python_package_that_uses_the_messages.egg-info/entry_points.txt
[2.390s] writing requirements to python_package_that_uses_the_messages.egg-info/requires.txt
[2.390s] writing top-level names to python_package_that_uses_the_messages.egg-info/top_level.txt
[2.390s] writing manifest file 'python_package_that_uses_the_messages.egg-info/SOURCES.txt'
[2.392s] reading manifest file 'python_package_that_uses_the_messages.egg-info/SOURCES.txt'
[2.392s] writing manifest file 'python_package_that_uses_the_messages.egg-info/SOURCES.txt'
[2.394s] running build_ext
[2.394s] Creating /home/ribeiro/ros2_tutorial_workspace/install/python_package_that_uses_the_messages/lib/python3.10/site-packages/python-package-that-uses-the-messages.egg-link (link to .)
[2.395s] Installing amazing_quote_publisher_node script to /home/ribeiro/ros2_tutorial_workspace/install/python_package_that_uses_the_messages/lib/python_package_that_uses_the_messages
[2.395s] Installing amazing_quote_subscriber_node script to /home/ribeiro/ros2_tutorial_workspace/install/python_package_that_uses_the_messages/lib/python_package_that_uses_the_messages
[2.395s] 
[2.395s] Installed /home/ribeiro/ros2_tutorial_workspace/build/python_package_that_uses_the_messages
[2.395s] running symlink_data
[2.395s] creating /home/ribeiro/ros2_tutorial_workspace/install/python_package_that_uses_the_messages/share/ament_index
[2.396s] creating /home/ribeiro/ros2_tutorial_workspace/install/python_package_that_uses_the_messages/share/ament_index/resource_index
[2.396s] creating /home/ribeiro/ros2_tutorial_workspace/install/python_package_that_uses_the_messages/share/ament_index/resource_index/packages
[2.396s] symbolically linking /home/ribeiro/ros2_tutorial_workspace/build/python_package_that_uses_the_messages/resource/python_package_that_uses_the_messages -> /home/ribeiro/ros2_tutorial_workspace/install/python_package_that_uses_the_messages/share/ament_index/resource_index/packages
[2.397s] symbolically linking /home/ribeiro/ros2_tutorial_workspace/build/python_package_that_uses_the_messages/package.xml -> /home/ribeiro/ros2_tutorial_workspace/install/python_package_that_uses_the_messages/share/python_package_that_uses_the_messages
[2.424s] Invoked command in '/home/ribeiro/ros2_tutorial_workspace/build/python_package_that_uses_the_messages' returned '0': PYTHONPATH=/home/ribeiro/ros2_tutorial_workspace/build/python_package_that_uses_the_messages/prefix_override:/usr/lib/python3/dist-packages/colcon_core/task/python/colcon_distutils_commands:/home/ribeiro/ros2_tutorial_workspace/install/python_package_that_uses_the_messages/lib/python3.10/site-packages:${PYTHONPATH} /usr/bin/python3 -W ignore:setup.py install is deprecated -W ignore:easy_install command is deprecated setup.py develop --editable --build-directory /home/ribeiro/ros2_tutorial_workspace/build/python_package_that_uses_the_messages/build --no-deps symlink_data
