-- Found ament_cmake: 1.3.14 (/opt/ros/humble/share/ament_cmake/cmake)
-- Found rclcpp: 16.0.19 (/opt/ros/humble/share/rclcpp/cmake)
-- Found rosidl_generator_c: 3.1.9 (/opt/ros/humble/share/rosidl_generator_c/cmake)
-- Found rosidl_adapter: 3.1.9 (/opt/ros/humble/share/rosidl_adapter/cmake)
-- Found rosidl_generator_cpp: 3.1.9 (/opt/ros/humble/share/rosidl_generator_cpp/cmake)
-- Using all available rosidl_typesupport_c: rosidl_typesupport_fastrtps_c;rosidl_typesupport_introspection_c
-- Using all available rosidl_typesupport_cpp: rosidl_typesupport_fastrtps_cpp;rosidl_typesupport_introspection_cpp
-- Found rmw_implementation_cmake: 6.1.3 (/opt/ros/humble/share/rmw_implementation_cmake/cmake)
-- Found rmw_fastrtps_cpp: 6.2.10 (/opt/ros/humble/share/rmw_fastrtps_cpp/cmake)
-- Using RMW implementation 'rmw_fastrtps_cpp' as default
-- Found ament_lint_auto: 0.12.15 (/opt/ros/humble/share/ament_lint_auto/cmake)
-- Added test 'cppcheck' to perform static code analysis on C / C++ code
-- Configured cppcheck include dirs: $<BUILD_INTERFACE:/home/ribeiro/ros2_tutorial_workspace/src/cpp_package_with_a_library/include>;$<BUILD_INTERFACE:/home/ribeiro/ros2_tutorial_workspace/src/cpp_package_with_a_library/src>
-- Configured cppcheck exclude dirs and/or files: 
-- Added test 'lint_cmake' to check CMake code style
-- Added test 'uncrustify' to check C / C++ code style
-- Configured uncrustify additional arguments: 
-- Added test 'xmllint' to check XML markup files
-- Configuring done
-- Generating done
-- Build files have been written to: /home/ribeiro/ros2_tutorial_workspace/build/cpp_package_with_a_library
[ 16%] [32mBuilding CXX object CMakeFiles/cpp_package_with_a_library.dir/src/sample_class.cpp.o[0m
[ 33%] [32m[1mLinking CXX shared library libcpp_package_with_a_library.so[0m
[ 33%] Built target cpp_package_with_a_library
[ 83%] [32mBuilding CXX object CMakeFiles/sample_class_local_node.dir/src/sample_class_local_node.cpp.o[0m
[ 83%] [32mBuilding CXX object CMakeFiles/sample_class_local_node.dir/src/sample_class.cpp.o[0m
[ 83%] [32mBuilding CXX object CMakeFiles/sample_class_local_node.dir/src/sample_class_local_node_main.cpp.o[0m
[01m[K/home/ribeiro/ros2_tutorial_workspace/src/cpp_package_with_a_library/src/sample_class_local_node_main.cpp:21:3:[m[K [01;31m[Kerror: [m[Kstray ‘[01m[K\[m[K’ in program
   21 | }A[01;31m[K\[m[K
      |   [01;31m[K^[m[K
[01m[K/home/ribeiro/ros2_tutorial_workspace/src/cpp_package_with_a_library/src/sample_class_local_node_main.cpp:21:2:[m[K [01;31m[Kerror: [m[K‘[01m[KA[m[K’ does not name a type
   21 | }[01;31m[KA[m[K\
      |  [01;31m[K^[m[K
gmake[2]: *** [CMakeFiles/sample_class_local_node.dir/build.make:76: CMakeFiles/sample_class_local_node.dir/src/sample_class_local_node_main.cpp.o] Error 1
gmake[2]: *** Waiting for unfinished jobs....
gmake[1]: *** [CMakeFiles/Makefile2:165: CMakeFiles/sample_class_local_node.dir/all] Error 2
gmake: *** [Makefile:146: all] Error 2
