[0.029s] Invoking command in '/home/ribeiro/ros2_tutorial_workspace/build/cpp_package_with_a_library': CMAKE_PREFIX_PATH=${CMAKE_PREFIX_PATH}:/home/ribeiro/ros2_tutorial_workspace/install/the_simplest_python_package:/home/ribeiro/ros2_tutorial_workspace/install/python_package_with_a_node:/home/ribeiro/ros2_tutorial_workspace/install/python_package_that_uses_the_library:/home/ribeiro/ros2_tutorial_workspace/install/python_package_with_a_library:/home/ribeiro/ros2_tutorial_workspace/install/python_package_that_uses_the_services:/home/ribeiro/ros2_tutorial_workspace/install/python_package_that_uses_the_messages:/home/ribeiro/ros2_tutorial_workspace/install/python_package_that_uses_parameters_and_launch_files:/opt/ros/humble /usr/bin/cmake /home/ribeiro/ros2_tutorial_workspace/src/cpp_package_with_a_library -DCMAKE_INSTALL_PREFIX=/home/ribeiro/ros2_tutorial_workspace/install/cpp_package_with_a_library
[0.054s] -- Found ament_cmake: 1.3.14 (/opt/ros/humble/share/ament_cmake/cmake)
[0.238s] -- Found rclcpp: 16.0.19 (/opt/ros/humble/share/rclcpp/cmake)
[0.287s] -- Found rosidl_generator_c: 3.1.9 (/opt/ros/humble/share/rosidl_generator_c/cmake)
[0.291s] -- Found rosidl_adapter: 3.1.9 (/opt/ros/humble/share/rosidl_adapter/cmake)
[0.299s] -- Found rosidl_generator_cpp: 3.1.9 (/opt/ros/humble/share/rosidl_generator_cpp/cmake)
[0.313s] -- Using all available rosidl_typesupport_c: rosidl_typesupport_fastrtps_c;rosidl_typesupport_introspection_c
[0.330s] -- Using all available rosidl_typesupport_cpp: rosidl_typesupport_fastrtps_cpp;rosidl_typesupport_introspection_cpp
[0.375s] -- Found rmw_implementation_cmake: 6.1.3 (/opt/ros/humble/share/rmw_implementation_cmake/cmake)
[0.377s] -- Found rmw_fastrtps_cpp: 6.2.10 (/opt/ros/humble/share/rmw_fastrtps_cpp/cmake)
[0.797s] -- Using RMW implementation 'rmw_fastrtps_cpp' as default
[0.862s] -- Found ament_lint_auto: 0.12.15 (/opt/ros/humble/share/ament_lint_auto/cmake)
[0.958s] -- Added test 'cppcheck' to perform static code analysis on C / C++ code
[0.958s] -- Configured cppcheck include dirs: $<BUILD_INTERFACE:/home/ribeiro/ros2_tutorial_workspace/src/cpp_package_with_a_library/include>;$<BUILD_INTERFACE:/home/ribeiro/ros2_tutorial_workspace/src/cpp_package_with_a_library/src>
[0.958s] -- Configured cppcheck exclude dirs and/or files: 
[0.960s] -- Added test 'lint_cmake' to check CMake code style
[0.963s] -- Added test 'uncrustify' to check C / C++ code style
[0.963s] -- Configured uncrustify additional arguments: 
[0.964s] -- Added test 'xmllint' to check XML markup files
[0.967s] -- Configuring done
[1.054s] -- Generating done
[1.124s] -- Build files have been written to: /home/ribeiro/ros2_tutorial_workspace/build/cpp_package_with_a_library
[1.134s] Invoked command in '/home/ribeiro/ros2_tutorial_workspace/build/cpp_package_with_a_library' returned '0': CMAKE_PREFIX_PATH=${CMAKE_PREFIX_PATH}:/home/ribeiro/ros2_tutorial_workspace/install/the_simplest_python_package:/home/ribeiro/ros2_tutorial_workspace/install/python_package_with_a_node:/home/ribeiro/ros2_tutorial_workspace/install/python_package_that_uses_the_library:/home/ribeiro/ros2_tutorial_workspace/install/python_package_with_a_library:/home/ribeiro/ros2_tutorial_workspace/install/python_package_that_uses_the_services:/home/ribeiro/ros2_tutorial_workspace/install/python_package_that_uses_the_messages:/home/ribeiro/ros2_tutorial_workspace/install/python_package_that_uses_parameters_and_launch_files:/opt/ros/humble /usr/bin/cmake /home/ribeiro/ros2_tutorial_workspace/src/cpp_package_with_a_library -DCMAKE_INSTALL_PREFIX=/home/ribeiro/ros2_tutorial_workspace/install/cpp_package_with_a_library
[1.136s] Invoking command in '/home/ribeiro/ros2_tutorial_workspace/build/cpp_package_with_a_library': CMAKE_PREFIX_PATH=${CMAKE_PREFIX_PATH}:/home/ribeiro/ros2_tutorial_workspace/install/the_simplest_python_package:/home/ribeiro/ros2_tutorial_workspace/install/python_package_with_a_node:/home/ribeiro/ros2_tutorial_workspace/install/python_package_that_uses_the_library:/home/ribeiro/ros2_tutorial_workspace/install/python_package_with_a_library:/home/ribeiro/ros2_tutorial_workspace/install/python_package_that_uses_the_services:/home/ribeiro/ros2_tutorial_workspace/install/python_package_that_uses_the_messages:/home/ribeiro/ros2_tutorial_workspace/install/python_package_that_uses_parameters_and_launch_files:/opt/ros/humble /usr/bin/cmake --build /home/ribeiro/ros2_tutorial_workspace/build/cpp_package_with_a_library -- -j6 -l6
[1.289s] [ 16%] [32mBuilding CXX object CMakeFiles/cpp_package_with_a_library.dir/src/sample_class.cpp.o[0m
[3.257s] [ 33%] [32m[1mLinking CXX shared library libcpp_package_with_a_library.so[0m
[3.537s] [ 33%] Built target cpp_package_with_a_library
[3.604s] [ 83%] [32mBuilding CXX object CMakeFiles/sample_class_local_node.dir/src/sample_class_local_node.cpp.o[0m
[3.604s] [ 83%] [32mBuilding CXX object CMakeFiles/sample_class_local_node.dir/src/sample_class.cpp.o[0m
[3.605s] [ 83%] [32mBuilding CXX object CMakeFiles/sample_class_local_node.dir/src/sample_class_local_node_main.cpp.o[0m
[4.803s] [01m[K/home/ribeiro/ros2_tutorial_workspace/src/cpp_package_with_a_library/src/sample_class_local_node_main.cpp:21:3:[m[K [01;31m[Kerror: [m[Kstray ‘[01m[K\[m[K’ in program
[4.803s]    21 | }A[01;31m[K\[m[K
[4.803s]       |   [01;31m[K^[m[K
[8.467s] [01m[K/home/ribeiro/ros2_tutorial_workspace/src/cpp_package_with_a_library/src/sample_class_local_node_main.cpp:21:2:[m[K [01;31m[Kerror: [m[K‘[01m[KA[m[K’ does not name a type
[8.467s]    21 | }[01;31m[KA[m[K\
[8.468s]       |  [01;31m[K^[m[K
[8.945s] gmake[2]: *** [CMakeFiles/sample_class_local_node.dir/build.make:76: CMakeFiles/sample_class_local_node.dir/src/sample_class_local_node_main.cpp.o] Error 1
[8.946s] gmake[2]: *** Waiting for unfinished jobs....
[9.122s] gmake[1]: *** [CMakeFiles/Makefile2:165: CMakeFiles/sample_class_local_node.dir/all] Error 2
[9.122s] gmake: *** [Makefile:146: all] Error 2
[9.125s] Invoked command in '/home/ribeiro/ros2_tutorial_workspace/build/cpp_package_with_a_library' returned '2': CMAKE_PREFIX_PATH=${CMAKE_PREFIX_PATH}:/home/ribeiro/ros2_tutorial_workspace/install/the_simplest_python_package:/home/ribeiro/ros2_tutorial_workspace/install/python_package_with_a_node:/home/ribeiro/ros2_tutorial_workspace/install/python_package_that_uses_the_library:/home/ribeiro/ros2_tutorial_workspace/install/python_package_with_a_library:/home/ribeiro/ros2_tutorial_workspace/install/python_package_that_uses_the_services:/home/ribeiro/ros2_tutorial_workspace/install/python_package_that_uses_the_messages:/home/ribeiro/ros2_tutorial_workspace/install/python_package_that_uses_parameters_and_launch_files:/opt/ros/humble /usr/bin/cmake --build /home/ribeiro/ros2_tutorial_workspace/build/cpp_package_with_a_library -- -j6 -l6
