[1.094s] Invoking command in '/home/ribeiro/ros2_tutorial_workspace/build/python_package_that_uses_the_messages': PYTHONPATH=/home/ribeiro/ros2_tutorial_workspace/build/python_package_that_uses_the_messages/prefix_override:/usr/lib/python3/dist-packages/colcon_core/task/python/colcon_distutils_commands:/home/ribeiro/ros2_tutorial_workspace/install/python_package_that_uses_the_messages/lib/python3.10/site-packages:${PYTHONPATH} /usr/bin/python3 -W ignore:setup.py install is deprecated -W ignore:easy_install command is deprecated setup.py develop --editable --build-directory /home/ribeiro/ros2_tutorial_workspace/build/python_package_that_uses_the_messages/build --no-deps symlink_data --force
[1.285s] running develop
[1.382s] running egg_info
[1.382s] writing python_package_that_uses_the_messages.egg-info/PKG-INFO
[1.382s] writing dependency_links to python_package_that_uses_the_messages.egg-info/dependency_links.txt
[1.383s] writing entry points to python_package_that_uses_the_messages.egg-info/entry_points.txt
[1.383s] writing requirements to python_package_that_uses_the_messages.egg-info/requires.txt
[1.383s] writing top-level names to python_package_that_uses_the_messages.egg-info/top_level.txt
[1.384s] reading manifest file 'python_package_that_uses_the_messages.egg-info/SOURCES.txt'
[1.385s] writing manifest file 'python_package_that_uses_the_messages.egg-info/SOURCES.txt'
[1.386s] running build_ext
[1.386s] Creating /home/ribeiro/ros2_tutorial_workspace/install/python_package_that_uses_the_messages/lib/python3.10/site-packages/python-package-that-uses-the-messages.egg-link (link to .)
[1.387s] Installing amazing_quote_publisher_node script to /home/ribeiro/ros2_tutorial_workspace/install/python_package_that_uses_the_messages/lib/python_package_that_uses_the_messages
[1.387s] Installing amazing_quote_subscriber_node script to /home/ribeiro/ros2_tutorial_workspace/install/python_package_that_uses_the_messages/lib/python_package_that_uses_the_messages
[1.387s] 
[1.387s] Installed /home/ribeiro/ros2_tutorial_workspace/build/python_package_that_uses_the_messages
[1.387s] running symlink_data
[1.387s] symbolically linking /home/ribeiro/ros2_tutorial_workspace/build/python_package_that_uses_the_messages/resource/python_package_that_uses_the_messages -> /home/ribeiro/ros2_tutorial_workspace/install/python_package_that_uses_the_messages/share/ament_index/resource_index/packages
[1.387s] symbolically linking /home/ribeiro/ros2_tutorial_workspace/build/python_package_that_uses_the_messages/package.xml -> /home/ribeiro/ros2_tutorial_workspace/install/python_package_that_uses_the_messages/share/python_package_that_uses_the_messages
[1.407s] Invoked command in '/home/ribeiro/ros2_tutorial_workspace/build/python_package_that_uses_the_messages' returned '0': PYTHONPATH=/home/ribeiro/ros2_tutorial_workspace/build/python_package_that_uses_the_messages/prefix_override:/usr/lib/python3/dist-packages/colcon_core/task/python/colcon_distutils_commands:/home/ribeiro/ros2_tutorial_workspace/install/python_package_that_uses_the_messages/lib/python3.10/site-packages:${PYTHONPATH} /usr/bin/python3 -W ignore:setup.py install is deprecated -W ignore:easy_install command is deprecated setup.py develop --editable --build-directory /home/ribeiro/ros2_tutorial_workspace/build/python_package_that_uses_the_messages/build --no-deps symlink_data --force
