running egg_info
creating ../../build/the_simplest_python_package/the_simplest_python_package.egg-info
writing ../../build/the_simplest_python_package/the_simplest_python_package.egg-info/PKG-INFO
writing dependency_links to ../../build/the_simplest_python_package/the_simplest_python_package.egg-info/dependency_links.txt
writing entry points to ../../build/the_simplest_python_package/the_simplest_python_package.egg-info/entry_points.txt
writing requirements to ../../build/the_simplest_python_package/the_simplest_python_package.egg-info/requires.txt
writing top-level names to ../../build/the_simplest_python_package/the_simplest_python_package.egg-info/top_level.txt
writing manifest file '../../build/the_simplest_python_package/the_simplest_python_package.egg-info/SOURCES.txt'
reading manifest file '../../build/the_simplest_python_package/the_simplest_python_package.egg-info/SOURCES.txt'
writing manifest file '../../build/the_simplest_python_package/the_simplest_python_package.egg-info/SOURCES.txt'
running build
running build_py
creating /home/ribeiro/ros2_tutorial_workspace/build/the_simplest_python_package/build
creating /home/ribeiro/ros2_tutorial_workspace/build/the_simplest_python_package/build/lib
creating /home/ribeiro/ros2_tutorial_workspace/build/the_simplest_python_package/build/lib/the_simplest_python_package
copying the_simplest_python_package/__init__.py -> /home/ribeiro/ros2_tutorial_workspace/build/the_simplest_python_package/build/lib/the_simplest_python_package
running install
running install_lib
creating /home/ribeiro/ros2_tutorial_workspace/install/the_simplest_python_package/lib/python3.10/site-packages/the_simplest_python_package
copying /home/ribeiro/ros2_tutorial_workspace/build/the_simplest_python_package/build/lib/the_simplest_python_package/__init__.py -> /home/ribeiro/ros2_tutorial_workspace/install/the_simplest_python_package/lib/python3.10/site-packages/the_simplest_python_package
byte-compiling /home/ribeiro/ros2_tutorial_workspace/install/the_simplest_python_package/lib/python3.10/site-packages/the_simplest_python_package/__init__.py to __init__.cpython-310.pyc
running install_data
creating /home/ribeiro/ros2_tutorial_workspace/install/the_simplest_python_package/share/ament_index
creating /home/ribeiro/ros2_tutorial_workspace/install/the_simplest_python_package/share/ament_index/resource_index
creating /home/ribeiro/ros2_tutorial_workspace/install/the_simplest_python_package/share/ament_index/resource_index/packages
copying resource/the_simplest_python_package -> /home/ribeiro/ros2_tutorial_workspace/install/the_simplest_python_package/share/ament_index/resource_index/packages
copying package.xml -> /home/ribeiro/ros2_tutorial_workspace/install/the_simplest_python_package/share/the_simplest_python_package
running install_egg_info
Copying ../../build/the_simplest_python_package/the_simplest_python_package.egg-info to /home/ribeiro/ros2_tutorial_workspace/install/the_simplest_python_package/lib/python3.10/site-packages/the_simplest_python_package-0.0.0-py3.10.egg-info
running install_scripts
writing list of installed files to '/home/ribeiro/ros2_tutorial_workspace/build/the_simplest_python_package/install.log'
