[3.805s] Invoking command in '/home/ribeiro/ros2_tutorial_workspace/src/the_simplest_python_package': PYTHONPATH=/home/ribeiro/ros2_tutorial_workspace/build/the_simplest_python_package/prefix_override:/usr/lib/python3/dist-packages/colcon_core/task/python/colcon_distutils_commands:/home/ribeiro/ros2_tutorial_workspace/install/the_simplest_python_package/lib/python3.10/site-packages:${PYTHONPATH} /usr/bin/python3 -W ignore:setup.py install is deprecated -W ignore:easy_install command is deprecated setup.py egg_info --egg-base ../../build/the_simplest_python_package build --build-base /home/ribeiro/ros2_tutorial_workspace/build/the_simplest_python_package/build install --record /home/ribeiro/ros2_tutorial_workspace/build/the_simplest_python_package/install.log --install-scripts $base/lib/the_simplest_python_package --single-version-externally-managed install_data
[4.145s] running egg_info
[4.145s] creating ../../build/the_simplest_python_package/the_simplest_python_package.egg-info
[4.145s] writing ../../build/the_simplest_python_package/the_simplest_python_package.egg-info/PKG-INFO
[4.146s] writing dependency_links to ../../build/the_simplest_python_package/the_simplest_python_package.egg-info/dependency_links.txt
[4.147s] writing entry points to ../../build/the_simplest_python_package/the_simplest_python_package.egg-info/entry_points.txt
[4.147s] writing requirements to ../../build/the_simplest_python_package/the_simplest_python_package.egg-info/requires.txt
[4.147s] writing top-level names to ../../build/the_simplest_python_package/the_simplest_python_package.egg-info/top_level.txt
[4.149s] writing manifest file '../../build/the_simplest_python_package/the_simplest_python_package.egg-info/SOURCES.txt'
[4.150s] reading manifest file '../../build/the_simplest_python_package/the_simplest_python_package.egg-info/SOURCES.txt'
[4.151s] writing manifest file '../../build/the_simplest_python_package/the_simplest_python_package.egg-info/SOURCES.txt'
[4.151s] running build
[4.151s] running build_py
[4.153s] creating /home/ribeiro/ros2_tutorial_workspace/build/the_simplest_python_package/build
[4.153s] creating /home/ribeiro/ros2_tutorial_workspace/build/the_simplest_python_package/build/lib
[4.153s] creating /home/ribeiro/ros2_tutorial_workspace/build/the_simplest_python_package/build/lib/the_simplest_python_package
[4.153s] copying the_simplest_python_package/__init__.py -> /home/ribeiro/ros2_tutorial_workspace/build/the_simplest_python_package/build/lib/the_simplest_python_package
[4.153s] running install
[4.153s] running install_lib
[4.153s] creating /home/ribeiro/ros2_tutorial_workspace/install/the_simplest_python_package/lib/python3.10/site-packages/the_simplest_python_package
[4.154s] copying /home/ribeiro/ros2_tutorial_workspace/build/the_simplest_python_package/build/lib/the_simplest_python_package/__init__.py -> /home/ribeiro/ros2_tutorial_workspace/install/the_simplest_python_package/lib/python3.10/site-packages/the_simplest_python_package
[4.155s] byte-compiling /home/ribeiro/ros2_tutorial_workspace/install/the_simplest_python_package/lib/python3.10/site-packages/the_simplest_python_package/__init__.py to __init__.cpython-310.pyc
[4.156s] running install_data
[4.156s] creating /home/ribeiro/ros2_tutorial_workspace/install/the_simplest_python_package/share/ament_index
[4.156s] creating /home/ribeiro/ros2_tutorial_workspace/install/the_simplest_python_package/share/ament_index/resource_index
[4.156s] creating /home/ribeiro/ros2_tutorial_workspace/install/the_simplest_python_package/share/ament_index/resource_index/packages
[4.157s] copying resource/the_simplest_python_package -> /home/ribeiro/ros2_tutorial_workspace/install/the_simplest_python_package/share/ament_index/resource_index/packages
[4.157s] copying package.xml -> /home/ribeiro/ros2_tutorial_workspace/install/the_simplest_python_package/share/the_simplest_python_package
[4.158s] running install_egg_info
[4.160s] Copying ../../build/the_simplest_python_package/the_simplest_python_package.egg-info to /home/ribeiro/ros2_tutorial_workspace/install/the_simplest_python_package/lib/python3.10/site-packages/the_simplest_python_package-0.0.0-py3.10.egg-info
[4.165s] running install_scripts
[4.184s] writing list of installed files to '/home/ribeiro/ros2_tutorial_workspace/build/the_simplest_python_package/install.log'
[4.197s] Invoked command in '/home/ribeiro/ros2_tutorial_workspace/src/the_simplest_python_package' returned '0': PYTHONPATH=/home/ribeiro/ros2_tutorial_workspace/build/the_simplest_python_package/prefix_override:/usr/lib/python3/dist-packages/colcon_core/task/python/colcon_distutils_commands:/home/ribeiro/ros2_tutorial_workspace/install/the_simplest_python_package/lib/python3.10/site-packages:${PYTHONPATH} /usr/bin/python3 -W ignore:setup.py install is deprecated -W ignore:easy_install command is deprecated setup.py egg_info --egg-base ../../build/the_simplest_python_package build --build-base /home/ribeiro/ros2_tutorial_workspace/build/the_simplest_python_package/build install --record /home/ribeiro/ros2_tutorial_workspace/build/the_simplest_python_package/install.log --install-scripts $base/lib/the_simplest_python_package --single-version-externally-managed install_data
