[0.247s] Invoking command in '/home/ribeiro/ros2_tutorial_workspace/build/articubot_one': CMAKE_PREFIX_PATH=${CMAKE_PREFIX_PATH}:/home/ribeiro/ros2_tutorial_workspace/install/python_package_that_uses_the_library:/home/ribeiro/ros2_tutorial_workspace/install/python_package_with_a_library:/home/ribeiro/ros2_tutorial_workspace/install/python_package_that_uses_the_services:/home/ribeiro/ros2_tutorial_workspace/install/python_package_that_uses_the_messages:/home/ribeiro/ros2_tutorial_workspace/install/python_package_that_uses_parameters_and_launch_files:/home/ribeiro/install/python_package_that_uses_the_library:/home/ribeiro/install/python_package_with_a_library:/home/ribeiro/install/python_package_that_uses_the_services:/home/ribeiro/install/python_package_that_uses_the_messages:/home/ribeiro/install/python_package_that_uses_parameters_and_launch_files:/opt/ros/humble /usr/bin/cmake /home/ribeiro/ros2_tutorial_workspace/src/articubot_one -DAMENT_CMAKE_SYMLINK_INSTALL=1 -DCMAKE_INSTALL_PREFIX=/home/ribeiro/ros2_tutorial_workspace/install/articubot_one
[0.322s] -- The C compiler identification is GNU 11.4.0
[0.520s] -- The CXX compiler identification is GNU 11.4.0
[0.753s] -- Detecting C compiler ABI info
[0.853s] -- Detecting C compiler ABI info - done
[0.859s] -- Check for working C compiler: /usr/bin/cc - skipped
[0.860s] -- Detecting C compile features
[0.860s] -- Detecting C compile features - done
[0.862s] -- Detecting CXX compiler ABI info
[0.976s] -- Detecting CXX compiler ABI info - done
[0.983s] -- Check for working CXX compiler: /usr/bin/c++ - skipped
[0.985s] -- Detecting CXX compile features
[0.985s] -- Detecting CXX compile features - done
[0.986s] -- Found ament_cmake: 1.3.14 (/opt/ros/humble/share/ament_cmake/cmake)
[1.133s] -- Found Python3: /usr/bin/python3 (found version "3.10.12") found components: Interpreter 
[1.200s] -- Override CMake install command with custom implementation using symlinks instead of copying resources
[1.233s] -- Found ament_lint_auto: 0.12.15 (/opt/ros/humble/share/ament_lint_auto/cmake)
[1.319s] -- Added test 'copyright' to check source files copyright and LICENSE
[1.331s] -- Added test 'cppcheck' to perform static code analysis on C / C++ code
[1.331s] -- Configured cppcheck include dirs: 
[1.331s] -- Configured cppcheck exclude dirs and/or files: 
[1.344s] -- Added test 'cpplint' to check C / C++ code against the Google style
[1.344s] -- Configured cpplint exclude dirs and/or files: 
[1.346s] -- Added test 'flake8' to check Python code syntax and style conventions
[1.350s] -- Added test 'lint_cmake' to check CMake code style
[1.353s] -- Added test 'pep257' to check Python code against some of the docstring style conventions in PEP 257
[1.365s] -- Added test 'uncrustify' to check C / C++ code style
[1.365s] -- Configured uncrustify additional arguments: 
[1.367s] -- Added test 'xmllint' to check XML markup files
[1.370s] -- Configuring done
[1.379s] -- Generating done
[1.381s] -- Build files have been written to: /home/ribeiro/ros2_tutorial_workspace/build/articubot_one
[1.571s] Invoked command in '/home/ribeiro/ros2_tutorial_workspace/build/articubot_one' returned '0': CMAKE_PREFIX_PATH=${CMAKE_PREFIX_PATH}:/home/ribeiro/ros2_tutorial_workspace/install/python_package_that_uses_the_library:/home/ribeiro/ros2_tutorial_workspace/install/python_package_with_a_library:/home/ribeiro/ros2_tutorial_workspace/install/python_package_that_uses_the_services:/home/ribeiro/ros2_tutorial_workspace/install/python_package_that_uses_the_messages:/home/ribeiro/ros2_tutorial_workspace/install/python_package_that_uses_parameters_and_launch_files:/home/ribeiro/install/python_package_that_uses_the_library:/home/ribeiro/install/python_package_with_a_library:/home/ribeiro/install/python_package_that_uses_the_services:/home/ribeiro/install/python_package_that_uses_the_messages:/home/ribeiro/install/python_package_that_uses_parameters_and_launch_files:/opt/ros/humble /usr/bin/cmake /home/ribeiro/ros2_tutorial_workspace/src/articubot_one -DAMENT_CMAKE_SYMLINK_INSTALL=1 -DCMAKE_INSTALL_PREFIX=/home/ribeiro/ros2_tutorial_workspace/install/articubot_one
[1.573s] Invoking command in '/home/ribeiro/ros2_tutorial_workspace/build/articubot_one': CMAKE_PREFIX_PATH=${CMAKE_PREFIX_PATH}:/home/ribeiro/ros2_tutorial_workspace/install/python_package_that_uses_the_library:/home/ribeiro/ros2_tutorial_workspace/install/python_package_with_a_library:/home/ribeiro/ros2_tutorial_workspace/install/python_package_that_uses_the_services:/home/ribeiro/ros2_tutorial_workspace/install/python_package_that_uses_the_messages:/home/ribeiro/ros2_tutorial_workspace/install/python_package_that_uses_parameters_and_launch_files:/home/ribeiro/install/python_package_that_uses_the_library:/home/ribeiro/install/python_package_with_a_library:/home/ribeiro/install/python_package_that_uses_the_services:/home/ribeiro/install/python_package_that_uses_the_messages:/home/ribeiro/install/python_package_that_uses_parameters_and_launch_files:/opt/ros/humble /usr/bin/cmake --build /home/ribeiro/ros2_tutorial_workspace/build/articubot_one -- -j6 -l6
[1.613s] Invoked command in '/home/ribeiro/ros2_tutorial_workspace/build/articubot_one' returned '0': CMAKE_PREFIX_PATH=${CMAKE_PREFIX_PATH}:/home/ribeiro/ros2_tutorial_workspace/install/python_package_that_uses_the_library:/home/ribeiro/ros2_tutorial_workspace/install/python_package_with_a_library:/home/ribeiro/ros2_tutorial_workspace/install/python_package_that_uses_the_services:/home/ribeiro/ros2_tutorial_workspace/install/python_package_that_uses_the_messages:/home/ribeiro/ros2_tutorial_workspace/install/python_package_that_uses_parameters_and_launch_files:/home/ribeiro/install/python_package_that_uses_the_library:/home/ribeiro/install/python_package_with_a_library:/home/ribeiro/install/python_package_that_uses_the_services:/home/ribeiro/install/python_package_that_uses_the_messages:/home/ribeiro/install/python_package_that_uses_parameters_and_launch_files:/opt/ros/humble /usr/bin/cmake --build /home/ribeiro/ros2_tutorial_workspace/build/articubot_one -- -j6 -l6
[1.622s] Invoking command in '/home/ribeiro/ros2_tutorial_workspace/build/articubot_one': CMAKE_PREFIX_PATH=${CMAKE_PREFIX_PATH}:/home/ribeiro/ros2_tutorial_workspace/install/python_package_that_uses_the_library:/home/ribeiro/ros2_tutorial_workspace/install/python_package_with_a_library:/home/ribeiro/ros2_tutorial_workspace/install/python_package_that_uses_the_services:/home/ribeiro/ros2_tutorial_workspace/install/python_package_that_uses_the_messages:/home/ribeiro/ros2_tutorial_workspace/install/python_package_that_uses_parameters_and_launch_files:/home/ribeiro/install/python_package_that_uses_the_library:/home/ribeiro/install/python_package_with_a_library:/home/ribeiro/install/python_package_that_uses_the_services:/home/ribeiro/install/python_package_that_uses_the_messages:/home/ribeiro/install/python_package_that_uses_parameters_and_launch_files:/opt/ros/humble /usr/bin/cmake --install /home/ribeiro/ros2_tutorial_workspace/build/articubot_one
[1.628s] -- Install configuration: ""
[1.629s] -- Execute custom install script
[1.630s] -- Symlinking: /home/ribeiro/ros2_tutorial_workspace/install/articubot_one/share/articubot_one/config/ball_tracker_params_robot.yaml
[1.639s] -- Symlinking: /home/ribeiro/ros2_tutorial_workspace/install/articubot_one/share/articubot_one/config/ball_tracker_params_sim.yaml
[1.646s] -- Symlinking: /home/ribeiro/ros2_tutorial_workspace/install/articubot_one/share/articubot_one/config/drive_bot.rviz
[1.653s] -- Symlinking: /home/ribeiro/ros2_tutorial_workspace/install/articubot_one/share/articubot_one/config/empty.yaml
[1.663s] -- Symlinking: /home/ribeiro/ros2_tutorial_workspace/install/articubot_one/share/articubot_one/config/gaz_ros2_ctl_use_sim.yaml
[1.673s] -- Symlinking: /home/ribeiro/ros2_tutorial_workspace/install/articubot_one/share/articubot_one/config/gazebo_params.yaml
[1.681s] -- Symlinking: /home/ribeiro/ros2_tutorial_workspace/install/articubot_one/share/articubot_one/config/joystick.yaml
[1.689s] -- Symlinking: /home/ribeiro/ros2_tutorial_workspace/install/articubot_one/share/articubot_one/config/main.rviz
[1.702s] -- Symlinking: /home/ribeiro/ros2_tutorial_workspace/install/articubot_one/share/articubot_one/config/map.rviz
[1.710s] -- Symlinking: /home/ribeiro/ros2_tutorial_workspace/install/articubot_one/share/articubot_one/config/mapper_params_online_async.yaml
[1.719s] -- Symlinking: /home/ribeiro/ros2_tutorial_workspace/install/articubot_one/share/articubot_one/config/my_controllers.yaml
[1.727s] -- Symlinking: /home/ribeiro/ros2_tutorial_workspace/install/articubot_one/share/articubot_one/config/nav2_params.yaml
[1.736s] -- Symlinking: /home/ribeiro/ros2_tutorial_workspace/install/articubot_one/share/articubot_one/config/twist_mux.yaml
[1.743s] -- Symlinking: /home/ribeiro/ros2_tutorial_workspace/install/articubot_one/share/articubot_one/config/view_bot.rviz
[1.751s] -- Symlinking: /home/ribeiro/ros2_tutorial_workspace/install/articubot_one/share/articubot_one/description/camera.xacro
[1.760s] -- Symlinking: /home/ribeiro/ros2_tutorial_workspace/install/articubot_one/share/articubot_one/description/depth_camera.xacro
[1.767s] -- Symlinking: /home/ribeiro/ros2_tutorial_workspace/install/articubot_one/share/articubot_one/description/face.xacro
[1.776s] -- Symlinking: /home/ribeiro/ros2_tutorial_workspace/install/articubot_one/share/articubot_one/description/gazebo_control.xacro
[1.787s] -- Symlinking: /home/ribeiro/ros2_tutorial_workspace/install/articubot_one/share/articubot_one/description/inertial_macros.xacro
[1.796s] -- Symlinking: /home/ribeiro/ros2_tutorial_workspace/install/articubot_one/share/articubot_one/description/lidar.xacro
[1.802s] -- Symlinking: /home/ribeiro/ros2_tutorial_workspace/install/articubot_one/share/articubot_one/description/robot.urdf.xacro
[1.810s] -- Symlinking: /home/ribeiro/ros2_tutorial_workspace/install/articubot_one/share/articubot_one/description/robot_core.xacro
[1.816s] -- Symlinking: /home/ribeiro/ros2_tutorial_workspace/install/articubot_one/share/articubot_one/description/ros2_control.xacro
[1.825s] -- Symlinking: /home/ribeiro/ros2_tutorial_workspace/install/articubot_one/share/articubot_one/launch/ball_tracker.launch.py
[1.832s] -- Symlinking: /home/ribeiro/ros2_tutorial_workspace/install/articubot_one/share/articubot_one/launch/camera.launch.py
[1.839s] -- Symlinking: /home/ribeiro/ros2_tutorial_workspace/install/articubot_one/share/articubot_one/launch/joystick.launch.py
[1.848s] -- Symlinking: /home/ribeiro/ros2_tutorial_workspace/install/articubot_one/share/articubot_one/launch/launch_robot.launch.py
[1.856s] -- Symlinking: /home/ribeiro/ros2_tutorial_workspace/install/articubot_one/share/articubot_one/launch/launch_sim.launch.py
[1.863s] -- Symlinking: /home/ribeiro/ros2_tutorial_workspace/install/articubot_one/share/articubot_one/launch/localization_launch.py
[1.872s] -- Symlinking: /home/ribeiro/ros2_tutorial_workspace/install/articubot_one/share/articubot_one/launch/navigation_launch.py
[1.880s] -- Symlinking: /home/ribeiro/ros2_tutorial_workspace/install/articubot_one/share/articubot_one/launch/online_async_launch.py
[1.888s] -- Symlinking: /home/ribeiro/ros2_tutorial_workspace/install/articubot_one/share/articubot_one/launch/rplidar.launch.py
[1.895s] -- Symlinking: /home/ribeiro/ros2_tutorial_workspace/install/articubot_one/share/articubot_one/launch/rsp.launch.py
[1.903s] -- Symlinking: /home/ribeiro/ros2_tutorial_workspace/install/articubot_one/share/articubot_one/worlds/empty.world
[1.912s] -- Symlinking: /home/ribeiro/ros2_tutorial_workspace/install/articubot_one/share/articubot_one/worlds/obstacles.world
[1.921s] -- Symlinking: /home/ribeiro/ros2_tutorial_workspace/install/articubot_one/share/ament_index/resource_index/package_run_dependencies/articubot_one
[1.928s] -- Symlinking: /home/ribeiro/ros2_tutorial_workspace/install/articubot_one/share/ament_index/resource_index/parent_prefix_path/articubot_one
[1.936s] -- Symlinking: /home/ribeiro/ros2_tutorial_workspace/install/articubot_one/share/articubot_one/environment/ament_prefix_path.sh
[1.944s] -- Symlinking: /home/ribeiro/ros2_tutorial_workspace/install/articubot_one/share/articubot_one/environment/ament_prefix_path.dsv
[1.952s] -- Symlinking: /home/ribeiro/ros2_tutorial_workspace/install/articubot_one/share/articubot_one/environment/path.sh
[1.959s] -- Symlinking: /home/ribeiro/ros2_tutorial_workspace/install/articubot_one/share/articubot_one/environment/path.dsv
[1.967s] -- Symlinking: /home/ribeiro/ros2_tutorial_workspace/install/articubot_one/share/articubot_one/local_setup.bash
[1.979s] -- Symlinking: /home/ribeiro/ros2_tutorial_workspace/install/articubot_one/share/articubot_one/local_setup.sh
[1.988s] -- Symlinking: /home/ribeiro/ros2_tutorial_workspace/install/articubot_one/share/articubot_one/local_setup.zsh
[1.996s] -- Symlinking: /home/ribeiro/ros2_tutorial_workspace/install/articubot_one/share/articubot_one/local_setup.dsv
[2.004s] -- Symlinking: /home/ribeiro/ros2_tutorial_workspace/install/articubot_one/share/articubot_one/package.dsv
[2.011s] -- Symlinking: /home/ribeiro/ros2_tutorial_workspace/install/articubot_one/share/ament_index/resource_index/packages/articubot_one
[2.019s] -- Symlinking: /home/ribeiro/ros2_tutorial_workspace/install/articubot_one/share/articubot_one/cmake/articubot_oneConfig.cmake
[2.026s] -- Symlinking: /home/ribeiro/ros2_tutorial_workspace/install/articubot_one/share/articubot_one/cmake/articubot_oneConfig-version.cmake
[2.034s] -- Symlinking: /home/ribeiro/ros2_tutorial_workspace/install/articubot_one/share/articubot_one/package.xml
[2.046s] Invoked command in '/home/ribeiro/ros2_tutorial_workspace/build/articubot_one' returned '0': CMAKE_PREFIX_PATH=${CMAKE_PREFIX_PATH}:/home/ribeiro/ros2_tutorial_workspace/install/python_package_that_uses_the_library:/home/ribeiro/ros2_tutorial_workspace/install/python_package_with_a_library:/home/ribeiro/ros2_tutorial_workspace/install/python_package_that_uses_the_services:/home/ribeiro/ros2_tutorial_workspace/install/python_package_that_uses_the_messages:/home/ribeiro/ros2_tutorial_workspace/install/python_package_that_uses_parameters_and_launch_files:/home/ribeiro/install/python_package_that_uses_the_library:/home/ribeiro/install/python_package_with_a_library:/home/ribeiro/install/python_package_that_uses_the_services:/home/ribeiro/install/python_package_that_uses_the_messages:/home/ribeiro/install/python_package_that_uses_parameters_and_launch_files:/opt/ros/humble /usr/bin/cmake --install /home/ribeiro/ros2_tutorial_workspace/build/articubot_one
