[4.121s] Invoking command in '/home/ribeiro/ros2_tutorial_workspace/src/python_package_with_a_library': PYTHONPATH=/home/ribeiro/ros2_tutorial_workspace/build/python_package_with_a_library/prefix_override:/usr/lib/python3/dist-packages/colcon_core/task/python/colcon_distutils_commands:/home/ribeiro/ros2_tutorial_workspace/install/python_package_with_a_library/lib/python3.10/site-packages:${PYTHONPATH} /usr/bin/python3 -W ignore:setup.py install is deprecated -W ignore:easy_install command is deprecated setup.py egg_info --egg-base ../../build/python_package_with_a_library build --build-base /home/ribeiro/ros2_tutorial_workspace/build/python_package_with_a_library/build install --record /home/ribeiro/ros2_tutorial_workspace/build/python_package_with_a_library/install.log --install-scripts $base/lib/python_package_with_a_library --single-version-externally-managed install_data
[4.485s] running egg_info
[4.485s] creating ../../build/python_package_with_a_library/python_package_with_a_library.egg-info
[4.485s] writing ../../build/python_package_with_a_library/python_package_with_a_library.egg-info/PKG-INFO
[4.486s] writing dependency_links to ../../build/python_package_with_a_library/python_package_with_a_library.egg-info/dependency_links.txt
[4.487s] writing entry points to ../../build/python_package_with_a_library/python_package_with_a_library.egg-info/entry_points.txt
[4.487s] writing requirements to ../../build/python_package_with_a_library/python_package_with_a_library.egg-info/requires.txt
[4.488s] writing top-level names to ../../build/python_package_with_a_library/python_package_with_a_library.egg-info/top_level.txt
[4.488s] writing manifest file '../../build/python_package_with_a_library/python_package_with_a_library.egg-info/SOURCES.txt'
[4.490s] reading manifest file '../../build/python_package_with_a_library/python_package_with_a_library.egg-info/SOURCES.txt'
[4.491s] writing manifest file '../../build/python_package_with_a_library/python_package_with_a_library.egg-info/SOURCES.txt'
[4.492s] running build
[4.492s] running build_py
[4.492s] creating /home/ribeiro/ros2_tutorial_workspace/build/python_package_with_a_library/build
[4.492s] creating /home/ribeiro/ros2_tutorial_workspace/build/python_package_with_a_library/build/lib
[4.492s] creating /home/ribeiro/ros2_tutorial_workspace/build/python_package_with_a_library/build/lib/python_package_with_a_library
[4.493s] copying python_package_with_a_library/__init__.py -> /home/ribeiro/ros2_tutorial_workspace/build/python_package_with_a_library/build/lib/python_package_with_a_library
[4.493s] creating /home/ribeiro/ros2_tutorial_workspace/build/python_package_with_a_library/build/lib/python_package_with_a_library/sample_python_library
[4.493s] copying python_package_with_a_library/sample_python_library/_sample_class.py -> /home/ribeiro/ros2_tutorial_workspace/build/python_package_with_a_library/build/lib/python_package_with_a_library/sample_python_library
[4.494s] copying python_package_with_a_library/sample_python_library/_sample_function.py -> /home/ribeiro/ros2_tutorial_workspace/build/python_package_with_a_library/build/lib/python_package_with_a_library/sample_python_library
[4.494s] copying python_package_with_a_library/sample_python_library/__init__.py -> /home/ribeiro/ros2_tutorial_workspace/build/python_package_with_a_library/build/lib/python_package_with_a_library/sample_python_library
[4.495s] running install
[4.495s] running install_lib
[4.496s] creating /home/ribeiro/ros2_tutorial_workspace/install/python_package_with_a_library/lib/python3.10/site-packages/python_package_with_a_library
[4.497s] creating /home/ribeiro/ros2_tutorial_workspace/install/python_package_with_a_library/lib/python3.10/site-packages/python_package_with_a_library/sample_python_library
[4.497s] copying /home/ribeiro/ros2_tutorial_workspace/build/python_package_with_a_library/build/lib/python_package_with_a_library/sample_python_library/_sample_class.py -> /home/ribeiro/ros2_tutorial_workspace/install/python_package_with_a_library/lib/python3.10/site-packages/python_package_with_a_library/sample_python_library
[4.497s] copying /home/ribeiro/ros2_tutorial_workspace/build/python_package_with_a_library/build/lib/python_package_with_a_library/sample_python_library/_sample_function.py -> /home/ribeiro/ros2_tutorial_workspace/install/python_package_with_a_library/lib/python3.10/site-packages/python_package_with_a_library/sample_python_library
[4.498s] copying /home/ribeiro/ros2_tutorial_workspace/build/python_package_with_a_library/build/lib/python_package_with_a_library/sample_python_library/__init__.py -> /home/ribeiro/ros2_tutorial_workspace/install/python_package_with_a_library/lib/python3.10/site-packages/python_package_with_a_library/sample_python_library
[4.499s] copying /home/ribeiro/ros2_tutorial_workspace/build/python_package_with_a_library/build/lib/python_package_with_a_library/__init__.py -> /home/ribeiro/ros2_tutorial_workspace/install/python_package_with_a_library/lib/python3.10/site-packages/python_package_with_a_library
[4.500s] byte-compiling /home/ribeiro/ros2_tutorial_workspace/install/python_package_with_a_library/lib/python3.10/site-packages/python_package_with_a_library/sample_python_library/_sample_class.py to _sample_class.cpython-310.pyc
[4.502s] byte-compiling /home/ribeiro/ros2_tutorial_workspace/install/python_package_with_a_library/lib/python3.10/site-packages/python_package_with_a_library/sample_python_library/_sample_function.py to _sample_function.cpython-310.pyc
[4.503s] byte-compiling /home/ribeiro/ros2_tutorial_workspace/install/python_package_with_a_library/lib/python3.10/site-packages/python_package_with_a_library/sample_python_library/__init__.py to __init__.cpython-310.pyc
[4.503s] byte-compiling /home/ribeiro/ros2_tutorial_workspace/install/python_package_with_a_library/lib/python3.10/site-packages/python_package_with_a_library/__init__.py to __init__.cpython-310.pyc
[4.505s] running install_data
[4.506s] creating /home/ribeiro/ros2_tutorial_workspace/install/python_package_with_a_library/share/ament_index
[4.506s] creating /home/ribeiro/ros2_tutorial_workspace/install/python_package_with_a_library/share/ament_index/resource_index
[4.506s] creating /home/ribeiro/ros2_tutorial_workspace/install/python_package_with_a_library/share/ament_index/resource_index/packages
[4.506s] copying resource/python_package_with_a_library -> /home/ribeiro/ros2_tutorial_workspace/install/python_package_with_a_library/share/ament_index/resource_index/packages
[4.506s] copying package.xml -> /home/ribeiro/ros2_tutorial_workspace/install/python_package_with_a_library/share/python_package_with_a_library
[4.508s] running install_egg_info
[4.508s] Copying ../../build/python_package_with_a_library/python_package_with_a_library.egg-info to /home/ribeiro/ros2_tutorial_workspace/install/python_package_with_a_library/lib/python3.10/site-packages/python_package_with_a_library-0.0.0-py3.10.egg-info
[4.514s] running install_scripts
[4.533s] writing list of installed files to '/home/ribeiro/ros2_tutorial_workspace/build/python_package_with_a_library/install.log'
[4.547s] Invoked command in '/home/ribeiro/ros2_tutorial_workspace/src/python_package_with_a_library' returned '0': PYTHONPATH=/home/ribeiro/ros2_tutorial_workspace/build/python_package_with_a_library/prefix_override:/usr/lib/python3/dist-packages/colcon_core/task/python/colcon_distutils_commands:/home/ribeiro/ros2_tutorial_workspace/install/python_package_with_a_library/lib/python3.10/site-packages:${PYTHONPATH} /usr/bin/python3 -W ignore:setup.py install is deprecated -W ignore:easy_install command is deprecated setup.py egg_info --egg-base ../../build/python_package_with_a_library build --build-base /home/ribeiro/ros2_tutorial_workspace/build/python_package_with_a_library/build install --record /home/ribeiro/ros2_tutorial_workspace/build/python_package_with_a_library/install.log --install-scripts $base/lib/python_package_with_a_library --single-version-externally-managed install_data
