[0.930s] Invoking command in '/home/ribeiro/ros2_tutorial_workspace/src/python_package_that_uses_the_library': PYTHONPATH=/home/ribeiro/ros2_tutorial_workspace/build/python_package_that_uses_the_library/prefix_override:/usr/lib/python3/dist-packages/colcon_core/task/python/colcon_distutils_commands:/home/ribeiro/ros2_tutorial_workspace/install/python_package_that_uses_the_library/lib/python3.10/site-packages:${PYTHONPATH} /usr/bin/python3 -W ignore:setup.py install is deprecated -W ignore:easy_install command is deprecated setup.py egg_info --egg-base ../../build/python_package_that_uses_the_library build --build-base /home/ribeiro/ros2_tutorial_workspace/build/python_package_that_uses_the_library/build install --record /home/ribeiro/ros2_tutorial_workspace/build/python_package_that_uses_the_library/install.log --install-scripts $base/lib/python_package_that_uses_the_library --single-version-externally-managed install_data
[1.279s] running egg_info
[1.280s] creating ../../build/python_package_that_uses_the_library/python_package_that_uses_the_library.egg-info
[1.280s] writing ../../build/python_package_that_uses_the_library/python_package_that_uses_the_library.egg-info/PKG-INFO
[1.281s] writing dependency_links to ../../build/python_package_that_uses_the_library/python_package_that_uses_the_library.egg-info/dependency_links.txt
[1.282s] writing entry points to ../../build/python_package_that_uses_the_library/python_package_that_uses_the_library.egg-info/entry_points.txt
[1.282s] writing requirements to ../../build/python_package_that_uses_the_library/python_package_that_uses_the_library.egg-info/requires.txt
[1.282s] writing top-level names to ../../build/python_package_that_uses_the_library/python_package_that_uses_the_library.egg-info/top_level.txt
[1.283s] writing manifest file '../../build/python_package_that_uses_the_library/python_package_that_uses_the_library.egg-info/SOURCES.txt'
[1.285s] reading manifest file '../../build/python_package_that_uses_the_library/python_package_that_uses_the_library.egg-info/SOURCES.txt'
[1.287s] writing manifest file '../../build/python_package_that_uses_the_library/python_package_that_uses_the_library.egg-info/SOURCES.txt'
[1.287s] running build
[1.287s] running build_py
[1.287s] creating /home/ribeiro/ros2_tutorial_workspace/build/python_package_that_uses_the_library/build
[1.288s] creating /home/ribeiro/ros2_tutorial_workspace/build/python_package_that_uses_the_library/build/lib
[1.288s] creating /home/ribeiro/ros2_tutorial_workspace/build/python_package_that_uses_the_library/build/lib/python_package_that_uses_the_library
[1.288s] copying python_package_that_uses_the_library/node_that_uses_the_library.py -> /home/ribeiro/ros2_tutorial_workspace/build/python_package_that_uses_the_library/build/lib/python_package_that_uses_the_library
[1.289s] copying python_package_that_uses_the_library/__init__.py -> /home/ribeiro/ros2_tutorial_workspace/build/python_package_that_uses_the_library/build/lib/python_package_that_uses_the_library
[1.289s] running install
[1.290s] running install_lib
[1.290s] creating /home/ribeiro/ros2_tutorial_workspace/install/python_package_that_uses_the_library/lib/python3.10/site-packages/python_package_that_uses_the_library
[1.291s] copying /home/ribeiro/ros2_tutorial_workspace/build/python_package_that_uses_the_library/build/lib/python_package_that_uses_the_library/node_that_uses_the_library.py -> /home/ribeiro/ros2_tutorial_workspace/install/python_package_that_uses_the_library/lib/python3.10/site-packages/python_package_that_uses_the_library
[1.291s] copying /home/ribeiro/ros2_tutorial_workspace/build/python_package_that_uses_the_library/build/lib/python_package_that_uses_the_library/__init__.py -> /home/ribeiro/ros2_tutorial_workspace/install/python_package_that_uses_the_library/lib/python3.10/site-packages/python_package_that_uses_the_library
[1.293s] byte-compiling /home/ribeiro/ros2_tutorial_workspace/install/python_package_that_uses_the_library/lib/python3.10/site-packages/python_package_that_uses_the_library/node_that_uses_the_library.py to node_that_uses_the_library.cpython-310.pyc
[1.294s] byte-compiling /home/ribeiro/ros2_tutorial_workspace/install/python_package_that_uses_the_library/lib/python3.10/site-packages/python_package_that_uses_the_library/__init__.py to __init__.cpython-310.pyc
[1.295s] running install_data
[1.295s] creating /home/ribeiro/ros2_tutorial_workspace/install/python_package_that_uses_the_library/share/ament_index
[1.296s] creating /home/ribeiro/ros2_tutorial_workspace/install/python_package_that_uses_the_library/share/ament_index/resource_index
[1.296s] creating /home/ribeiro/ros2_tutorial_workspace/install/python_package_that_uses_the_library/share/ament_index/resource_index/packages
[1.296s] copying resource/python_package_that_uses_the_library -> /home/ribeiro/ros2_tutorial_workspace/install/python_package_that_uses_the_library/share/ament_index/resource_index/packages
[1.297s] copying package.xml -> /home/ribeiro/ros2_tutorial_workspace/install/python_package_that_uses_the_library/share/python_package_that_uses_the_library
[1.297s] running install_egg_info
[1.299s] Copying ../../build/python_package_that_uses_the_library/python_package_that_uses_the_library.egg-info to /home/ribeiro/ros2_tutorial_workspace/install/python_package_that_uses_the_library/lib/python3.10/site-packages/python_package_that_uses_the_library-0.0.0-py3.10.egg-info
[1.305s] running install_scripts
[1.324s] Installing node_that_uses_the_library script to /home/ribeiro/ros2_tutorial_workspace/install/python_package_that_uses_the_library/lib/python_package_that_uses_the_library
[1.325s] writing list of installed files to '/home/ribeiro/ros2_tutorial_workspace/build/python_package_that_uses_the_library/install.log'
[1.339s] Invoked command in '/home/ribeiro/ros2_tutorial_workspace/src/python_package_that_uses_the_library' returned '0': PYTHONPATH=/home/ribeiro/ros2_tutorial_workspace/build/python_package_that_uses_the_library/prefix_override:/usr/lib/python3/dist-packages/colcon_core/task/python/colcon_distutils_commands:/home/ribeiro/ros2_tutorial_workspace/install/python_package_that_uses_the_library/lib/python3.10/site-packages:${PYTHONPATH} /usr/bin/python3 -W ignore:setup.py install is deprecated -W ignore:easy_install command is deprecated setup.py egg_info --egg-base ../../build/python_package_that_uses_the_library build --build-base /home/ribeiro/ros2_tutorial_workspace/build/python_package_that_uses_the_library/build install --record /home/ribeiro/ros2_tutorial_workspace/build/python_package_that_uses_the_library/install.log --install-scripts $base/lib/python_package_that_uses_the_library --single-version-externally-managed install_data
