running egg_info
creating ../../build/ros2_wpilib_bridge/ros2_wpilib_bridge.egg-info
writing ../../build/ros2_wpilib_bridge/ros2_wpilib_bridge.egg-info/PKG-INFO
writing dependency_links to ../../build/ros2_wpilib_bridge/ros2_wpilib_bridge.egg-info/dependency_links.txt
writing entry points to ../../build/ros2_wpilib_bridge/ros2_wpilib_bridge.egg-info/entry_points.txt
writing requirements to ../../build/ros2_wpilib_bridge/ros2_wpilib_bridge.egg-info/requires.txt
writing top-level names to ../../build/ros2_wpilib_bridge/ros2_wpilib_bridge.egg-info/top_level.txt
writing manifest file '../../build/ros2_wpilib_bridge/ros2_wpilib_bridge.egg-info/SOURCES.txt'
reading manifest file '../../build/ros2_wpilib_bridge/ros2_wpilib_bridge.egg-info/SOURCES.txt'
writing manifest file '../../build/ros2_wpilib_bridge/ros2_wpilib_bridge.egg-info/SOURCES.txt'
running build
running build_py
creating /home/ribeiro/ros2_tutorial_workspace/build/ros2_wpilib_bridge/build
creating /home/ribeiro/ros2_tutorial_workspace/build/ros2_wpilib_bridge/build/lib
creating /home/ribeiro/ros2_tutorial_workspace/build/ros2_wpilib_bridge/build/lib/ros2_wpilib_bridge
copying ros2_wpilib_bridge/nt_publisher_node.py -> /home/ribeiro/ros2_tutorial_workspace/build/ros2_wpilib_bridge/build/lib/ros2_wpilib_bridge
copying ros2_wpilib_bridge/__init__.py -> /home/ribeiro/ros2_tutorial_workspace/build/ros2_wpilib_bridge/build/lib/ros2_wpilib_bridge
running install
running install_lib
creating /home/ribeiro/ros2_tutorial_workspace/install/ros2_wpilib_bridge/lib/python3.10/site-packages/ros2_wpilib_bridge
copying /home/ribeiro/ros2_tutorial_workspace/build/ros2_wpilib_bridge/build/lib/ros2_wpilib_bridge/nt_publisher_node.py -> /home/ribeiro/ros2_tutorial_workspace/install/ros2_wpilib_bridge/lib/python3.10/site-packages/ros2_wpilib_bridge
copying /home/ribeiro/ros2_tutorial_workspace/build/ros2_wpilib_bridge/build/lib/ros2_wpilib_bridge/__init__.py -> /home/ribeiro/ros2_tutorial_workspace/install/ros2_wpilib_bridge/lib/python3.10/site-packages/ros2_wpilib_bridge
byte-compiling /home/ribeiro/ros2_tutorial_workspace/install/ros2_wpilib_bridge/lib/python3.10/site-packages/ros2_wpilib_bridge/nt_publisher_node.py to nt_publisher_node.cpython-310.pyc
byte-compiling /home/ribeiro/ros2_tutorial_workspace/install/ros2_wpilib_bridge/lib/python3.10/site-packages/ros2_wpilib_bridge/__init__.py to __init__.cpython-310.pyc
running install_data
creating /home/ribeiro/ros2_tutorial_workspace/install/ros2_wpilib_bridge/share/ament_index
creating /home/ribeiro/ros2_tutorial_workspace/install/ros2_wpilib_bridge/share/ament_index/resource_index
creating /home/ribeiro/ros2_tutorial_workspace/install/ros2_wpilib_bridge/share/ament_index/resource_index/packages
copying resource/ros2_wpilib_bridge -> /home/ribeiro/ros2_tutorial_workspace/install/ros2_wpilib_bridge/share/ament_index/resource_index/packages
copying package.xml -> /home/ribeiro/ros2_tutorial_workspace/install/ros2_wpilib_bridge/share/ros2_wpilib_bridge
running install_egg_info
Copying ../../build/ros2_wpilib_bridge/ros2_wpilib_bridge.egg-info to /home/ribeiro/ros2_tutorial_workspace/install/ros2_wpilib_bridge/lib/python3.10/site-packages/ros2_wpilib_bridge-0.0.0-py3.10.egg-info
running install_scripts
Installing nt_publisher script to /home/ribeiro/ros2_tutorial_workspace/install/ros2_wpilib_bridge/lib/ros2_wpilib_bridge
writing list of installed files to '/home/ribeiro/ros2_tutorial_workspace/build/ros2_wpilib_bridge/install.log'
