[0.546s] Invoking command in '/home/ribeiro/ros2_tutorial_workspace/src/ros2_wpilib_bridge': PYTHONPATH=/home/ribeiro/ros2_tutorial_workspace/build/ros2_wpilib_bridge/prefix_override:/usr/lib/python3/dist-packages/colcon_core/task/python/colcon_distutils_commands:/home/ribeiro/ros2_tutorial_workspace/install/ros2_wpilib_bridge/lib/python3.10/site-packages:${PYTHONPATH} /usr/bin/python3 -W ignore:setup.py install is deprecated -W ignore:easy_install command is deprecated setup.py egg_info --egg-base ../../build/ros2_wpilib_bridge build --build-base /home/ribeiro/ros2_tutorial_workspace/build/ros2_wpilib_bridge/build install --record /home/ribeiro/ros2_tutorial_workspace/build/ros2_wpilib_bridge/install.log --install-scripts $base/lib/ros2_wpilib_bridge --single-version-externally-managed install_data
[0.708s] running egg_info
[0.709s] creating ../../build/ros2_wpilib_bridge/ros2_wpilib_bridge.egg-info
[0.709s] writing ../../build/ros2_wpilib_bridge/ros2_wpilib_bridge.egg-info/PKG-INFO
[0.709s] writing dependency_links to ../../build/ros2_wpilib_bridge/ros2_wpilib_bridge.egg-info/dependency_links.txt
[0.710s] writing entry points to ../../build/ros2_wpilib_bridge/ros2_wpilib_bridge.egg-info/entry_points.txt
[0.710s] writing requirements to ../../build/ros2_wpilib_bridge/ros2_wpilib_bridge.egg-info/requires.txt
[0.710s] writing top-level names to ../../build/ros2_wpilib_bridge/ros2_wpilib_bridge.egg-info/top_level.txt
[0.710s] writing manifest file '../../build/ros2_wpilib_bridge/ros2_wpilib_bridge.egg-info/SOURCES.txt'
[0.711s] reading manifest file '../../build/ros2_wpilib_bridge/ros2_wpilib_bridge.egg-info/SOURCES.txt'
[0.711s] writing manifest file '../../build/ros2_wpilib_bridge/ros2_wpilib_bridge.egg-info/SOURCES.txt'
[0.712s] running build
[0.712s] running build_py
[0.712s] creating /home/ribeiro/ros2_tutorial_workspace/build/ros2_wpilib_bridge/build
[0.712s] creating /home/ribeiro/ros2_tutorial_workspace/build/ros2_wpilib_bridge/build/lib
[0.713s] creating /home/ribeiro/ros2_tutorial_workspace/build/ros2_wpilib_bridge/build/lib/ros2_wpilib_bridge
[0.713s] copying ros2_wpilib_bridge/nt_publisher_node.py -> /home/ribeiro/ros2_tutorial_workspace/build/ros2_wpilib_bridge/build/lib/ros2_wpilib_bridge
[0.713s] copying ros2_wpilib_bridge/__init__.py -> /home/ribeiro/ros2_tutorial_workspace/build/ros2_wpilib_bridge/build/lib/ros2_wpilib_bridge
[0.713s] running install
[0.713s] running install_lib
[0.714s] creating /home/ribeiro/ros2_tutorial_workspace/install/ros2_wpilib_bridge/lib/python3.10/site-packages/ros2_wpilib_bridge
[0.714s] copying /home/ribeiro/ros2_tutorial_workspace/build/ros2_wpilib_bridge/build/lib/ros2_wpilib_bridge/nt_publisher_node.py -> /home/ribeiro/ros2_tutorial_workspace/install/ros2_wpilib_bridge/lib/python3.10/site-packages/ros2_wpilib_bridge
[0.714s] copying /home/ribeiro/ros2_tutorial_workspace/build/ros2_wpilib_bridge/build/lib/ros2_wpilib_bridge/__init__.py -> /home/ribeiro/ros2_tutorial_workspace/install/ros2_wpilib_bridge/lib/python3.10/site-packages/ros2_wpilib_bridge
[0.714s] byte-compiling /home/ribeiro/ros2_tutorial_workspace/install/ros2_wpilib_bridge/lib/python3.10/site-packages/ros2_wpilib_bridge/nt_publisher_node.py to nt_publisher_node.cpython-310.pyc
[0.715s] byte-compiling /home/ribeiro/ros2_tutorial_workspace/install/ros2_wpilib_bridge/lib/python3.10/site-packages/ros2_wpilib_bridge/__init__.py to __init__.cpython-310.pyc
[0.715s] running install_data
[0.715s] creating /home/ribeiro/ros2_tutorial_workspace/install/ros2_wpilib_bridge/share/ament_index
[0.715s] creating /home/ribeiro/ros2_tutorial_workspace/install/ros2_wpilib_bridge/share/ament_index/resource_index
[0.716s] creating /home/ribeiro/ros2_tutorial_workspace/install/ros2_wpilib_bridge/share/ament_index/resource_index/packages
[0.716s] copying resource/ros2_wpilib_bridge -> /home/ribeiro/ros2_tutorial_workspace/install/ros2_wpilib_bridge/share/ament_index/resource_index/packages
[0.716s] copying package.xml -> /home/ribeiro/ros2_tutorial_workspace/install/ros2_wpilib_bridge/share/ros2_wpilib_bridge
[0.716s] running install_egg_info
[0.717s] Copying ../../build/ros2_wpilib_bridge/ros2_wpilib_bridge.egg-info to /home/ribeiro/ros2_tutorial_workspace/install/ros2_wpilib_bridge/lib/python3.10/site-packages/ros2_wpilib_bridge-0.0.0-py3.10.egg-info
[0.719s] running install_scripts
[0.732s] Installing nt_publisher script to /home/ribeiro/ros2_tutorial_workspace/install/ros2_wpilib_bridge/lib/ros2_wpilib_bridge
[0.732s] writing list of installed files to '/home/ribeiro/ros2_tutorial_workspace/build/ros2_wpilib_bridge/install.log'
[0.747s] Invoked command in '/home/ribeiro/ros2_tutorial_workspace/src/ros2_wpilib_bridge' returned '0': PYTHONPATH=/home/ribeiro/ros2_tutorial_workspace/build/ros2_wpilib_bridge/prefix_override:/usr/lib/python3/dist-packages/colcon_core/task/python/colcon_distutils_commands:/home/ribeiro/ros2_tutorial_workspace/install/ros2_wpilib_bridge/lib/python3.10/site-packages:${PYTHONPATH} /usr/bin/python3 -W ignore:setup.py install is deprecated -W ignore:easy_install command is deprecated setup.py egg_info --egg-base ../../build/ros2_wpilib_bridge build --build-base /home/ribeiro/ros2_tutorial_workspace/build/ros2_wpilib_bridge/build install --record /home/ribeiro/ros2_tutorial_workspace/build/ros2_wpilib_bridge/install.log --install-scripts $base/lib/ros2_wpilib_bridge --single-version-externally-managed install_data
