[2.079s] Invoking command in '/home/ribeiro/ros2_tutorial_workspace/src/python_package_that_uses_the_messages': CMAKE_PREFIX_PATH=/home/ribeiro/ros2_tutorial_workspace/install/package_with_interfaces:/home/ribeiro/ros2_tutorial_workspace/install/cpp_package_with_a_node PYTHONPATH=/home/ribeiro/ros2_tutorial_workspace/build/python_package_that_uses_the_messages/prefix_override:/usr/lib/python3/dist-packages/colcon_core/task/python/colcon_distutils_commands:/home/ribeiro/ros2_tutorial_workspace/install/python_package_that_uses_the_messages/lib/python3.10/site-packages:${PYTHONPATH} /usr/bin/python3 -W ignore:setup.py install is deprecated -W ignore:easy_install command is deprecated setup.py egg_info --egg-base ../../build/python_package_that_uses_the_messages build --build-base /home/ribeiro/ros2_tutorial_workspace/build/python_package_that_uses_the_messages/build install --record /home/ribeiro/ros2_tutorial_workspace/build/python_package_that_uses_the_messages/install.log --install-scripts $base/lib/python_package_that_uses_the_messages --single-version-externally-managed install_data
[2.687s] running egg_info
[2.687s] writing ../../build/python_package_that_uses_the_messages/python_package_that_uses_the_messages.egg-info/PKG-INFO
[2.688s] writing dependency_links to ../../build/python_package_that_uses_the_messages/python_package_that_uses_the_messages.egg-info/dependency_links.txt
[2.688s] writing entry points to ../../build/python_package_that_uses_the_messages/python_package_that_uses_the_messages.egg-info/entry_points.txt
[2.689s] writing requirements to ../../build/python_package_that_uses_the_messages/python_package_that_uses_the_messages.egg-info/requires.txt
[2.690s] writing top-level names to ../../build/python_package_that_uses_the_messages/python_package_that_uses_the_messages.egg-info/top_level.txt
[2.698s] reading manifest file '../../build/python_package_that_uses_the_messages/python_package_that_uses_the_messages.egg-info/SOURCES.txt'
[2.703s] writing manifest file '../../build/python_package_that_uses_the_messages/python_package_that_uses_the_messages.egg-info/SOURCES.txt'
[2.703s] running build
[2.703s] running build_py
[2.703s] running install
[2.703s] running install_lib
[2.703s] running install_data
[2.703s] running install_egg_info
[2.709s] removing '/home/ribeiro/ros2_tutorial_workspace/install/python_package_that_uses_the_messages/lib/python3.10/site-packages/python_package_that_uses_the_messages-0.0.0-py3.10.egg-info' (and everything under it)
[2.710s] Copying ../../build/python_package_that_uses_the_messages/python_package_that_uses_the_messages.egg-info to /home/ribeiro/ros2_tutorial_workspace/install/python_package_that_uses_the_messages/lib/python3.10/site-packages/python_package_that_uses_the_messages-0.0.0-py3.10.egg-info
[2.718s] running install_scripts
[2.744s] Installing amazing_quote_publisher_node script to /home/ribeiro/ros2_tutorial_workspace/install/python_package_that_uses_the_messages/lib/python_package_that_uses_the_messages
[2.745s] Installing amazing_quote_subscriber_node script to /home/ribeiro/ros2_tutorial_workspace/install/python_package_that_uses_the_messages/lib/python_package_that_uses_the_messages
[2.745s] writing list of installed files to '/home/ribeiro/ros2_tutorial_workspace/build/python_package_that_uses_the_messages/install.log'
[2.792s] Invoked command in '/home/ribeiro/ros2_tutorial_workspace/src/python_package_that_uses_the_messages' returned '0': CMAKE_PREFIX_PATH=/home/ribeiro/ros2_tutorial_workspace/install/package_with_interfaces:/home/ribeiro/ros2_tutorial_workspace/install/cpp_package_with_a_node PYTHONPATH=/home/ribeiro/ros2_tutorial_workspace/build/python_package_that_uses_the_messages/prefix_override:/usr/lib/python3/dist-packages/colcon_core/task/python/colcon_distutils_commands:/home/ribeiro/ros2_tutorial_workspace/install/python_package_that_uses_the_messages/lib/python3.10/site-packages:${PYTHONPATH} /usr/bin/python3 -W ignore:setup.py install is deprecated -W ignore:easy_install command is deprecated setup.py egg_info --egg-base ../../build/python_package_that_uses_the_messages build --build-base /home/ribeiro/ros2_tutorial_workspace/build/python_package_that_uses_the_messages/build install --record /home/ribeiro/ros2_tutorial_workspace/build/python_package_that_uses_the_messages/install.log --install-scripts $base/lib/python_package_that_uses_the_messages --single-version-externally-managed install_data
