running develop
Removing /home/ribeiro/ros2_tutorial_workspace/install/python_package_with_a_library/lib/python3.10/site-packages/python-package-with-a-library.egg-link (link to .)
running egg_info
writing ../../build/python_package_with_a_library/python_package_with_a_library.egg-info/PKG-INFO
writing dependency_links to ../../build/python_package_with_a_library/python_package_with_a_library.egg-info/dependency_links.txt
writing entry points to ../../build/python_package_with_a_library/python_package_with_a_library.egg-info/entry_points.txt
writing requirements to ../../build/python_package_with_a_library/python_package_with_a_library.egg-info/requires.txt
writing top-level names to ../../build/python_package_with_a_library/python_package_with_a_library.egg-info/top_level.txt
reading manifest file '../../build/python_package_with_a_library/python_package_with_a_library.egg-info/SOURCES.txt'
writing manifest file '../../build/python_package_with_a_library/python_package_with_a_library.egg-info/SOURCES.txt'
running build
running build_py
running install
running install_lib
creating /home/ribeiro/ros2_tutorial_workspace/install/python_package_with_a_library/lib/python3.10/site-packages/python_package_with_a_library
creating /home/ribeiro/ros2_tutorial_workspace/install/python_package_with_a_library/lib/python3.10/site-packages/python_package_with_a_library/sample_python_library
copying /home/ribeiro/ros2_tutorial_workspace/build/python_package_with_a_library/build/lib/python_package_with_a_library/sample_python_library/__init__.py -> /home/ribeiro/ros2_tutorial_workspace/install/python_package_with_a_library/lib/python3.10/site-packages/python_package_with_a_library/sample_python_library
copying /home/ribeiro/ros2_tutorial_workspace/build/python_package_with_a_library/build/lib/python_package_with_a_library/sample_python_library/_sample_function.py -> /home/ribeiro/ros2_tutorial_workspace/install/python_package_with_a_library/lib/python3.10/site-packages/python_package_with_a_library/sample_python_library
copying /home/ribeiro/ros2_tutorial_workspace/build/python_package_with_a_library/build/lib/python_package_with_a_library/sample_python_library/_sample_class.py -> /home/ribeiro/ros2_tutorial_workspace/install/python_package_with_a_library/lib/python3.10/site-packages/python_package_with_a_library/sample_python_library
copying /home/ribeiro/ros2_tutorial_workspace/build/python_package_with_a_library/build/lib/python_package_with_a_library/__init__.py -> /home/ribeiro/ros2_tutorial_workspace/install/python_package_with_a_library/lib/python3.10/site-packages/python_package_with_a_library
byte-compiling /home/ribeiro/ros2_tutorial_workspace/install/python_package_with_a_library/lib/python3.10/site-packages/python_package_with_a_library/sample_python_library/__init__.py to __init__.cpython-310.pyc
byte-compiling /home/ribeiro/ros2_tutorial_workspace/install/python_package_with_a_library/lib/python3.10/site-packages/python_package_with_a_library/sample_python_library/_sample_function.py to _sample_function.cpython-310.pyc
byte-compiling /home/ribeiro/ros2_tutorial_workspace/install/python_package_with_a_library/lib/python3.10/site-packages/python_package_with_a_library/sample_python_library/_sample_class.py to _sample_class.cpython-310.pyc
byte-compiling /home/ribeiro/ros2_tutorial_workspace/install/python_package_with_a_library/lib/python3.10/site-packages/python_package_with_a_library/__init__.py to __init__.cpython-310.pyc
running install_data
copying resource/python_package_with_a_library -> /home/ribeiro/ros2_tutorial_workspace/install/python_package_with_a_library/share/ament_index/resource_index/packages
copying package.xml -> /home/ribeiro/ros2_tutorial_workspace/install/python_package_with_a_library/share/python_package_with_a_library
running install_egg_info
Copying ../../build/python_package_with_a_library/python_package_with_a_library.egg-info to /home/ribeiro/ros2_tutorial_workspace/install/python_package_with_a_library/lib/python3.10/site-packages/python_package_with_a_library-0.0.0-py3.10.egg-info
running install_scripts
writing list of installed files to '/home/ribeiro/ros2_tutorial_workspace/build/python_package_with_a_library/install.log'
