[0.592s] Invoking command in '/home/ribeiro/ros2_tutorial_workspace/build/python_package_with_a_library': PYTHONPATH=/home/ribeiro/ros2_tutorial_workspace/build/python_package_with_a_library/prefix_override:/usr/lib/python3/dist-packages/colcon_core/task/python/colcon_distutils_commands:/home/ribeiro/ros2_tutorial_workspace/install/python_package_with_a_library/lib/python3.10/site-packages:${PYTHONPATH} /usr/bin/python3 -W ignore:setup.py install is deprecated -W ignore:easy_install command is deprecated setup.py develop --uninstall --editable --build-directory /home/ribeiro/ros2_tutorial_workspace/build/python_package_with_a_library/build
[0.761s] running develop
[0.869s] Removing /home/ribeiro/ros2_tutorial_workspace/install/python_package_with_a_library/lib/python3.10/site-packages/python-package-with-a-library.egg-link (link to .)
[0.887s] Invoked command in '/home/ribeiro/ros2_tutorial_workspace/build/python_package_with_a_library' returned '0': PYTHONPATH=/home/ribeiro/ros2_tutorial_workspace/build/python_package_with_a_library/prefix_override:/usr/lib/python3/dist-packages/colcon_core/task/python/colcon_distutils_commands:/home/ribeiro/ros2_tutorial_workspace/install/python_package_with_a_library/lib/python3.10/site-packages:${PYTHONPATH} /usr/bin/python3 -W ignore:setup.py install is deprecated -W ignore:easy_install command is deprecated setup.py develop --uninstall --editable --build-directory /home/ribeiro/ros2_tutorial_workspace/build/python_package_with_a_library/build
[0.889s] Invoking command in '/home/ribeiro/ros2_tutorial_workspace/src/python_package_with_a_library': PYTHONPATH=/home/ribeiro/ros2_tutorial_workspace/build/python_package_with_a_library/prefix_override:/usr/lib/python3/dist-packages/colcon_core/task/python/colcon_distutils_commands:/home/ribeiro/ros2_tutorial_workspace/install/python_package_with_a_library/lib/python3.10/site-packages:${PYTHONPATH} /usr/bin/python3 -W ignore:setup.py install is deprecated -W ignore:easy_install command is deprecated setup.py egg_info --egg-base ../../build/python_package_with_a_library build --build-base /home/ribeiro/ros2_tutorial_workspace/build/python_package_with_a_library/build install --record /home/ribeiro/ros2_tutorial_workspace/build/python_package_with_a_library/install.log --install-scripts $base/lib/python_package_with_a_library --single-version-externally-managed install_data --force
[1.044s] running egg_info
[1.044s] writing ../../build/python_package_with_a_library/python_package_with_a_library.egg-info/PKG-INFO
[1.045s] writing dependency_links to ../../build/python_package_with_a_library/python_package_with_a_library.egg-info/dependency_links.txt
[1.045s] writing entry points to ../../build/python_package_with_a_library/python_package_with_a_library.egg-info/entry_points.txt
[1.045s] writing requirements to ../../build/python_package_with_a_library/python_package_with_a_library.egg-info/requires.txt
[1.045s] writing top-level names to ../../build/python_package_with_a_library/python_package_with_a_library.egg-info/top_level.txt
[1.046s] reading manifest file '../../build/python_package_with_a_library/python_package_with_a_library.egg-info/SOURCES.txt'
[1.047s] writing manifest file '../../build/python_package_with_a_library/python_package_with_a_library.egg-info/SOURCES.txt'
[1.048s] running build
[1.048s] running build_py
[1.048s] running install
[1.048s] running install_lib
[1.048s] creating /home/ribeiro/ros2_tutorial_workspace/install/python_package_with_a_library/lib/python3.10/site-packages/python_package_with_a_library
[1.049s] creating /home/ribeiro/ros2_tutorial_workspace/install/python_package_with_a_library/lib/python3.10/site-packages/python_package_with_a_library/sample_python_library
[1.049s] copying /home/ribeiro/ros2_tutorial_workspace/build/python_package_with_a_library/build/lib/python_package_with_a_library/sample_python_library/__init__.py -> /home/ribeiro/ros2_tutorial_workspace/install/python_package_with_a_library/lib/python3.10/site-packages/python_package_with_a_library/sample_python_library
[1.049s] copying /home/ribeiro/ros2_tutorial_workspace/build/python_package_with_a_library/build/lib/python_package_with_a_library/sample_python_library/_sample_function.py -> /home/ribeiro/ros2_tutorial_workspace/install/python_package_with_a_library/lib/python3.10/site-packages/python_package_with_a_library/sample_python_library
[1.049s] copying /home/ribeiro/ros2_tutorial_workspace/build/python_package_with_a_library/build/lib/python_package_with_a_library/sample_python_library/_sample_class.py -> /home/ribeiro/ros2_tutorial_workspace/install/python_package_with_a_library/lib/python3.10/site-packages/python_package_with_a_library/sample_python_library
[1.050s] copying /home/ribeiro/ros2_tutorial_workspace/build/python_package_with_a_library/build/lib/python_package_with_a_library/__init__.py -> /home/ribeiro/ros2_tutorial_workspace/install/python_package_with_a_library/lib/python3.10/site-packages/python_package_with_a_library
[1.050s] byte-compiling /home/ribeiro/ros2_tutorial_workspace/install/python_package_with_a_library/lib/python3.10/site-packages/python_package_with_a_library/sample_python_library/__init__.py to __init__.cpython-310.pyc
[1.050s] byte-compiling /home/ribeiro/ros2_tutorial_workspace/install/python_package_with_a_library/lib/python3.10/site-packages/python_package_with_a_library/sample_python_library/_sample_function.py to _sample_function.cpython-310.pyc
[1.051s] byte-compiling /home/ribeiro/ros2_tutorial_workspace/install/python_package_with_a_library/lib/python3.10/site-packages/python_package_with_a_library/sample_python_library/_sample_class.py to _sample_class.cpython-310.pyc
[1.051s] byte-compiling /home/ribeiro/ros2_tutorial_workspace/install/python_package_with_a_library/lib/python3.10/site-packages/python_package_with_a_library/__init__.py to __init__.cpython-310.pyc
[1.051s] running install_data
[1.051s] copying resource/python_package_with_a_library -> /home/ribeiro/ros2_tutorial_workspace/install/python_package_with_a_library/share/ament_index/resource_index/packages
[1.052s] copying package.xml -> /home/ribeiro/ros2_tutorial_workspace/install/python_package_with_a_library/share/python_package_with_a_library
[1.052s] running install_egg_info
[1.053s] Copying ../../build/python_package_with_a_library/python_package_with_a_library.egg-info to /home/ribeiro/ros2_tutorial_workspace/install/python_package_with_a_library/lib/python3.10/site-packages/python_package_with_a_library-0.0.0-py3.10.egg-info
[1.054s] running install_scripts
[1.070s] writing list of installed files to '/home/ribeiro/ros2_tutorial_workspace/build/python_package_with_a_library/install.log'
[1.086s] Invoked command in '/home/ribeiro/ros2_tutorial_workspace/src/python_package_with_a_library' returned '0': PYTHONPATH=/home/ribeiro/ros2_tutorial_workspace/build/python_package_with_a_library/prefix_override:/usr/lib/python3/dist-packages/colcon_core/task/python/colcon_distutils_commands:/home/ribeiro/ros2_tutorial_workspace/install/python_package_with_a_library/lib/python3.10/site-packages:${PYTHONPATH} /usr/bin/python3 -W ignore:setup.py install is deprecated -W ignore:easy_install command is deprecated setup.py egg_info --egg-base ../../build/python_package_with_a_library build --build-base /home/ribeiro/ros2_tutorial_workspace/build/python_package_with_a_library/build install --record /home/ribeiro/ros2_tutorial_workspace/build/python_package_with_a_library/install.log --install-scripts $base/lib/python_package_with_a_library --single-version-externally-managed install_data --force
