[1.130s] Invoking command in '/home/ribeiro/ros2_tutorial_workspace/build/python_package_that_uses_the_services': PYTHONPATH=/home/ribeiro/ros2_tutorial_workspace/build/python_package_that_uses_the_services/prefix_override:/usr/lib/python3/dist-packages/colcon_core/task/python/colcon_distutils_commands:/home/ribeiro/ros2_tutorial_workspace/install/python_package_that_uses_the_services/lib/python3.10/site-packages:${PYTHONPATH} /usr/bin/python3 -W ignore:setup.py install is deprecated -W ignore:easy_install command is deprecated setup.py develop --uninstall --editable --build-directory /home/ribeiro/ros2_tutorial_workspace/build/python_package_that_uses_the_services/build
[1.381s] running develop
[1.532s] Removing /home/ribeiro/ros2_tutorial_workspace/install/python_package_that_uses_the_services/lib/python3.10/site-packages/python-package-that-uses-the-services.egg-link (link to .)
[1.559s] Invoked command in '/home/ribeiro/ros2_tutorial_workspace/build/python_package_that_uses_the_services' returned '0': PYTHONPATH=/home/ribeiro/ros2_tutorial_workspace/build/python_package_that_uses_the_services/prefix_override:/usr/lib/python3/dist-packages/colcon_core/task/python/colcon_distutils_commands:/home/ribeiro/ros2_tutorial_workspace/install/python_package_that_uses_the_services/lib/python3.10/site-packages:${PYTHONPATH} /usr/bin/python3 -W ignore:setup.py install is deprecated -W ignore:easy_install command is deprecated setup.py develop --uninstall --editable --build-directory /home/ribeiro/ros2_tutorial_workspace/build/python_package_that_uses_the_services/build
[1.560s] Invoking command in '/home/ribeiro/ros2_tutorial_workspace/src/python_package_that_uses_the_services': PYTHONPATH=/home/ribeiro/ros2_tutorial_workspace/build/python_package_that_uses_the_services/prefix_override:/usr/lib/python3/dist-packages/colcon_core/task/python/colcon_distutils_commands:/home/ribeiro/ros2_tutorial_workspace/install/python_package_that_uses_the_services/lib/python3.10/site-packages:${PYTHONPATH} /usr/bin/python3 -W ignore:setup.py install is deprecated -W ignore:easy_install command is deprecated setup.py egg_info --egg-base ../../build/python_package_that_uses_the_services build --build-base /home/ribeiro/ros2_tutorial_workspace/build/python_package_that_uses_the_services/build install --record /home/ribeiro/ros2_tutorial_workspace/build/python_package_that_uses_the_services/install.log --install-scripts $base/lib/python_package_that_uses_the_services --single-version-externally-managed install_data --force
[1.763s] running egg_info
[1.764s] writing ../../build/python_package_that_uses_the_services/python_package_that_uses_the_services.egg-info/PKG-INFO
[1.764s] writing dependency_links to ../../build/python_package_that_uses_the_services/python_package_that_uses_the_services.egg-info/dependency_links.txt
[1.764s] writing entry points to ../../build/python_package_that_uses_the_services/python_package_that_uses_the_services.egg-info/entry_points.txt
[1.765s] writing requirements to ../../build/python_package_that_uses_the_services/python_package_that_uses_the_services.egg-info/requires.txt
[1.765s] writing top-level names to ../../build/python_package_that_uses_the_services/python_package_that_uses_the_services.egg-info/top_level.txt
[1.765s] reading manifest file '../../build/python_package_that_uses_the_services/python_package_that_uses_the_services.egg-info/SOURCES.txt'
[1.766s] writing manifest file '../../build/python_package_that_uses_the_services/python_package_that_uses_the_services.egg-info/SOURCES.txt'
[1.766s] running build
[1.767s] running build_py
[1.767s] creating /home/ribeiro/ros2_tutorial_workspace/build/python_package_that_uses_the_services/build
[1.767s] creating /home/ribeiro/ros2_tutorial_workspace/build/python_package_that_uses_the_services/build/lib
[1.767s] creating /home/ribeiro/ros2_tutorial_workspace/build/python_package_that_uses_the_services/build/lib/python_package_that_uses_the_services
[1.769s] copying python_package_that_uses_the_services/what_is_the_point_service_server_node.py -> /home/ribeiro/ros2_tutorial_workspace/build/python_package_that_uses_the_services/build/lib/python_package_that_uses_the_services
[1.769s] copying python_package_that_uses_the_services/what_is_the_point_service_client_node.py -> /home/ribeiro/ros2_tutorial_workspace/build/python_package_that_uses_the_services/build/lib/python_package_that_uses_the_services
[1.769s] copying python_package_that_uses_the_services/__init__.py -> /home/ribeiro/ros2_tutorial_workspace/build/python_package_that_uses_the_services/build/lib/python_package_that_uses_the_services
[1.769s] running install
[1.772s] running install_lib
[1.772s] creating /home/ribeiro/ros2_tutorial_workspace/install/python_package_that_uses_the_services/lib/python3.10/site-packages/python_package_that_uses_the_services
[1.773s] copying /home/ribeiro/ros2_tutorial_workspace/build/python_package_that_uses_the_services/build/lib/python_package_that_uses_the_services/what_is_the_point_service_server_node.py -> /home/ribeiro/ros2_tutorial_workspace/install/python_package_that_uses_the_services/lib/python3.10/site-packages/python_package_that_uses_the_services
[1.773s] copying /home/ribeiro/ros2_tutorial_workspace/build/python_package_that_uses_the_services/build/lib/python_package_that_uses_the_services/what_is_the_point_service_client_node.py -> /home/ribeiro/ros2_tutorial_workspace/install/python_package_that_uses_the_services/lib/python3.10/site-packages/python_package_that_uses_the_services
[1.773s] copying /home/ribeiro/ros2_tutorial_workspace/build/python_package_that_uses_the_services/build/lib/python_package_that_uses_the_services/__init__.py -> /home/ribeiro/ros2_tutorial_workspace/install/python_package_that_uses_the_services/lib/python3.10/site-packages/python_package_that_uses_the_services
[1.774s] byte-compiling /home/ribeiro/ros2_tutorial_workspace/install/python_package_that_uses_the_services/lib/python3.10/site-packages/python_package_that_uses_the_services/what_is_the_point_service_server_node.py to what_is_the_point_service_server_node.cpython-310.pyc
[1.778s] byte-compiling /home/ribeiro/ros2_tutorial_workspace/install/python_package_that_uses_the_services/lib/python3.10/site-packages/python_package_that_uses_the_services/what_is_the_point_service_client_node.py to what_is_the_point_service_client_node.cpython-310.pyc
[1.778s] byte-compiling /home/ribeiro/ros2_tutorial_workspace/install/python_package_that_uses_the_services/lib/python3.10/site-packages/python_package_that_uses_the_services/__init__.py to __init__.cpython-310.pyc
[1.778s] running install_data
[1.778s] copying resource/python_package_that_uses_the_services -> /home/ribeiro/ros2_tutorial_workspace/install/python_package_that_uses_the_services/share/ament_index/resource_index/packages
[1.779s] copying package.xml -> /home/ribeiro/ros2_tutorial_workspace/install/python_package_that_uses_the_services/share/python_package_that_uses_the_services
[1.779s] running install_egg_info
[1.779s] Copying ../../build/python_package_that_uses_the_services/python_package_that_uses_the_services.egg-info to /home/ribeiro/ros2_tutorial_workspace/install/python_package_that_uses_the_services/lib/python3.10/site-packages/python_package_that_uses_the_services-0.0.0-py3.10.egg-info
[1.803s] running install_scripts
[1.818s] Installing what_is_the_point_service_client_node script to /home/ribeiro/ros2_tutorial_workspace/install/python_package_that_uses_the_services/lib/python_package_that_uses_the_services
[1.818s] Installing what_is_the_point_service_server_node script to /home/ribeiro/ros2_tutorial_workspace/install/python_package_that_uses_the_services/lib/python_package_that_uses_the_services
[1.819s] writing list of installed files to '/home/ribeiro/ros2_tutorial_workspace/build/python_package_that_uses_the_services/install.log'
[1.835s] Invoked command in '/home/ribeiro/ros2_tutorial_workspace/src/python_package_that_uses_the_services' returned '0': PYTHONPATH=/home/ribeiro/ros2_tutorial_workspace/build/python_package_that_uses_the_services/prefix_override:/usr/lib/python3/dist-packages/colcon_core/task/python/colcon_distutils_commands:/home/ribeiro/ros2_tutorial_workspace/install/python_package_that_uses_the_services/lib/python3.10/site-packages:${PYTHONPATH} /usr/bin/python3 -W ignore:setup.py install is deprecated -W ignore:easy_install command is deprecated setup.py egg_info --egg-base ../../build/python_package_that_uses_the_services build --build-base /home/ribeiro/ros2_tutorial_workspace/build/python_package_that_uses_the_services/build install --record /home/ribeiro/ros2_tutorial_workspace/build/python_package_that_uses_the_services/install.log --install-scripts $base/lib/python_package_that_uses_the_services --single-version-externally-managed install_data --force
