[1.932s] Invoking command in '/home/ribeiro/ros2_tutorial_workspace/src/python_package_that_uses_parameters_and_launch_files': PYTHONPATH=/home/ribeiro/ros2_tutorial_workspace/build/python_package_that_uses_parameters_and_launch_files/prefix_override:/usr/lib/python3/dist-packages/colcon_core/task/python/colcon_distutils_commands:/home/ribeiro/ros2_tutorial_workspace/install/python_package_that_uses_parameters_and_launch_files/lib/python3.10/site-packages:${PYTHONPATH} /usr/bin/python3 -W ignore:setup.py install is deprecated -W ignore:easy_install command is deprecated setup.py egg_info --egg-base ../../build/python_package_that_uses_parameters_and_launch_files build --build-base /home/ribeiro/ros2_tutorial_workspace/build/python_package_that_uses_parameters_and_launch_files/build install --record /home/ribeiro/ros2_tutorial_workspace/build/python_package_that_uses_parameters_and_launch_files/install.log --install-scripts $base/lib/python_package_that_uses_parameters_and_launch_files --single-version-externally-managed install_data
[2.476s] running egg_info
[2.476s] creating ../../build/python_package_that_uses_parameters_and_launch_files/python_package_that_uses_parameters_and_launch_files.egg-info
[2.476s] writing ../../build/python_package_that_uses_parameters_and_launch_files/python_package_that_uses_parameters_and_launch_files.egg-info/PKG-INFO
[2.477s] writing dependency_links to ../../build/python_package_that_uses_parameters_and_launch_files/python_package_that_uses_parameters_and_launch_files.egg-info/dependency_links.txt
[2.488s] writing entry points to ../../build/python_package_that_uses_parameters_and_launch_files/python_package_that_uses_parameters_and_launch_files.egg-info/entry_points.txt
[2.488s] writing requirements to ../../build/python_package_that_uses_parameters_and_launch_files/python_package_that_uses_parameters_and_launch_files.egg-info/requires.txt
[2.488s] writing top-level names to ../../build/python_package_that_uses_parameters_and_launch_files/python_package_that_uses_parameters_and_launch_files.egg-info/top_level.txt
[2.488s] writing manifest file '../../build/python_package_that_uses_parameters_and_launch_files/python_package_that_uses_parameters_and_launch_files.egg-info/SOURCES.txt'
[2.488s] reading manifest file '../../build/python_package_that_uses_parameters_and_launch_files/python_package_that_uses_parameters_and_launch_files.egg-info/SOURCES.txt'
[2.488s] writing manifest file '../../build/python_package_that_uses_parameters_and_launch_files/python_package_that_uses_parameters_and_launch_files.egg-info/SOURCES.txt'
[2.488s] running build
[2.488s] running build_py
[2.488s] creating /home/ribeiro/ros2_tutorial_workspace/build/python_package_that_uses_parameters_and_launch_files/build
[2.488s] creating /home/ribeiro/ros2_tutorial_workspace/build/python_package_that_uses_parameters_and_launch_files/build/lib
[2.488s] creating /home/ribeiro/ros2_tutorial_workspace/build/python_package_that_uses_parameters_and_launch_files/build/lib/python_package_that_uses_parameters_and_launch_files
[2.488s] copying python_package_that_uses_parameters_and_launch_files/amazing_quote_configurable_publisher_node.py -> /home/ribeiro/ros2_tutorial_workspace/build/python_package_that_uses_parameters_and_launch_files/build/lib/python_package_that_uses_parameters_and_launch_files
[2.488s] copying python_package_that_uses_parameters_and_launch_files/__init__.py -> /home/ribeiro/ros2_tutorial_workspace/build/python_package_that_uses_parameters_and_launch_files/build/lib/python_package_that_uses_parameters_and_launch_files
[2.490s] running install
[2.490s] running install_lib
[2.490s] creating /home/ribeiro/ros2_tutorial_workspace/install/python_package_that_uses_parameters_and_launch_files/lib/python3.10/site-packages/python_package_that_uses_parameters_and_launch_files
[2.491s] copying /home/ribeiro/ros2_tutorial_workspace/build/python_package_that_uses_parameters_and_launch_files/build/lib/python_package_that_uses_parameters_and_launch_files/amazing_quote_configurable_publisher_node.py -> /home/ribeiro/ros2_tutorial_workspace/install/python_package_that_uses_parameters_and_launch_files/lib/python3.10/site-packages/python_package_that_uses_parameters_and_launch_files
[2.492s] copying /home/ribeiro/ros2_tutorial_workspace/build/python_package_that_uses_parameters_and_launch_files/build/lib/python_package_that_uses_parameters_and_launch_files/__init__.py -> /home/ribeiro/ros2_tutorial_workspace/install/python_package_that_uses_parameters_and_launch_files/lib/python3.10/site-packages/python_package_that_uses_parameters_and_launch_files
[2.493s] byte-compiling /home/ribeiro/ros2_tutorial_workspace/install/python_package_that_uses_parameters_and_launch_files/lib/python3.10/site-packages/python_package_that_uses_parameters_and_launch_files/amazing_quote_configurable_publisher_node.py to amazing_quote_configurable_publisher_node.cpython-310.pyc
[2.498s] byte-compiling /home/ribeiro/ros2_tutorial_workspace/install/python_package_that_uses_parameters_and_launch_files/lib/python3.10/site-packages/python_package_that_uses_parameters_and_launch_files/__init__.py to __init__.cpython-310.pyc
[2.498s] running install_data
[2.498s] creating /home/ribeiro/ros2_tutorial_workspace/install/python_package_that_uses_parameters_and_launch_files/share/ament_index
[2.498s] creating /home/ribeiro/ros2_tutorial_workspace/install/python_package_that_uses_parameters_and_launch_files/share/ament_index/resource_index
[2.498s] creating /home/ribeiro/ros2_tutorial_workspace/install/python_package_that_uses_parameters_and_launch_files/share/ament_index/resource_index/packages
[2.498s] copying resource/python_package_that_uses_parameters_and_launch_files -> /home/ribeiro/ros2_tutorial_workspace/install/python_package_that_uses_parameters_and_launch_files/share/ament_index/resource_index/packages
[2.499s] copying package.xml -> /home/ribeiro/ros2_tutorial_workspace/install/python_package_that_uses_parameters_and_launch_files/share/python_package_that_uses_parameters_and_launch_files
[2.499s] creating /home/ribeiro/ros2_tutorial_workspace/install/python_package_that_uses_parameters_and_launch_files/share/python_package_that_uses_parameters_and_launch_files/launch
[2.505s] copying launch/peanut_butter_falcon_quote_publisher_launch.py -> /home/ribeiro/ros2_tutorial_workspace/install/python_package_that_uses_parameters_and_launch_files/share/python_package_that_uses_parameters_and_launch_files/launch
[2.505s] running install_egg_info
[2.506s] Copying ../../build/python_package_that_uses_parameters_and_launch_files/python_package_that_uses_parameters_and_launch_files.egg-info to /home/ribeiro/ros2_tutorial_workspace/install/python_package_that_uses_parameters_and_launch_files/lib/python3.10/site-packages/python_package_that_uses_parameters_and_launch_files-0.0.0-py3.10.egg-info
[2.522s] running install_scripts
[2.540s] Installing amazing_quote_configurable_publisher_node script to /home/ribeiro/ros2_tutorial_workspace/install/python_package_that_uses_parameters_and_launch_files/lib/python_package_that_uses_parameters_and_launch_files
[2.541s] writing list of installed files to '/home/ribeiro/ros2_tutorial_workspace/build/python_package_that_uses_parameters_and_launch_files/install.log'
[2.560s] Invoked command in '/home/ribeiro/ros2_tutorial_workspace/src/python_package_that_uses_parameters_and_launch_files' returned '0': PYTHONPATH=/home/ribeiro/ros2_tutorial_workspace/build/python_package_that_uses_parameters_and_launch_files/prefix_override:/usr/lib/python3/dist-packages/colcon_core/task/python/colcon_distutils_commands:/home/ribeiro/ros2_tutorial_workspace/install/python_package_that_uses_parameters_and_launch_files/lib/python3.10/site-packages:${PYTHONPATH} /usr/bin/python3 -W ignore:setup.py install is deprecated -W ignore:easy_install command is deprecated setup.py egg_info --egg-base ../../build/python_package_that_uses_parameters_and_launch_files build --build-base /home/ribeiro/ros2_tutorial_workspace/build/python_package_that_uses_parameters_and_launch_files/build install --record /home/ribeiro/ros2_tutorial_workspace/build/python_package_that_uses_parameters_and_launch_files/install.log --install-scripts $base/lib/python_package_that_uses_parameters_and_launch_files --single-version-externally-managed install_data
