[2.058s] Invoking command in '/home/ribeiro/ros2_tutorial_workspace/src/python_package_that_uses_parameters_and_launch_files': CMAKE_PREFIX_PATH=/home/ribeiro/ros2_tutorial_workspace/install/package_with_interfaces:/home/ribeiro/ros2_tutorial_workspace/install/cpp_package_with_a_node PYTHONPATH=/home/ribeiro/ros2_tutorial_workspace/build/python_package_that_uses_parameters_and_launch_files/prefix_override:/usr/lib/python3/dist-packages/colcon_core/task/python/colcon_distutils_commands:/home/ribeiro/ros2_tutorial_workspace/install/python_package_that_uses_parameters_and_launch_files/lib/python3.10/site-packages:${PYTHONPATH} /usr/bin/python3 -W ignore:setup.py install is deprecated -W ignore:easy_install command is deprecated setup.py egg_info --egg-base ../../build/python_package_that_uses_parameters_and_launch_files build --build-base /home/ribeiro/ros2_tutorial_workspace/build/python_package_that_uses_parameters_and_launch_files/build install --record /home/ribeiro/ros2_tutorial_workspace/build/python_package_that_uses_parameters_and_launch_files/install.log --install-scripts $base/lib/python_package_that_uses_parameters_and_launch_files --single-version-externally-managed install_data
[2.684s] running egg_info
[2.685s] writing ../../build/python_package_that_uses_parameters_and_launch_files/python_package_that_uses_parameters_and_launch_files.egg-info/PKG-INFO
[2.685s] writing dependency_links to ../../build/python_package_that_uses_parameters_and_launch_files/python_package_that_uses_parameters_and_launch_files.egg-info/dependency_links.txt
[2.685s] writing entry points to ../../build/python_package_that_uses_parameters_and_launch_files/python_package_that_uses_parameters_and_launch_files.egg-info/entry_points.txt
[2.685s] writing requirements to ../../build/python_package_that_uses_parameters_and_launch_files/python_package_that_uses_parameters_and_launch_files.egg-info/requires.txt
[2.685s] writing top-level names to ../../build/python_package_that_uses_parameters_and_launch_files/python_package_that_uses_parameters_and_launch_files.egg-info/top_level.txt
[2.690s] reading manifest file '../../build/python_package_that_uses_parameters_and_launch_files/python_package_that_uses_parameters_and_launch_files.egg-info/SOURCES.txt'
[2.690s] writing manifest file '../../build/python_package_that_uses_parameters_and_launch_files/python_package_that_uses_parameters_and_launch_files.egg-info/SOURCES.txt'
[2.691s] running build
[2.691s] running build_py
[2.691s] running install
[2.691s] running install_lib
[2.691s] running install_data
[2.691s] running install_egg_info
[2.691s] removing '/home/ribeiro/ros2_tutorial_workspace/install/python_package_that_uses_parameters_and_launch_files/lib/python3.10/site-packages/python_package_that_uses_parameters_and_launch_files-0.0.0-py3.10.egg-info' (and everything under it)
[2.691s] Copying ../../build/python_package_that_uses_parameters_and_launch_files/python_package_that_uses_parameters_and_launch_files.egg-info to /home/ribeiro/ros2_tutorial_workspace/install/python_package_that_uses_parameters_and_launch_files/lib/python3.10/site-packages/python_package_that_uses_parameters_and_launch_files-0.0.0-py3.10.egg-info
[2.704s] running install_scripts
[2.751s] Installing amazing_quote_configurable_publisher_node script to /home/ribeiro/ros2_tutorial_workspace/install/python_package_that_uses_parameters_and_launch_files/lib/python_package_that_uses_parameters_and_launch_files
[2.751s] writing list of installed files to '/home/ribeiro/ros2_tutorial_workspace/build/python_package_that_uses_parameters_and_launch_files/install.log'
[2.761s] Invoked command in '/home/ribeiro/ros2_tutorial_workspace/src/python_package_that_uses_parameters_and_launch_files' returned '0': CMAKE_PREFIX_PATH=/home/ribeiro/ros2_tutorial_workspace/install/package_with_interfaces:/home/ribeiro/ros2_tutorial_workspace/install/cpp_package_with_a_node PYTHONPATH=/home/ribeiro/ros2_tutorial_workspace/build/python_package_that_uses_parameters_and_launch_files/prefix_override:/usr/lib/python3/dist-packages/colcon_core/task/python/colcon_distutils_commands:/home/ribeiro/ros2_tutorial_workspace/install/python_package_that_uses_parameters_and_launch_files/lib/python3.10/site-packages:${PYTHONPATH} /usr/bin/python3 -W ignore:setup.py install is deprecated -W ignore:easy_install command is deprecated setup.py egg_info --egg-base ../../build/python_package_that_uses_parameters_and_launch_files build --build-base /home/ribeiro/ros2_tutorial_workspace/build/python_package_that_uses_parameters_and_launch_files/build install --record /home/ribeiro/ros2_tutorial_workspace/build/python_package_that_uses_parameters_and_launch_files/install.log --install-scripts $base/lib/python_package_that_uses_parameters_and_launch_files --single-version-externally-managed install_data
