[4.365s] Invoking command in '/home/ribeiro/ros2_tutorial_workspace/src/python_package_with_a_node': PYTHONPATH=/home/ribeiro/ros2_tutorial_workspace/build/python_package_with_a_node/prefix_override:/usr/lib/python3/dist-packages/colcon_core/task/python/colcon_distutils_commands:/home/ribeiro/ros2_tutorial_workspace/install/python_package_with_a_node/lib/python3.10/site-packages:${PYTHONPATH} /usr/bin/python3 -W ignore:setup.py install is deprecated -W ignore:easy_install command is deprecated setup.py egg_info --egg-base ../../build/python_package_with_a_node build --build-base /home/ribeiro/ros2_tutorial_workspace/build/python_package_with_a_node/build install --record /home/ribeiro/ros2_tutorial_workspace/build/python_package_with_a_node/install.log --install-scripts $base/lib/python_package_with_a_node --single-version-externally-managed install_data
[4.738s] running egg_info
[4.738s] writing ../../build/python_package_with_a_node/python_package_with_a_node.egg-info/PKG-INFO
[4.739s] writing dependency_links to ../../build/python_package_with_a_node/python_package_with_a_node.egg-info/dependency_links.txt
[4.739s] writing entry points to ../../build/python_package_with_a_node/python_package_with_a_node.egg-info/entry_points.txt
[4.742s] writing requirements to ../../build/python_package_with_a_node/python_package_with_a_node.egg-info/requires.txt
[4.747s] writing top-level names to ../../build/python_package_with_a_node/python_package_with_a_node.egg-info/top_level.txt
[4.749s] reading manifest file '../../build/python_package_with_a_node/python_package_with_a_node.egg-info/SOURCES.txt'
[4.751s] writing manifest file '../../build/python_package_with_a_node/python_package_with_a_node.egg-info/SOURCES.txt'
[4.751s] running build
[4.751s] running build_py
[4.753s] copying python_package_with_a_node/print_forever_node.py -> /home/ribeiro/ros2_tutorial_workspace/build/python_package_with_a_node/build/lib/python_package_with_a_node
[4.757s] running install
[4.758s] running install_lib
[4.758s] copying /home/ribeiro/ros2_tutorial_workspace/build/python_package_with_a_node/build/lib/python_package_with_a_node/print_forever_node.py -> /home/ribeiro/ros2_tutorial_workspace/install/python_package_with_a_node/lib/python3.10/site-packages/python_package_with_a_node
[4.761s] byte-compiling /home/ribeiro/ros2_tutorial_workspace/install/python_package_with_a_node/lib/python3.10/site-packages/python_package_with_a_node/print_forever_node.py to print_forever_node.cpython-310.pyc
[4.763s] running install_data
[4.763s] running install_egg_info
[4.765s] removing '/home/ribeiro/ros2_tutorial_workspace/install/python_package_with_a_node/lib/python3.10/site-packages/python_package_with_a_node-0.0.0-py3.10.egg-info' (and everything under it)
[4.767s] Copying ../../build/python_package_with_a_node/python_package_with_a_node.egg-info to /home/ribeiro/ros2_tutorial_workspace/install/python_package_with_a_node/lib/python3.10/site-packages/python_package_with_a_node-0.0.0-py3.10.egg-info
[4.772s] running install_scripts
[4.793s] Installing print_forever_node script to /home/ribeiro/ros2_tutorial_workspace/install/python_package_with_a_node/lib/python_package_with_a_node
[4.793s] Installing sample_python_node script to /home/ribeiro/ros2_tutorial_workspace/install/python_package_with_a_node/lib/python_package_with_a_node
[4.794s] writing list of installed files to '/home/ribeiro/ros2_tutorial_workspace/build/python_package_with_a_node/install.log'
[4.920s] Invoked command in '/home/ribeiro/ros2_tutorial_workspace/src/python_package_with_a_node' returned '0': PYTHONPATH=/home/ribeiro/ros2_tutorial_workspace/build/python_package_with_a_node/prefix_override:/usr/lib/python3/dist-packages/colcon_core/task/python/colcon_distutils_commands:/home/ribeiro/ros2_tutorial_workspace/install/python_package_with_a_node/lib/python3.10/site-packages:${PYTHONPATH} /usr/bin/python3 -W ignore:setup.py install is deprecated -W ignore:easy_install command is deprecated setup.py egg_info --egg-base ../../build/python_package_with_a_node build --build-base /home/ribeiro/ros2_tutorial_workspace/build/python_package_with_a_node/build install --record /home/ribeiro/ros2_tutorial_workspace/build/python_package_with_a_node/install.log --install-scripts $base/lib/python_package_with_a_node --single-version-externally-managed install_data
