[1.123s] Invoking command in '/home/ribeiro/ros2_tutorial_workspace/build/python_package_that_uses_the_services': PYTHONPATH=/home/ribeiro/ros2_tutorial_workspace/build/python_package_that_uses_the_services/prefix_override:/usr/lib/python3/dist-packages/colcon_core/task/python/colcon_distutils_commands:/home/ribeiro/ros2_tutorial_workspace/install/python_package_that_uses_the_services/lib/python3.10/site-packages:${PYTHONPATH} /usr/bin/python3 -W ignore:setup.py install is deprecated -W ignore:easy_install command is deprecated setup.py develop --editable --build-directory /home/ribeiro/ros2_tutorial_workspace/build/python_package_that_uses_the_services/build --no-deps symlink_data --force
[1.299s] running develop
[1.397s] running egg_info
[1.397s] writing python_package_that_uses_the_services.egg-info/PKG-INFO
[1.397s] writing dependency_links to python_package_that_uses_the_services.egg-info/dependency_links.txt
[1.397s] writing entry points to python_package_that_uses_the_services.egg-info/entry_points.txt
[1.398s] writing requirements to python_package_that_uses_the_services.egg-info/requires.txt
[1.398s] writing top-level names to python_package_that_uses_the_services.egg-info/top_level.txt
[1.399s] reading manifest file 'python_package_that_uses_the_services.egg-info/SOURCES.txt'
[1.400s] writing manifest file 'python_package_that_uses_the_services.egg-info/SOURCES.txt'
[1.401s] running build_ext
[1.401s] Creating /home/ribeiro/ros2_tutorial_workspace/install/python_package_that_uses_the_services/lib/python3.10/site-packages/python-package-that-uses-the-services.egg-link (link to .)
[1.402s] Installing what_is_the_point_service_client_node script to /home/ribeiro/ros2_tutorial_workspace/install/python_package_that_uses_the_services/lib/python_package_that_uses_the_services
[1.403s] Installing what_is_the_point_service_server_node script to /home/ribeiro/ros2_tutorial_workspace/install/python_package_that_uses_the_services/lib/python_package_that_uses_the_services
[1.403s] 
[1.404s] Installed /home/ribeiro/ros2_tutorial_workspace/build/python_package_that_uses_the_services
[1.404s] running symlink_data
[1.404s] symbolically linking /home/ribeiro/ros2_tutorial_workspace/build/python_package_that_uses_the_services/resource/python_package_that_uses_the_services -> /home/ribeiro/ros2_tutorial_workspace/install/python_package_that_uses_the_services/share/ament_index/resource_index/packages
[1.404s] symbolically linking /home/ribeiro/ros2_tutorial_workspace/build/python_package_that_uses_the_services/package.xml -> /home/ribeiro/ros2_tutorial_workspace/install/python_package_that_uses_the_services/share/python_package_that_uses_the_services
[1.421s] Invoked command in '/home/ribeiro/ros2_tutorial_workspace/build/python_package_that_uses_the_services' returned '0': PYTHONPATH=/home/ribeiro/ros2_tutorial_workspace/build/python_package_that_uses_the_services/prefix_override:/usr/lib/python3/dist-packages/colcon_core/task/python/colcon_distutils_commands:/home/ribeiro/ros2_tutorial_workspace/install/python_package_that_uses_the_services/lib/python3.10/site-packages:${PYTHONPATH} /usr/bin/python3 -W ignore:setup.py install is deprecated -W ignore:easy_install command is deprecated setup.py develop --editable --build-directory /home/ribeiro/ros2_tutorial_workspace/build/python_package_that_uses_the_services/build --no-deps symlink_data --force
