[1.256s] Invoking command in '/home/ribeiro/ros2_tutorial_workspace/src/python_package_with_a_node': PYTHONPATH=/home/ribeiro/ros2_tutorial_workspace/build/python_package_with_a_node/prefix_override:/usr/lib/python3/dist-packages/colcon_core/task/python/colcon_distutils_commands:/home/ribeiro/ros2_tutorial_workspace/install/python_package_with_a_node/lib/python3.10/site-packages:${PYTHONPATH} /usr/bin/python3 -W ignore:setup.py install is deprecated -W ignore:easy_install command is deprecated setup.py egg_info --egg-base ../../build/python_package_with_a_node build --build-base /home/ribeiro/ros2_tutorial_workspace/build/python_package_with_a_node/build install --record /home/ribeiro/ros2_tutorial_workspace/build/python_package_with_a_node/install.log --install-scripts $base/lib/python_package_with_a_node --single-version-externally-managed install_data
[1.615s] running egg_info
[1.615s] creating ../../build/python_package_with_a_node/python_package_with_a_node.egg-info
[1.616s] writing ../../build/python_package_with_a_node/python_package_with_a_node.egg-info/PKG-INFO
[1.618s] writing dependency_links to ../../build/python_package_with_a_node/python_package_with_a_node.egg-info/dependency_links.txt
[1.618s] writing entry points to ../../build/python_package_with_a_node/python_package_with_a_node.egg-info/entry_points.txt
[1.618s] writing requirements to ../../build/python_package_with_a_node/python_package_with_a_node.egg-info/requires.txt
[1.620s] writing top-level names to ../../build/python_package_with_a_node/python_package_with_a_node.egg-info/top_level.txt
[1.620s] writing manifest file '../../build/python_package_with_a_node/python_package_with_a_node.egg-info/SOURCES.txt'
[1.622s] reading manifest file '../../build/python_package_with_a_node/python_package_with_a_node.egg-info/SOURCES.txt'
[1.623s] writing manifest file '../../build/python_package_with_a_node/python_package_with_a_node.egg-info/SOURCES.txt'
[1.623s] running build
[1.623s] running build_py
[1.623s] creating /home/ribeiro/ros2_tutorial_workspace/build/python_package_with_a_node/build
[1.623s] creating /home/ribeiro/ros2_tutorial_workspace/build/python_package_with_a_node/build/lib
[1.623s] creating /home/ribeiro/ros2_tutorial_workspace/build/python_package_with_a_node/build/lib/python_package_with_a_node
[1.623s] copying python_package_with_a_node/sample_python_node.py -> /home/ribeiro/ros2_tutorial_workspace/build/python_package_with_a_node/build/lib/python_package_with_a_node
[1.625s] copying python_package_with_a_node/__init__.py -> /home/ribeiro/ros2_tutorial_workspace/build/python_package_with_a_node/build/lib/python_package_with_a_node
[1.625s] running install
[1.627s] running install_lib
[1.628s] creating /home/ribeiro/ros2_tutorial_workspace/install/python_package_with_a_node/lib/python3.10/site-packages/python_package_with_a_node
[1.628s] copying /home/ribeiro/ros2_tutorial_workspace/build/python_package_with_a_node/build/lib/python_package_with_a_node/sample_python_node.py -> /home/ribeiro/ros2_tutorial_workspace/install/python_package_with_a_node/lib/python3.10/site-packages/python_package_with_a_node
[1.628s] copying /home/ribeiro/ros2_tutorial_workspace/build/python_package_with_a_node/build/lib/python_package_with_a_node/__init__.py -> /home/ribeiro/ros2_tutorial_workspace/install/python_package_with_a_node/lib/python3.10/site-packages/python_package_with_a_node
[1.628s] byte-compiling /home/ribeiro/ros2_tutorial_workspace/install/python_package_with_a_node/lib/python3.10/site-packages/python_package_with_a_node/sample_python_node.py to sample_python_node.cpython-310.pyc
[1.630s] byte-compiling /home/ribeiro/ros2_tutorial_workspace/install/python_package_with_a_node/lib/python3.10/site-packages/python_package_with_a_node/__init__.py to __init__.cpython-310.pyc
[1.631s] running install_data
[1.632s] creating /home/ribeiro/ros2_tutorial_workspace/install/python_package_with_a_node/share/ament_index
[1.633s] creating /home/ribeiro/ros2_tutorial_workspace/install/python_package_with_a_node/share/ament_index/resource_index
[1.633s] creating /home/ribeiro/ros2_tutorial_workspace/install/python_package_with_a_node/share/ament_index/resource_index/packages
[1.633s] copying resource/python_package_with_a_node -> /home/ribeiro/ros2_tutorial_workspace/install/python_package_with_a_node/share/ament_index/resource_index/packages
[1.633s] copying package.xml -> /home/ribeiro/ros2_tutorial_workspace/install/python_package_with_a_node/share/python_package_with_a_node
[1.635s] running install_egg_info
[1.637s] Copying ../../build/python_package_with_a_node/python_package_with_a_node.egg-info to /home/ribeiro/ros2_tutorial_workspace/install/python_package_with_a_node/lib/python3.10/site-packages/python_package_with_a_node-0.0.0-py3.10.egg-info
[1.643s] running install_scripts
[1.663s] Installing sample_python_node script to /home/ribeiro/ros2_tutorial_workspace/install/python_package_with_a_node/lib/python_package_with_a_node
[1.664s] writing list of installed files to '/home/ribeiro/ros2_tutorial_workspace/build/python_package_with_a_node/install.log'
[1.685s] Invoked command in '/home/ribeiro/ros2_tutorial_workspace/src/python_package_with_a_node' returned '0': PYTHONPATH=/home/ribeiro/ros2_tutorial_workspace/build/python_package_with_a_node/prefix_override:/usr/lib/python3/dist-packages/colcon_core/task/python/colcon_distutils_commands:/home/ribeiro/ros2_tutorial_workspace/install/python_package_with_a_node/lib/python3.10/site-packages:${PYTHONPATH} /usr/bin/python3 -W ignore:setup.py install is deprecated -W ignore:easy_install command is deprecated setup.py egg_info --egg-base ../../build/python_package_with_a_node build --build-base /home/ribeiro/ros2_tutorial_workspace/build/python_package_with_a_node/build install --record /home/ribeiro/ros2_tutorial_workspace/build/python_package_with_a_node/install.log --install-scripts $base/lib/python_package_with_a_node --single-version-externally-managed install_data
