[1.106s] Invoking command in '/home/ribeiro/ros2_tutorial_workspace/src/python_package_that_uses_the_messages': PYTHONPATH=/home/ribeiro/ros2_tutorial_workspace/build/python_package_that_uses_the_messages/prefix_override:/usr/lib/python3/dist-packages/colcon_core/task/python/colcon_distutils_commands:/home/ribeiro/ros2_tutorial_workspace/install/python_package_that_uses_the_messages/lib/python3.10/site-packages:${PYTHONPATH} /usr/bin/python3 -W ignore:setup.py install is deprecated -W ignore:easy_install command is deprecated setup.py egg_info --egg-base ../../build/python_package_that_uses_the_messages build --build-base /home/ribeiro/ros2_tutorial_workspace/build/python_package_that_uses_the_messages/build install --record /home/ribeiro/ros2_tutorial_workspace/build/python_package_that_uses_the_messages/install.log --install-scripts $base/lib/python_package_that_uses_the_messages --single-version-externally-managed install_data
[1.416s] running egg_info
[1.416s] writing ../../build/python_package_that_uses_the_messages/python_package_that_uses_the_messages.egg-info/PKG-INFO
[1.419s] writing dependency_links to ../../build/python_package_that_uses_the_messages/python_package_that_uses_the_messages.egg-info/dependency_links.txt
[1.420s] writing entry points to ../../build/python_package_that_uses_the_messages/python_package_that_uses_the_messages.egg-info/entry_points.txt
[1.420s] writing requirements to ../../build/python_package_that_uses_the_messages/python_package_that_uses_the_messages.egg-info/requires.txt
[1.546s] writing top-level names to ../../build/python_package_that_uses_the_messages/python_package_that_uses_the_messages.egg-info/top_level.txt
[1.547s] reading manifest file '../../build/python_package_that_uses_the_messages/python_package_that_uses_the_messages.egg-info/SOURCES.txt'
[1.548s] writing manifest file '../../build/python_package_that_uses_the_messages/python_package_that_uses_the_messages.egg-info/SOURCES.txt'
[1.548s] running build
[1.548s] running build_py
[1.548s] running install
[1.548s] running install_lib
[1.548s] running install_data
[1.548s] running install_egg_info
[1.548s] removing '/home/ribeiro/ros2_tutorial_workspace/install/python_package_that_uses_the_messages/lib/python3.10/site-packages/python_package_that_uses_the_messages-0.0.0-py3.10.egg-info' (and everything under it)
[1.548s] Copying ../../build/python_package_that_uses_the_messages/python_package_that_uses_the_messages.egg-info to /home/ribeiro/ros2_tutorial_workspace/install/python_package_that_uses_the_messages/lib/python3.10/site-packages/python_package_that_uses_the_messages-0.0.0-py3.10.egg-info
[1.556s] running install_scripts
[1.577s] Installing amazing_quote_publisher_node script to /home/ribeiro/ros2_tutorial_workspace/install/python_package_that_uses_the_messages/lib/python_package_that_uses_the_messages
[1.577s] Installing amazing_quote_subscriber_node script to /home/ribeiro/ros2_tutorial_workspace/install/python_package_that_uses_the_messages/lib/python_package_that_uses_the_messages
[1.578s] writing list of installed files to '/home/ribeiro/ros2_tutorial_workspace/build/python_package_that_uses_the_messages/install.log'
[1.745s] Invoked command in '/home/ribeiro/ros2_tutorial_workspace/src/python_package_that_uses_the_messages' returned '0': PYTHONPATH=/home/ribeiro/ros2_tutorial_workspace/build/python_package_that_uses_the_messages/prefix_override:/usr/lib/python3/dist-packages/colcon_core/task/python/colcon_distutils_commands:/home/ribeiro/ros2_tutorial_workspace/install/python_package_that_uses_the_messages/lib/python3.10/site-packages:${PYTHONPATH} /usr/bin/python3 -W ignore:setup.py install is deprecated -W ignore:easy_install command is deprecated setup.py egg_info --egg-base ../../build/python_package_that_uses_the_messages build --build-base /home/ribeiro/ros2_tutorial_workspace/build/python_package_that_uses_the_messages/build install --record /home/ribeiro/ros2_tutorial_workspace/build/python_package_that_uses_the_messages/install.log --install-scripts $base/lib/python_package_that_uses_the_messages --single-version-externally-managed install_data
