running develop
running egg_info
creating python_package_that_uses_parameters_and_launch_files.egg-info
writing python_package_that_uses_parameters_and_launch_files.egg-info/PKG-INFO
writing dependency_links to python_package_that_uses_parameters_and_launch_files.egg-info/dependency_links.txt
writing entry points to python_package_that_uses_parameters_and_launch_files.egg-info/entry_points.txt
writing requirements to python_package_that_uses_parameters_and_launch_files.egg-info/requires.txt
writing top-level names to python_package_that_uses_parameters_and_launch_files.egg-info/top_level.txt
writing manifest file 'python_package_that_uses_parameters_and_launch_files.egg-info/SOURCES.txt'
reading manifest file 'python_package_that_uses_parameters_and_launch_files.egg-info/SOURCES.txt'
writing manifest file 'python_package_that_uses_parameters_and_launch_files.egg-info/SOURCES.txt'
running build_ext
Creating /home/ribeiro/ros2_tutorial_workspace/install/python_package_that_uses_parameters_and_launch_files/lib/python3.10/site-packages/python-package-that-uses-parameters-and-launch-files.egg-link (link to .)
Installing amazing_quote_configurable_publisher_node script to /home/ribeiro/ros2_tutorial_workspace/install/python_package_that_uses_parameters_and_launch_files/lib/python_package_that_uses_parameters_and_launch_files

Installed /home/ribeiro/ros2_tutorial_workspace/build/python_package_that_uses_parameters_and_launch_files
running symlink_data
creating /home/ribeiro/ros2_tutorial_workspace/install/python_package_that_uses_parameters_and_launch_files/share/ament_index
creating /home/ribeiro/ros2_tutorial_workspace/install/python_package_that_uses_parameters_and_launch_files/share/ament_index/resource_index
creating /home/ribeiro/ros2_tutorial_workspace/install/python_package_that_uses_parameters_and_launch_files/share/ament_index/resource_index/packages
symbolically linking /home/ribeiro/ros2_tutorial_workspace/build/python_package_that_uses_parameters_and_launch_files/resource/python_package_that_uses_parameters_and_launch_files -> /home/ribeiro/ros2_tutorial_workspace/install/python_package_that_uses_parameters_and_launch_files/share/ament_index/resource_index/packages
symbolically linking /home/ribeiro/ros2_tutorial_workspace/build/python_package_that_uses_parameters_and_launch_files/package.xml -> /home/ribeiro/ros2_tutorial_workspace/install/python_package_that_uses_parameters_and_launch_files/share/python_package_that_uses_parameters_and_launch_files
creating /home/ribeiro/ros2_tutorial_workspace/install/python_package_that_uses_parameters_and_launch_files/share/python_package_that_uses_parameters_and_launch_files/launch
symbolically linking /home/ribeiro/ros2_tutorial_workspace/build/python_package_that_uses_parameters_and_launch_files/launch/peanut_butter_falcon_quote_publisher_launch.py -> /home/ribeiro/ros2_tutorial_workspace/install/python_package_that_uses_parameters_and_launch_files/share/python_package_that_uses_parameters_and_launch_files/launch
