[1.712s] Invoking command in '/home/ribeiro/ros2_tutorial_workspace/build/python_package_that_uses_parameters_and_launch_files': PYTHONPATH=/home/ribeiro/ros2_tutorial_workspace/build/python_package_that_uses_parameters_and_launch_files/prefix_override:/usr/lib/python3/dist-packages/colcon_core/task/python/colcon_distutils_commands:/home/ribeiro/ros2_tutorial_workspace/install/python_package_that_uses_parameters_and_launch_files/lib/python3.10/site-packages:${PYTHONPATH} /usr/bin/python3 -W ignore:setup.py install is deprecated -W ignore:easy_install command is deprecated setup.py develop --editable --build-directory /home/ribeiro/ros2_tutorial_workspace/build/python_package_that_uses_parameters_and_launch_files/build --no-deps symlink_data
[2.025s] running develop
[2.296s] running egg_info
[2.296s] creating python_package_that_uses_parameters_and_launch_files.egg-info
[2.297s] writing python_package_that_uses_parameters_and_launch_files.egg-info/PKG-INFO
[2.300s] writing dependency_links to python_package_that_uses_parameters_and_launch_files.egg-info/dependency_links.txt
[2.300s] writing entry points to python_package_that_uses_parameters_and_launch_files.egg-info/entry_points.txt
[2.300s] writing requirements to python_package_that_uses_parameters_and_launch_files.egg-info/requires.txt
[2.300s] writing top-level names to python_package_that_uses_parameters_and_launch_files.egg-info/top_level.txt
[2.300s] writing manifest file 'python_package_that_uses_parameters_and_launch_files.egg-info/SOURCES.txt'
[2.300s] reading manifest file 'python_package_that_uses_parameters_and_launch_files.egg-info/SOURCES.txt'
[2.301s] writing manifest file 'python_package_that_uses_parameters_and_launch_files.egg-info/SOURCES.txt'
[2.303s] running build_ext
[2.303s] Creating /home/ribeiro/ros2_tutorial_workspace/install/python_package_that_uses_parameters_and_launch_files/lib/python3.10/site-packages/python-package-that-uses-parameters-and-launch-files.egg-link (link to .)
[2.304s] Installing amazing_quote_configurable_publisher_node script to /home/ribeiro/ros2_tutorial_workspace/install/python_package_that_uses_parameters_and_launch_files/lib/python_package_that_uses_parameters_and_launch_files
[2.304s] 
[2.304s] Installed /home/ribeiro/ros2_tutorial_workspace/build/python_package_that_uses_parameters_and_launch_files
[2.304s] running symlink_data
[2.305s] creating /home/ribeiro/ros2_tutorial_workspace/install/python_package_that_uses_parameters_and_launch_files/share/ament_index
[2.305s] creating /home/ribeiro/ros2_tutorial_workspace/install/python_package_that_uses_parameters_and_launch_files/share/ament_index/resource_index
[2.305s] creating /home/ribeiro/ros2_tutorial_workspace/install/python_package_that_uses_parameters_and_launch_files/share/ament_index/resource_index/packages
[2.305s] symbolically linking /home/ribeiro/ros2_tutorial_workspace/build/python_package_that_uses_parameters_and_launch_files/resource/python_package_that_uses_parameters_and_launch_files -> /home/ribeiro/ros2_tutorial_workspace/install/python_package_that_uses_parameters_and_launch_files/share/ament_index/resource_index/packages
[2.306s] symbolically linking /home/ribeiro/ros2_tutorial_workspace/build/python_package_that_uses_parameters_and_launch_files/package.xml -> /home/ribeiro/ros2_tutorial_workspace/install/python_package_that_uses_parameters_and_launch_files/share/python_package_that_uses_parameters_and_launch_files
[2.306s] creating /home/ribeiro/ros2_tutorial_workspace/install/python_package_that_uses_parameters_and_launch_files/share/python_package_that_uses_parameters_and_launch_files/launch
[2.306s] symbolically linking /home/ribeiro/ros2_tutorial_workspace/build/python_package_that_uses_parameters_and_launch_files/launch/peanut_butter_falcon_quote_publisher_launch.py -> /home/ribeiro/ros2_tutorial_workspace/install/python_package_that_uses_parameters_and_launch_files/share/python_package_that_uses_parameters_and_launch_files/launch
[2.337s] Invoked command in '/home/ribeiro/ros2_tutorial_workspace/build/python_package_that_uses_parameters_and_launch_files' returned '0': PYTHONPATH=/home/ribeiro/ros2_tutorial_workspace/build/python_package_that_uses_parameters_and_launch_files/prefix_override:/usr/lib/python3/dist-packages/colcon_core/task/python/colcon_distutils_commands:/home/ribeiro/ros2_tutorial_workspace/install/python_package_that_uses_parameters_and_launch_files/lib/python3.10/site-packages:${PYTHONPATH} /usr/bin/python3 -W ignore:setup.py install is deprecated -W ignore:easy_install command is deprecated setup.py develop --editable --build-directory /home/ribeiro/ros2_tutorial_workspace/build/python_package_that_uses_parameters_and_launch_files/build --no-deps symlink_data
