[1.799s] Invoking command in '/home/ribeiro/ros2_tutorial_workspace/build/python_package_that_uses_the_services': PYTHONPATH=/home/ribeiro/ros2_tutorial_workspace/build/python_package_that_uses_the_services/prefix_override:/usr/lib/python3/dist-packages/colcon_core/task/python/colcon_distutils_commands:/home/ribeiro/ros2_tutorial_workspace/install/python_package_that_uses_the_services/lib/python3.10/site-packages:${PYTHONPATH} /usr/bin/python3 -W ignore:setup.py install is deprecated -W ignore:easy_install command is deprecated setup.py develop --editable --build-directory /home/ribeiro/ros2_tutorial_workspace/build/python_package_that_uses_the_services/build --no-deps symlink_data
[2.172s] running develop
[2.377s] running egg_info
[2.377s] creating python_package_that_uses_the_services.egg-info
[2.377s] writing python_package_that_uses_the_services.egg-info/PKG-INFO
[2.377s] writing dependency_links to python_package_that_uses_the_services.egg-info/dependency_links.txt
[2.378s] writing entry points to python_package_that_uses_the_services.egg-info/entry_points.txt
[2.378s] writing requirements to python_package_that_uses_the_services.egg-info/requires.txt
[2.378s] writing top-level names to python_package_that_uses_the_services.egg-info/top_level.txt
[2.378s] writing manifest file 'python_package_that_uses_the_services.egg-info/SOURCES.txt'
[2.379s] reading manifest file 'python_package_that_uses_the_services.egg-info/SOURCES.txt'
[2.380s] writing manifest file 'python_package_that_uses_the_services.egg-info/SOURCES.txt'
[2.381s] running build_ext
[2.382s] Creating /home/ribeiro/ros2_tutorial_workspace/install/python_package_that_uses_the_services/lib/python3.10/site-packages/python-package-that-uses-the-services.egg-link (link to .)
[2.382s] Installing what_is_the_point_service_client_node script to /home/ribeiro/ros2_tutorial_workspace/install/python_package_that_uses_the_services/lib/python_package_that_uses_the_services
[2.383s] Installing what_is_the_point_service_server_node script to /home/ribeiro/ros2_tutorial_workspace/install/python_package_that_uses_the_services/lib/python_package_that_uses_the_services
[2.383s] 
[2.383s] Installed /home/ribeiro/ros2_tutorial_workspace/build/python_package_that_uses_the_services
[2.383s] running symlink_data
[2.383s] creating /home/ribeiro/ros2_tutorial_workspace/install/python_package_that_uses_the_services/share/ament_index
[2.384s] creating /home/ribeiro/ros2_tutorial_workspace/install/python_package_that_uses_the_services/share/ament_index/resource_index
[2.384s] creating /home/ribeiro/ros2_tutorial_workspace/install/python_package_that_uses_the_services/share/ament_index/resource_index/packages
[2.384s] symbolically linking /home/ribeiro/ros2_tutorial_workspace/build/python_package_that_uses_the_services/resource/python_package_that_uses_the_services -> /home/ribeiro/ros2_tutorial_workspace/install/python_package_that_uses_the_services/share/ament_index/resource_index/packages
[2.384s] symbolically linking /home/ribeiro/ros2_tutorial_workspace/build/python_package_that_uses_the_services/package.xml -> /home/ribeiro/ros2_tutorial_workspace/install/python_package_that_uses_the_services/share/python_package_that_uses_the_services
[2.411s] Invoked command in '/home/ribeiro/ros2_tutorial_workspace/build/python_package_that_uses_the_services' returned '0': PYTHONPATH=/home/ribeiro/ros2_tutorial_workspace/build/python_package_that_uses_the_services/prefix_override:/usr/lib/python3/dist-packages/colcon_core/task/python/colcon_distutils_commands:/home/ribeiro/ros2_tutorial_workspace/install/python_package_that_uses_the_services/lib/python3.10/site-packages:${PYTHONPATH} /usr/bin/python3 -W ignore:setup.py install is deprecated -W ignore:easy_install command is deprecated setup.py develop --editable --build-directory /home/ribeiro/ros2_tutorial_workspace/build/python_package_that_uses_the_services/build --no-deps symlink_data
