[  2%] Built target package_with_interfaces__rs
[  5%] Built target package_with_interfaces__cpp
[ 15%] Built target package_with_interfaces__rosidl_generator_c
[ 15%] Built target ament_cmake_python_symlink_package_with_interfaces
[ 32%] Built target package_with_interfaces__rosidl_typesupport_cpp
[ 35%] Built target package_with_interfaces__rosidl_typesupport_fastrtps_cpp
[ 45%] Built target package_with_interfaces__rosidl_typesupport_introspection_cpp
[ 55%] Built target package_with_interfaces__rosidl_typesupport_c
[ 65%] Built target package_with_interfaces__rosidl_typesupport_introspection_c
[ 75%] Built target package_with_interfaces__rosidl_typesupport_fastrtps_c
[ 75%] Built target package_with_interfaces
[ 77%] Built target package_with_interfaces__py
[ 85%] Built target package_with_interfaces__rosidl_generator_py
[ 90%] Built target package_with_interfaces__rosidl_typesupport_introspection_c__pyext
[ 95%] Built target package_with_interfaces__rosidl_typesupport_fastrtps_c__pyext
[100%] Built target package_with_interfaces__rosidl_typesupport_c__pyext
running egg_info
writing package_with_interfaces.egg-info/PKG-INFO
writing dependency_links to package_with_interfaces.egg-info/dependency_links.txt
writing top-level names to package_with_interfaces.egg-info/top_level.txt
reading manifest file 'package_with_interfaces.egg-info/SOURCES.txt'
writing manifest file 'package_with_interfaces.egg-info/SOURCES.txt'
[100%] Built target ament_cmake_python_build_package_with_interfaces_egg
