-- Found ament_cmake: 1.3.14 (/opt/ros/humble/share/ament_cmake/cmake)
-- Override CMake install command with custom implementation using symlinks instead of copying resources
-- Found ament_lint_auto: 0.12.15 (/opt/ros/humble/share/ament_lint_auto/cmake)
-- Added test 'copyright' to check source files copyright and LICENSE
-- Added test 'flake8' to check Python code syntax and style conventions
-- Added test 'lint_cmake' to check CMake code style
-- Added test 'pep257' to check Python code against some of the docstring style conventions in PEP 257
-- Added test 'xmllint' to check XML markup files
-- Configuring done
-- Generating done
-- Build files have been written to: /home/ribeiro/ros2_tutorial_workspace/build/articubot_one
-- Install configuration: ""
-- Execute custom install script
-- Up-to-date symlink: /home/ribeiro/ros2_tutorial_workspace/install/articubot_one/share/articubot_one/config/ball_tracker_params_robot.yaml
-- Symlinking: /home/ribeiro/ros2_tutorial_workspace/install/articubot_one/share/articubot_one/config/ball_tracker_params_robot.yaml:Zone.Identifier
-- Up-to-date symlink: /home/ribeiro/ros2_tutorial_workspace/install/articubot_one/share/articubot_one/config/ball_tracker_params_sim.yaml
-- Symlinking: /home/ribeiro/ros2_tutorial_workspace/install/articubot_one/share/articubot_one/config/ball_tracker_params_sim.yaml:Zone.Identifier
-- Up-to-date symlink: /home/ribeiro/ros2_tutorial_workspace/install/articubot_one/share/articubot_one/config/drive_bot.rviz
-- Symlinking: /home/ribeiro/ros2_tutorial_workspace/install/articubot_one/share/articubot_one/config/drive_bot.rviz:Zone.Identifier
-- Up-to-date symlink: /home/ribeiro/ros2_tutorial_workspace/install/articubot_one/share/articubot_one/config/empty.yaml
-- Symlinking: /home/ribeiro/ros2_tutorial_workspace/install/articubot_one/share/articubot_one/config/empty.yaml:Zone.Identifier
-- Up-to-date symlink: /home/ribeiro/ros2_tutorial_workspace/install/articubot_one/share/articubot_one/config/gaz_ros2_ctl_use_sim.yaml
-- Symlinking: /home/ribeiro/ros2_tutorial_workspace/install/articubot_one/share/articubot_one/config/gaz_ros2_ctl_use_sim.yaml:Zone.Identifier
-- Up-to-date symlink: /home/ribeiro/ros2_tutorial_workspace/install/articubot_one/share/articubot_one/config/gazebo_params.yaml
-- Symlinking: /home/ribeiro/ros2_tutorial_workspace/install/articubot_one/share/articubot_one/config/gazebo_params.yaml:Zone.Identifier
-- Up-to-date symlink: /home/ribeiro/ros2_tutorial_workspace/install/articubot_one/share/articubot_one/config/joystick.yaml
-- Symlinking: /home/ribeiro/ros2_tutorial_workspace/install/articubot_one/share/articubot_one/config/joystick.yaml:Zone.Identifier
-- Up-to-date symlink: /home/ribeiro/ros2_tutorial_workspace/install/articubot_one/share/articubot_one/config/main.rviz
-- Symlinking: /home/ribeiro/ros2_tutorial_workspace/install/articubot_one/share/articubot_one/config/main.rviz:Zone.Identifier
-- Up-to-date symlink: /home/ribeiro/ros2_tutorial_workspace/install/articubot_one/share/articubot_one/config/map.rviz
-- Symlinking: /home/ribeiro/ros2_tutorial_workspace/install/articubot_one/share/articubot_one/config/map.rviz:Zone.Identifier
-- Up-to-date symlink: /home/ribeiro/ros2_tutorial_workspace/install/articubot_one/share/articubot_one/config/mapper_params_online_async.yaml
-- Symlinking: /home/ribeiro/ros2_tutorial_workspace/install/articubot_one/share/articubot_one/config/mapper_params_online_async.yaml:Zone.Identifier
-- Up-to-date symlink: /home/ribeiro/ros2_tutorial_workspace/install/articubot_one/share/articubot_one/config/my_controllers.yaml
-- Symlinking: /home/ribeiro/ros2_tutorial_workspace/install/articubot_one/share/articubot_one/config/my_controllers.yaml:Zone.Identifier
-- Up-to-date symlink: /home/ribeiro/ros2_tutorial_workspace/install/articubot_one/share/articubot_one/config/nav2_params.yaml
-- Symlinking: /home/ribeiro/ros2_tutorial_workspace/install/articubot_one/share/articubot_one/config/nav2_params.yaml:Zone.Identifier
-- Up-to-date symlink: /home/ribeiro/ros2_tutorial_workspace/install/articubot_one/share/articubot_one/config/twist_mux.yaml
-- Symlinking: /home/ribeiro/ros2_tutorial_workspace/install/articubot_one/share/articubot_one/config/twist_mux.yaml:Zone.Identifier
-- Up-to-date symlink: /home/ribeiro/ros2_tutorial_workspace/install/articubot_one/share/articubot_one/config/view_bot.rviz
-- Symlinking: /home/ribeiro/ros2_tutorial_workspace/install/articubot_one/share/articubot_one/config/view_bot.rviz:Zone.Identifier
-- Up-to-date symlink: /home/ribeiro/ros2_tutorial_workspace/install/articubot_one/share/articubot_one/description/camera.xacro
-- Symlinking: /home/ribeiro/ros2_tutorial_workspace/install/articubot_one/share/articubot_one/description/camera.xacro:Zone.Identifier
-- Up-to-date symlink: /home/ribeiro/ros2_tutorial_workspace/install/articubot_one/share/articubot_one/description/depth_camera.xacro
-- Symlinking: /home/ribeiro/ros2_tutorial_workspace/install/articubot_one/share/articubot_one/description/depth_camera.xacro:Zone.Identifier
-- Up-to-date symlink: /home/ribeiro/ros2_tutorial_workspace/install/articubot_one/share/articubot_one/description/face.xacro
-- Symlinking: /home/ribeiro/ros2_tutorial_workspace/install/articubot_one/share/articubot_one/description/face.xacro:Zone.Identifier
-- Up-to-date symlink: /home/ribeiro/ros2_tutorial_workspace/install/articubot_one/share/articubot_one/description/gazebo_control.xacro
-- Symlinking: /home/ribeiro/ros2_tutorial_workspace/install/articubot_one/share/articubot_one/description/gazebo_control.xacro:Zone.Identifier
-- Up-to-date symlink: /home/ribeiro/ros2_tutorial_workspace/install/articubot_one/share/articubot_one/description/inertial_macros.xacro
-- Symlinking: /home/ribeiro/ros2_tutorial_workspace/install/articubot_one/share/articubot_one/description/inertial_macros.xacro:Zone.Identifier
-- Up-to-date symlink: /home/ribeiro/ros2_tutorial_workspace/install/articubot_one/share/articubot_one/description/lidar.xacro
-- Symlinking: /home/ribeiro/ros2_tutorial_workspace/install/articubot_one/share/articubot_one/description/lidar.xacro:Zone.Identifier
-- Up-to-date symlink: /home/ribeiro/ros2_tutorial_workspace/install/articubot_one/share/articubot_one/description/robot.urdf.xacro
-- Symlinking: /home/ribeiro/ros2_tutorial_workspace/install/articubot_one/share/articubot_one/description/robot.urdf.xacro:Zone.Identifier
-- Up-to-date symlink: /home/ribeiro/ros2_tutorial_workspace/install/articubot_one/share/articubot_one/description/robot_core.xacro
-- Symlinking: /home/ribeiro/ros2_tutorial_workspace/install/articubot_one/share/articubot_one/description/robot_core.xacro:Zone.Identifier
-- Up-to-date symlink: /home/ribeiro/ros2_tutorial_workspace/install/articubot_one/share/articubot_one/description/ros2_control.xacro
-- Symlinking: /home/ribeiro/ros2_tutorial_workspace/install/articubot_one/share/articubot_one/description/ros2_control.xacro:Zone.Identifier
-- Up-to-date symlink: /home/ribeiro/ros2_tutorial_workspace/install/articubot_one/share/articubot_one/launch/ball_tracker.launch.py
-- Symlinking: /home/ribeiro/ros2_tutorial_workspace/install/articubot_one/share/articubot_one/launch/ball_tracker.launch.py:Zone.Identifier
-- Up-to-date symlink: /home/ribeiro/ros2_tutorial_workspace/install/articubot_one/share/articubot_one/launch/camera.launch.py
-- Symlinking: /home/ribeiro/ros2_tutorial_workspace/install/articubot_one/share/articubot_one/launch/camera.launch.py:Zone.Identifier
-- Up-to-date symlink: /home/ribeiro/ros2_tutorial_workspace/install/articubot_one/share/articubot_one/launch/joystick.launch.py
-- Symlinking: /home/ribeiro/ros2_tutorial_workspace/install/articubot_one/share/articubot_one/launch/joystick.launch.py:Zone.Identifier
-- Up-to-date symlink: /home/ribeiro/ros2_tutorial_workspace/install/articubot_one/share/articubot_one/launch/launch_robot.launch.py
-- Symlinking: /home/ribeiro/ros2_tutorial_workspace/install/articubot_one/share/articubot_one/launch/launch_robot.launch.py:Zone.Identifier
-- Up-to-date symlink: /home/ribeiro/ros2_tutorial_workspace/install/articubot_one/share/articubot_one/launch/launch_sim.launch.py
-- Symlinking: /home/ribeiro/ros2_tutorial_workspace/install/articubot_one/share/articubot_one/launch/launch_sim.launch.py:Zone.Identifier
-- Up-to-date symlink: /home/ribeiro/ros2_tutorial_workspace/install/articubot_one/share/articubot_one/launch/localization_launch.py
-- Symlinking: /home/ribeiro/ros2_tutorial_workspace/install/articubot_one/share/articubot_one/launch/localization_launch.py:Zone.Identifier
-- Up-to-date symlink: /home/ribeiro/ros2_tutorial_workspace/install/articubot_one/share/articubot_one/launch/navigation_launch.py
-- Symlinking: /home/ribeiro/ros2_tutorial_workspace/install/articubot_one/share/articubot_one/launch/navigation_launch.py:Zone.Identifier
-- Up-to-date symlink: /home/ribeiro/ros2_tutorial_workspace/install/articubot_one/share/articubot_one/launch/online_async_launch.py
-- Symlinking: /home/ribeiro/ros2_tutorial_workspace/install/articubot_one/share/articubot_one/launch/online_async_launch.py:Zone.Identifier
-- Up-to-date symlink: /home/ribeiro/ros2_tutorial_workspace/install/articubot_one/share/articubot_one/launch/rplidar.launch.py
-- Symlinking: /home/ribeiro/ros2_tutorial_workspace/install/articubot_one/share/articubot_one/launch/rplidar.launch.py:Zone.Identifier
-- Up-to-date symlink: /home/ribeiro/ros2_tutorial_workspace/install/articubot_one/share/articubot_one/launch/rsp.launch.py
-- Symlinking: /home/ribeiro/ros2_tutorial_workspace/install/articubot_one/share/articubot_one/launch/rsp.launch.py:Zone.Identifier
-- Up-to-date symlink: /home/ribeiro/ros2_tutorial_workspace/install/articubot_one/share/articubot_one/worlds/empty.world
-- Symlinking: /home/ribeiro/ros2_tutorial_workspace/install/articubot_one/share/articubot_one/worlds/empty.world:Zone.Identifier
-- Up-to-date symlink: /home/ribeiro/ros2_tutorial_workspace/install/articubot_one/share/articubot_one/worlds/obstacles.world
-- Symlinking: /home/ribeiro/ros2_tutorial_workspace/install/articubot_one/share/articubot_one/worlds/obstacles.world:Zone.Identifier
-- Up-to-date symlink: /home/ribeiro/ros2_tutorial_workspace/install/articubot_one/share/ament_index/resource_index/package_run_dependencies/articubot_one
-- Up-to-date symlink: /home/ribeiro/ros2_tutorial_workspace/install/articubot_one/share/ament_index/resource_index/parent_prefix_path/articubot_one
-- Up-to-date symlink: /home/ribeiro/ros2_tutorial_workspace/install/articubot_one/share/articubot_one/environment/ament_prefix_path.sh
-- Up-to-date symlink: /home/ribeiro/ros2_tutorial_workspace/install/articubot_one/share/articubot_one/environment/ament_prefix_path.dsv
-- Up-to-date symlink: /home/ribeiro/ros2_tutorial_workspace/install/articubot_one/share/articubot_one/environment/path.sh
-- Up-to-date symlink: /home/ribeiro/ros2_tutorial_workspace/install/articubot_one/share/articubot_one/environment/path.dsv
-- Up-to-date symlink: /home/ribeiro/ros2_tutorial_workspace/install/articubot_one/share/articubot_one/local_setup.bash
-- Up-to-date symlink: /home/ribeiro/ros2_tutorial_workspace/install/articubot_one/share/articubot_one/local_setup.sh
-- Up-to-date symlink: /home/ribeiro/ros2_tutorial_workspace/install/articubot_one/share/articubot_one/local_setup.zsh
-- Up-to-date symlink: /home/ribeiro/ros2_tutorial_workspace/install/articubot_one/share/articubot_one/local_setup.dsv
-- Symlinking: /home/ribeiro/ros2_tutorial_workspace/install/articubot_one/share/articubot_one/package.dsv
-- Up-to-date symlink: /home/ribeiro/ros2_tutorial_workspace/install/articubot_one/share/ament_index/resource_index/packages/articubot_one
-- Up-to-date symlink: /home/ribeiro/ros2_tutorial_workspace/install/articubot_one/share/articubot_one/cmake/articubot_oneConfig.cmake
-- Up-to-date symlink: /home/ribeiro/ros2_tutorial_workspace/install/articubot_one/share/articubot_one/cmake/articubot_oneConfig-version.cmake
-- Up-to-date symlink: /home/ribeiro/ros2_tutorial_workspace/install/articubot_one/share/articubot_one/package.xml
