[0.191s] Invoking command in '/home/ribeiro/ros2_tutorial_workspace/build/articubot_one': CMAKE_PREFIX_PATH=${CMAKE_PREFIX_PATH}:/home/ribeiro/ros2_tutorial_workspace/install/python_package_that_uses_the_library:/home/ribeiro/ros2_tutorial_workspace/install/python_package_with_a_library:/home/ribeiro/ros2_tutorial_workspace/install/python_package_that_uses_the_services:/home/ribeiro/ros2_tutorial_workspace/install/python_package_that_uses_the_messages:/home/ribeiro/ros2_tutorial_workspace/install/python_package_that_uses_parameters_and_launch_files:/opt/ros/humble /usr/bin/cmake /home/ribeiro/ros2_tutorial_workspace/src/articubot_one -DAMENT_CMAKE_SYMLINK_INSTALL=1 -DCMAKE_INSTALL_PREFIX=/home/ribeiro/ros2_tutorial_workspace/install/articubot_one
[0.199s] -- Found ament_cmake: 1.3.14 (/opt/ros/humble/share/ament_cmake/cmake)
[0.300s] -- Override CMake install command with custom implementation using symlinks instead of copying resources
[0.305s] -- Found ament_lint_auto: 0.12.15 (/opt/ros/humble/share/ament_lint_auto/cmake)
[0.366s] -- Added test 'copyright' to check source files copyright and LICENSE
[0.369s] -- Added test 'flake8' to check Python code syntax and style conventions
[0.370s] -- Added test 'lint_cmake' to check CMake code style
[0.370s] -- Added test 'pep257' to check Python code against some of the docstring style conventions in PEP 257
[0.372s] -- Added test 'xmllint' to check XML markup files
[0.374s] -- Configuring done
[0.378s] -- Generating done
[0.380s] -- Build files have been written to: /home/ribeiro/ros2_tutorial_workspace/build/articubot_one
[0.539s] Invoked command in '/home/ribeiro/ros2_tutorial_workspace/build/articubot_one' returned '0': CMAKE_PREFIX_PATH=${CMAKE_PREFIX_PATH}:/home/ribeiro/ros2_tutorial_workspace/install/python_package_that_uses_the_library:/home/ribeiro/ros2_tutorial_workspace/install/python_package_with_a_library:/home/ribeiro/ros2_tutorial_workspace/install/python_package_that_uses_the_services:/home/ribeiro/ros2_tutorial_workspace/install/python_package_that_uses_the_messages:/home/ribeiro/ros2_tutorial_workspace/install/python_package_that_uses_parameters_and_launch_files:/opt/ros/humble /usr/bin/cmake /home/ribeiro/ros2_tutorial_workspace/src/articubot_one -DAMENT_CMAKE_SYMLINK_INSTALL=1 -DCMAKE_INSTALL_PREFIX=/home/ribeiro/ros2_tutorial_workspace/install/articubot_one
[0.540s] Invoking command in '/home/ribeiro/ros2_tutorial_workspace/build/articubot_one': CMAKE_PREFIX_PATH=${CMAKE_PREFIX_PATH}:/home/ribeiro/ros2_tutorial_workspace/install/python_package_that_uses_the_library:/home/ribeiro/ros2_tutorial_workspace/install/python_package_with_a_library:/home/ribeiro/ros2_tutorial_workspace/install/python_package_that_uses_the_services:/home/ribeiro/ros2_tutorial_workspace/install/python_package_that_uses_the_messages:/home/ribeiro/ros2_tutorial_workspace/install/python_package_that_uses_parameters_and_launch_files:/opt/ros/humble /usr/bin/cmake --build /home/ribeiro/ros2_tutorial_workspace/build/articubot_one -- -j12 -l12
[0.869s] Invoked command in '/home/ribeiro/ros2_tutorial_workspace/build/articubot_one' returned '0': CMAKE_PREFIX_PATH=${CMAKE_PREFIX_PATH}:/home/ribeiro/ros2_tutorial_workspace/install/python_package_that_uses_the_library:/home/ribeiro/ros2_tutorial_workspace/install/python_package_with_a_library:/home/ribeiro/ros2_tutorial_workspace/install/python_package_that_uses_the_services:/home/ribeiro/ros2_tutorial_workspace/install/python_package_that_uses_the_messages:/home/ribeiro/ros2_tutorial_workspace/install/python_package_that_uses_parameters_and_launch_files:/opt/ros/humble /usr/bin/cmake --build /home/ribeiro/ros2_tutorial_workspace/build/articubot_one -- -j12 -l12
[0.870s] Invoking command in '/home/ribeiro/ros2_tutorial_workspace/build/articubot_one': CMAKE_PREFIX_PATH=${CMAKE_PREFIX_PATH}:/home/ribeiro/ros2_tutorial_workspace/install/python_package_that_uses_the_library:/home/ribeiro/ros2_tutorial_workspace/install/python_package_with_a_library:/home/ribeiro/ros2_tutorial_workspace/install/python_package_that_uses_the_services:/home/ribeiro/ros2_tutorial_workspace/install/python_package_that_uses_the_messages:/home/ribeiro/ros2_tutorial_workspace/install/python_package_that_uses_parameters_and_launch_files:/opt/ros/humble /usr/bin/cmake --install /home/ribeiro/ros2_tutorial_workspace/build/articubot_one
[0.878s] -- Install configuration: ""
[0.880s] -- Execute custom install script
[0.881s] -- Up-to-date symlink: /home/ribeiro/ros2_tutorial_workspace/install/articubot_one/share/articubot_one/config/ball_tracker_params_robot.yaml
[0.881s] -- Symlinking: /home/ribeiro/ros2_tutorial_workspace/install/articubot_one/share/articubot_one/config/ball_tracker_params_robot.yaml:Zone.Identifier
[0.888s] -- Up-to-date symlink: /home/ribeiro/ros2_tutorial_workspace/install/articubot_one/share/articubot_one/config/ball_tracker_params_sim.yaml
[0.888s] -- Symlinking: /home/ribeiro/ros2_tutorial_workspace/install/articubot_one/share/articubot_one/config/ball_tracker_params_sim.yaml:Zone.Identifier
[0.895s] -- Up-to-date symlink: /home/ribeiro/ros2_tutorial_workspace/install/articubot_one/share/articubot_one/config/drive_bot.rviz
[0.895s] -- Symlinking: /home/ribeiro/ros2_tutorial_workspace/install/articubot_one/share/articubot_one/config/drive_bot.rviz:Zone.Identifier
[0.901s] -- Up-to-date symlink: /home/ribeiro/ros2_tutorial_workspace/install/articubot_one/share/articubot_one/config/empty.yaml
[0.901s] -- Symlinking: /home/ribeiro/ros2_tutorial_workspace/install/articubot_one/share/articubot_one/config/empty.yaml:Zone.Identifier
[0.907s] -- Up-to-date symlink: /home/ribeiro/ros2_tutorial_workspace/install/articubot_one/share/articubot_one/config/gaz_ros2_ctl_use_sim.yaml
[0.907s] -- Symlinking: /home/ribeiro/ros2_tutorial_workspace/install/articubot_one/share/articubot_one/config/gaz_ros2_ctl_use_sim.yaml:Zone.Identifier
[0.914s] -- Up-to-date symlink: /home/ribeiro/ros2_tutorial_workspace/install/articubot_one/share/articubot_one/config/gazebo_params.yaml
[0.914s] -- Symlinking: /home/ribeiro/ros2_tutorial_workspace/install/articubot_one/share/articubot_one/config/gazebo_params.yaml:Zone.Identifier
[0.921s] -- Up-to-date symlink: /home/ribeiro/ros2_tutorial_workspace/install/articubot_one/share/articubot_one/config/joystick.yaml
[0.921s] -- Symlinking: /home/ribeiro/ros2_tutorial_workspace/install/articubot_one/share/articubot_one/config/joystick.yaml:Zone.Identifier
[0.928s] -- Up-to-date symlink: /home/ribeiro/ros2_tutorial_workspace/install/articubot_one/share/articubot_one/config/main.rviz
[0.928s] -- Symlinking: /home/ribeiro/ros2_tutorial_workspace/install/articubot_one/share/articubot_one/config/main.rviz:Zone.Identifier
[0.936s] -- Up-to-date symlink: /home/ribeiro/ros2_tutorial_workspace/install/articubot_one/share/articubot_one/config/map.rviz
[0.936s] -- Symlinking: /home/ribeiro/ros2_tutorial_workspace/install/articubot_one/share/articubot_one/config/map.rviz:Zone.Identifier
[0.942s] -- Up-to-date symlink: /home/ribeiro/ros2_tutorial_workspace/install/articubot_one/share/articubot_one/config/mapper_params_online_async.yaml
[0.942s] -- Symlinking: /home/ribeiro/ros2_tutorial_workspace/install/articubot_one/share/articubot_one/config/mapper_params_online_async.yaml:Zone.Identifier
[0.949s] -- Up-to-date symlink: /home/ribeiro/ros2_tutorial_workspace/install/articubot_one/share/articubot_one/config/my_controllers.yaml
[0.949s] -- Symlinking: /home/ribeiro/ros2_tutorial_workspace/install/articubot_one/share/articubot_one/config/my_controllers.yaml:Zone.Identifier
[0.956s] -- Up-to-date symlink: /home/ribeiro/ros2_tutorial_workspace/install/articubot_one/share/articubot_one/config/nav2_params.yaml
[0.956s] -- Symlinking: /home/ribeiro/ros2_tutorial_workspace/install/articubot_one/share/articubot_one/config/nav2_params.yaml:Zone.Identifier
[0.962s] -- Up-to-date symlink: /home/ribeiro/ros2_tutorial_workspace/install/articubot_one/share/articubot_one/config/twist_mux.yaml
[0.963s] -- Symlinking: /home/ribeiro/ros2_tutorial_workspace/install/articubot_one/share/articubot_one/config/twist_mux.yaml:Zone.Identifier
[0.968s] -- Up-to-date symlink: /home/ribeiro/ros2_tutorial_workspace/install/articubot_one/share/articubot_one/config/view_bot.rviz
[0.968s] -- Symlinking: /home/ribeiro/ros2_tutorial_workspace/install/articubot_one/share/articubot_one/config/view_bot.rviz:Zone.Identifier
[0.974s] -- Up-to-date symlink: /home/ribeiro/ros2_tutorial_workspace/install/articubot_one/share/articubot_one/description/camera.xacro
[0.974s] -- Symlinking: /home/ribeiro/ros2_tutorial_workspace/install/articubot_one/share/articubot_one/description/camera.xacro:Zone.Identifier
[0.979s] -- Up-to-date symlink: /home/ribeiro/ros2_tutorial_workspace/install/articubot_one/share/articubot_one/description/depth_camera.xacro
[0.980s] -- Symlinking: /home/ribeiro/ros2_tutorial_workspace/install/articubot_one/share/articubot_one/description/depth_camera.xacro:Zone.Identifier
[0.986s] -- Up-to-date symlink: /home/ribeiro/ros2_tutorial_workspace/install/articubot_one/share/articubot_one/description/face.xacro
[0.986s] -- Symlinking: /home/ribeiro/ros2_tutorial_workspace/install/articubot_one/share/articubot_one/description/face.xacro:Zone.Identifier
[0.992s] -- Up-to-date symlink: /home/ribeiro/ros2_tutorial_workspace/install/articubot_one/share/articubot_one/description/gazebo_control.xacro
[0.992s] -- Symlinking: /home/ribeiro/ros2_tutorial_workspace/install/articubot_one/share/articubot_one/description/gazebo_control.xacro:Zone.Identifier
[0.998s] -- Up-to-date symlink: /home/ribeiro/ros2_tutorial_workspace/install/articubot_one/share/articubot_one/description/inertial_macros.xacro
[0.998s] -- Symlinking: /home/ribeiro/ros2_tutorial_workspace/install/articubot_one/share/articubot_one/description/inertial_macros.xacro:Zone.Identifier
[1.004s] -- Up-to-date symlink: /home/ribeiro/ros2_tutorial_workspace/install/articubot_one/share/articubot_one/description/lidar.xacro
[1.004s] -- Symlinking: /home/ribeiro/ros2_tutorial_workspace/install/articubot_one/share/articubot_one/description/lidar.xacro:Zone.Identifier
[1.011s] -- Up-to-date symlink: /home/ribeiro/ros2_tutorial_workspace/install/articubot_one/share/articubot_one/description/robot.urdf.xacro
[1.011s] -- Symlinking: /home/ribeiro/ros2_tutorial_workspace/install/articubot_one/share/articubot_one/description/robot.urdf.xacro:Zone.Identifier
[1.017s] -- Up-to-date symlink: /home/ribeiro/ros2_tutorial_workspace/install/articubot_one/share/articubot_one/description/robot_core.xacro
[1.017s] -- Symlinking: /home/ribeiro/ros2_tutorial_workspace/install/articubot_one/share/articubot_one/description/robot_core.xacro:Zone.Identifier
[1.024s] -- Up-to-date symlink: /home/ribeiro/ros2_tutorial_workspace/install/articubot_one/share/articubot_one/description/ros2_control.xacro
[1.024s] -- Symlinking: /home/ribeiro/ros2_tutorial_workspace/install/articubot_one/share/articubot_one/description/ros2_control.xacro:Zone.Identifier
[1.032s] -- Up-to-date symlink: /home/ribeiro/ros2_tutorial_workspace/install/articubot_one/share/articubot_one/launch/ball_tracker.launch.py
[1.032s] -- Symlinking: /home/ribeiro/ros2_tutorial_workspace/install/articubot_one/share/articubot_one/launch/ball_tracker.launch.py:Zone.Identifier
[1.039s] -- Up-to-date symlink: /home/ribeiro/ros2_tutorial_workspace/install/articubot_one/share/articubot_one/launch/camera.launch.py
[1.039s] -- Symlinking: /home/ribeiro/ros2_tutorial_workspace/install/articubot_one/share/articubot_one/launch/camera.launch.py:Zone.Identifier
[1.047s] -- Up-to-date symlink: /home/ribeiro/ros2_tutorial_workspace/install/articubot_one/share/articubot_one/launch/joystick.launch.py
[1.047s] -- Symlinking: /home/ribeiro/ros2_tutorial_workspace/install/articubot_one/share/articubot_one/launch/joystick.launch.py:Zone.Identifier
[1.054s] -- Up-to-date symlink: /home/ribeiro/ros2_tutorial_workspace/install/articubot_one/share/articubot_one/launch/launch_robot.launch.py
[1.054s] -- Symlinking: /home/ribeiro/ros2_tutorial_workspace/install/articubot_one/share/articubot_one/launch/launch_robot.launch.py:Zone.Identifier
[1.060s] -- Up-to-date symlink: /home/ribeiro/ros2_tutorial_workspace/install/articubot_one/share/articubot_one/launch/launch_sim.launch.py
[1.060s] -- Symlinking: /home/ribeiro/ros2_tutorial_workspace/install/articubot_one/share/articubot_one/launch/launch_sim.launch.py:Zone.Identifier
[1.066s] -- Up-to-date symlink: /home/ribeiro/ros2_tutorial_workspace/install/articubot_one/share/articubot_one/launch/localization_launch.py
[1.066s] -- Symlinking: /home/ribeiro/ros2_tutorial_workspace/install/articubot_one/share/articubot_one/launch/localization_launch.py:Zone.Identifier
[1.073s] -- Up-to-date symlink: /home/ribeiro/ros2_tutorial_workspace/install/articubot_one/share/articubot_one/launch/navigation_launch.py
[1.073s] -- Symlinking: /home/ribeiro/ros2_tutorial_workspace/install/articubot_one/share/articubot_one/launch/navigation_launch.py:Zone.Identifier
[1.080s] -- Up-to-date symlink: /home/ribeiro/ros2_tutorial_workspace/install/articubot_one/share/articubot_one/launch/online_async_launch.py
[1.080s] -- Symlinking: /home/ribeiro/ros2_tutorial_workspace/install/articubot_one/share/articubot_one/launch/online_async_launch.py:Zone.Identifier
[1.085s] -- Up-to-date symlink: /home/ribeiro/ros2_tutorial_workspace/install/articubot_one/share/articubot_one/launch/rplidar.launch.py
[1.085s] -- Symlinking: /home/ribeiro/ros2_tutorial_workspace/install/articubot_one/share/articubot_one/launch/rplidar.launch.py:Zone.Identifier
[1.091s] -- Up-to-date symlink: /home/ribeiro/ros2_tutorial_workspace/install/articubot_one/share/articubot_one/launch/rsp.launch.py
[1.091s] -- Symlinking: /home/ribeiro/ros2_tutorial_workspace/install/articubot_one/share/articubot_one/launch/rsp.launch.py:Zone.Identifier
[1.099s] -- Up-to-date symlink: /home/ribeiro/ros2_tutorial_workspace/install/articubot_one/share/articubot_one/worlds/empty.world
[1.099s] -- Symlinking: /home/ribeiro/ros2_tutorial_workspace/install/articubot_one/share/articubot_one/worlds/empty.world:Zone.Identifier
[1.106s] -- Up-to-date symlink: /home/ribeiro/ros2_tutorial_workspace/install/articubot_one/share/articubot_one/worlds/obstacles.world
[1.106s] -- Symlinking: /home/ribeiro/ros2_tutorial_workspace/install/articubot_one/share/articubot_one/worlds/obstacles.world:Zone.Identifier
[1.113s] -- Up-to-date symlink: /home/ribeiro/ros2_tutorial_workspace/install/articubot_one/share/ament_index/resource_index/package_run_dependencies/articubot_one
[1.113s] -- Up-to-date symlink: /home/ribeiro/ros2_tutorial_workspace/install/articubot_one/share/ament_index/resource_index/parent_prefix_path/articubot_one
[1.114s] -- Up-to-date symlink: /home/ribeiro/ros2_tutorial_workspace/install/articubot_one/share/articubot_one/environment/ament_prefix_path.sh
[1.114s] -- Up-to-date symlink: /home/ribeiro/ros2_tutorial_workspace/install/articubot_one/share/articubot_one/environment/ament_prefix_path.dsv
[1.114s] -- Up-to-date symlink: /home/ribeiro/ros2_tutorial_workspace/install/articubot_one/share/articubot_one/environment/path.sh
[1.114s] -- Up-to-date symlink: /home/ribeiro/ros2_tutorial_workspace/install/articubot_one/share/articubot_one/environment/path.dsv
[1.114s] -- Up-to-date symlink: /home/ribeiro/ros2_tutorial_workspace/install/articubot_one/share/articubot_one/local_setup.bash
[1.114s] -- Up-to-date symlink: /home/ribeiro/ros2_tutorial_workspace/install/articubot_one/share/articubot_one/local_setup.sh
[1.114s] -- Up-to-date symlink: /home/ribeiro/ros2_tutorial_workspace/install/articubot_one/share/articubot_one/local_setup.zsh
[1.115s] -- Up-to-date symlink: /home/ribeiro/ros2_tutorial_workspace/install/articubot_one/share/articubot_one/local_setup.dsv
[1.115s] -- Symlinking: /home/ribeiro/ros2_tutorial_workspace/install/articubot_one/share/articubot_one/package.dsv
[1.122s] -- Up-to-date symlink: /home/ribeiro/ros2_tutorial_workspace/install/articubot_one/share/ament_index/resource_index/packages/articubot_one
[1.122s] -- Up-to-date symlink: /home/ribeiro/ros2_tutorial_workspace/install/articubot_one/share/articubot_one/cmake/articubot_oneConfig.cmake
[1.122s] -- Up-to-date symlink: /home/ribeiro/ros2_tutorial_workspace/install/articubot_one/share/articubot_one/cmake/articubot_oneConfig-version.cmake
[1.122s] -- Up-to-date symlink: /home/ribeiro/ros2_tutorial_workspace/install/articubot_one/share/articubot_one/package.xml
[1.124s] Invoked command in '/home/ribeiro/ros2_tutorial_workspace/build/articubot_one' returned '0': CMAKE_PREFIX_PATH=${CMAKE_PREFIX_PATH}:/home/ribeiro/ros2_tutorial_workspace/install/python_package_that_uses_the_library:/home/ribeiro/ros2_tutorial_workspace/install/python_package_with_a_library:/home/ribeiro/ros2_tutorial_workspace/install/python_package_that_uses_the_services:/home/ribeiro/ros2_tutorial_workspace/install/python_package_that_uses_the_messages:/home/ribeiro/ros2_tutorial_workspace/install/python_package_that_uses_parameters_and_launch_files:/opt/ros/humble /usr/bin/cmake --install /home/ribeiro/ros2_tutorial_workspace/build/articubot_one
