-- The C compiler identification is GNU 11.4.0
-- The CXX compiler identification is GNU 11.4.0
-- Detecting C compiler ABI info
-- Detecting C compiler ABI info - done
-- Check for working C compiler: /usr/bin/cc - skipped
-- Detecting C compile features
-- Detecting C compile features - done
-- Detecting CXX compiler ABI info
-- Detecting CXX compiler ABI info - done
-- Check for working CXX compiler: /usr/bin/c++ - skipped
-- Detecting CXX compile features
-- Detecting CXX compile features - done
-- Found ament_cmake: 1.3.14 (/opt/ros/humble/share/ament_cmake/cmake)
-- Found Python3: /usr/bin/python3 (found version "3.10.12") found components: Interpreter 
-- Found geometry_msgs: 4.9.2 (/opt/ros/humble/share/geometry_msgs/cmake)
-- Found rosidl_generator_c: 3.1.9 (/opt/ros/humble/share/rosidl_generator_c/cmake)
-- Found rosidl_adapter: 3.1.9 (/opt/ros/humble/share/rosidl_adapter/cmake)
-- Found rosidl_generator_cpp: 3.1.9 (/opt/ros/humble/share/rosidl_generator_cpp/cmake)
-- Using all available rosidl_typesupport_c: rosidl_typesupport_fastrtps_c;rosidl_typesupport_introspection_c
-- Using all available rosidl_typesupport_cpp: rosidl_typesupport_fastrtps_cpp;rosidl_typesupport_introspection_cpp
-- Found rosidl_default_generators: 1.2.1 (/opt/ros/humble/share/rosidl_default_generators/cmake)
-- Found ament_cmake_ros: 0.10.0 (/opt/ros/humble/share/ament_cmake_ros/cmake)
-- Using all available rosidl_typesupport_c: rosidl_typesupport_fastrtps_c;rosidl_typesupport_introspection_c
-- Using all available rosidl_typesupport_cpp: rosidl_typesupport_fastrtps_cpp;rosidl_typesupport_introspection_cpp
-- Found PythonInterp: /usr/bin/python3 (found suitable version "3.10.12", minimum required is "3.6") 
-- Found python_cmake_module: 0.10.0 (/opt/ros/humble/share/python_cmake_module/cmake)
-- Found PythonLibs: /usr/lib/x86_64-linux-gnu/libpython3.10.so (found suitable version "3.10.12", minimum required is "3.5") 
-- Using PYTHON_EXECUTABLE: /usr/bin/python3
-- Using PYTHON_INCLUDE_DIRS: /usr/include/python3.10
-- Using PYTHON_LIBRARIES: /usr/lib/x86_64-linux-gnu/libpython3.10.so
-- Found PythonExtra: .so  
-- Found ament_lint_auto: 0.12.15 (/opt/ros/humble/share/ament_lint_auto/cmake)
-- Added test 'lint_cmake' to check CMake code style
-- Added test 'xmllint' to check XML markup files
-- Configuring done
-- Generating done
-- Build files have been written to: /home/ribeiro/ros2_tutorial_workspace/build/package_with_interfaces
[  2%] [34m[1mGenerating C code for ROS interfaces[0m
[  5%] [34m[1mGenerating Rust code for ROS interfaces[0m
[  7%] [34m[1mGenerating C++ code for ROS interfaces[0m
[  7%] Built target ament_cmake_python_copy_package_with_interfaces
[  7%] Built target package_with_interfaces__rs
[  7%] Built target package_with_interfaces__cpp
running egg_info
creating package_with_interfaces.egg-info
[ 10%] [32mBuilding C object CMakeFiles/package_with_interfaces__rosidl_generator_c.dir/rosidl_generator_c/package_with_interfaces/msg/detail/amazing_quote__functions.c.o[0m
[ 12%] [32mBuilding C object CMakeFiles/package_with_interfaces__rosidl_generator_c.dir/rosidl_generator_c/package_with_interfaces/srv/detail/what_is_the_point__functions.c.o[0m
writing package_with_interfaces.egg-info/PKG-INFO
writing dependency_links to package_with_interfaces.egg-info/dependency_links.txt
[ 20%] [34m[1mGenerating C++ type support for eProsima Fast-RTPS[0m
writing top-level names to package_with_interfaces.egg-info/top_level.txt
[ 20%] [34m[1mGenerating C++ introspection for ROS interfaces[0m
[ 20%] [34m[1mGenerating C++ type support dispatch for ROS interfaces[0m
writing manifest file 'package_with_interfaces.egg-info/SOURCES.txt'
reading manifest file 'package_with_interfaces.egg-info/SOURCES.txt'
writing manifest file 'package_with_interfaces.egg-info/SOURCES.txt'
[ 20%] Built target ament_cmake_python_build_package_with_interfaces_egg
[ 22%] [32mBuilding CXX object CMakeFiles/package_with_interfaces__rosidl_typesupport_cpp.dir/rosidl_typesupport_cpp/package_with_interfaces/msg/amazing_quote__type_support.cpp.o[0m
[ 25%] [32mBuilding CXX object CMakeFiles/package_with_interfaces__rosidl_typesupport_cpp.dir/rosidl_typesupport_cpp/package_with_interfaces/srv/what_is_the_point__type_support.cpp.o[0m
[ 27%] [32mBuilding CXX object CMakeFiles/package_with_interfaces__rosidl_typesupport_introspection_cpp.dir/rosidl_typesupport_introspection_cpp/package_with_interfaces/msg/detail/amazing_quote__type_support.cpp.o[0m
[ 30%] [32mBuilding CXX object CMakeFiles/package_with_interfaces__rosidl_typesupport_fastrtps_cpp.dir/rosidl_typesupport_fastrtps_cpp/package_with_interfaces/msg/detail/dds_fastrtps/amazing_quote__type_support.cpp.o[0m
[ 32%] [32mBuilding CXX object CMakeFiles/package_with_interfaces__rosidl_typesupport_introspection_cpp.dir/rosidl_typesupport_introspection_cpp/package_with_interfaces/srv/detail/what_is_the_point__type_support.cpp.o[0m
[ 35%] [32m[1mLinking C shared library libpackage_with_interfaces__rosidl_generator_c.so[0m
[ 35%] Built target package_with_interfaces__rosidl_generator_c
[ 37%] [34m[1mGenerating C type support for eProsima Fast-RTPS[0m
[ 40%] [32mBuilding CXX object CMakeFiles/package_with_interfaces__rosidl_typesupport_fastrtps_c.dir/rosidl_typesupport_fastrtps_c/package_with_interfaces/msg/detail/amazing_quote__type_support_c.cpp.o[0m
[ 42%] [32mBuilding CXX object CMakeFiles/package_with_interfaces__rosidl_typesupport_fastrtps_cpp.dir/rosidl_typesupport_fastrtps_cpp/package_with_interfaces/srv/detail/dds_fastrtps/what_is_the_point__type_support.cpp.o[0m
[ 45%] [32m[1mLinking CXX shared library libpackage_with_interfaces__rosidl_typesupport_cpp.so[0m
[ 45%] Built target package_with_interfaces__rosidl_typesupport_cpp
[ 47%] [34m[1mGenerating C introspection for ROS interfaces[0m
[ 50%] [32mBuilding CXX object CMakeFiles/package_with_interfaces__rosidl_typesupport_fastrtps_c.dir/rosidl_typesupport_fastrtps_c/package_with_interfaces/srv/detail/what_is_the_point__type_support_c.cpp.o[0m
[ 52%] [32m[1mLinking CXX shared library libpackage_with_interfaces__rosidl_typesupport_introspection_cpp.so[0m
[ 55%] [34m[1mGenerating C type support dispatch for ROS interfaces[0m
[ 55%] Built target package_with_interfaces__rosidl_typesupport_introspection_cpp
[ 57%] [32mBuilding C object CMakeFiles/package_with_interfaces__rosidl_typesupport_introspection_c.dir/rosidl_typesupport_introspection_c/package_with_interfaces/msg/detail/amazing_quote__type_support.c.o[0m
[ 60%] [32mBuilding C object CMakeFiles/package_with_interfaces__rosidl_typesupport_introspection_c.dir/rosidl_typesupport_introspection_c/package_with_interfaces/srv/detail/what_is_the_point__type_support.c.o[0m
[ 62%] [32mBuilding CXX object CMakeFiles/package_with_interfaces__rosidl_typesupport_c.dir/rosidl_typesupport_c/package_with_interfaces/msg/amazing_quote__type_support.cpp.o[0m
[ 65%] [32mBuilding CXX object CMakeFiles/package_with_interfaces__rosidl_typesupport_c.dir/rosidl_typesupport_c/package_with_interfaces/srv/what_is_the_point__type_support.cpp.o[0m
[ 67%] [32m[1mLinking CXX shared library libpackage_with_interfaces__rosidl_typesupport_fastrtps_c.so[0m
[ 70%] [32m[1mLinking C shared library libpackage_with_interfaces__rosidl_typesupport_introspection_c.so[0m
[ 72%] [32m[1mLinking CXX shared library libpackage_with_interfaces__rosidl_typesupport_fastrtps_cpp.so[0m
[ 75%] [32m[1mLinking CXX shared library libpackage_with_interfaces__rosidl_typesupport_c.so[0m
[ 75%] Built target package_with_interfaces__rosidl_typesupport_fastrtps_c
[ 75%] Built target package_with_interfaces__rosidl_typesupport_introspection_c
[ 75%] Built target package_with_interfaces__rosidl_typesupport_c
[ 75%] Built target package_with_interfaces__rosidl_typesupport_fastrtps_cpp
[ 75%] Built target package_with_interfaces
[ 77%] [34m[1mGenerating Python code for ROS interfaces[0m
[ 77%] Built target package_with_interfaces__py
[ 82%] [32mBuilding C object CMakeFiles/package_with_interfaces__rosidl_generator_py.dir/rosidl_generator_py/package_with_interfaces/srv/_what_is_the_point_s.c.o[0m
[ 82%] [32mBuilding C object CMakeFiles/package_with_interfaces__rosidl_generator_py.dir/rosidl_generator_py/package_with_interfaces/msg/_amazing_quote_s.c.o[0m
[ 85%] [32m[1mLinking C shared library rosidl_generator_py/package_with_interfaces/libpackage_with_interfaces__rosidl_generator_py.so[0m
[ 85%] Built target package_with_interfaces__rosidl_generator_py
[ 92%] [32mBuilding C object CMakeFiles/package_with_interfaces__rosidl_typesupport_c__pyext.dir/rosidl_generator_py/package_with_interfaces/_package_with_interfaces_s.ep.rosidl_typesupport_c.c.o[0m
[ 92%] [32mBuilding C object CMakeFiles/package_with_interfaces__rosidl_typesupport_fastrtps_c__pyext.dir/rosidl_generator_py/package_with_interfaces/_package_with_interfaces_s.ep.rosidl_typesupport_fastrtps_c.c.o[0m
[ 92%] [32mBuilding C object CMakeFiles/package_with_interfaces__rosidl_typesupport_introspection_c__pyext.dir/rosidl_generator_py/package_with_interfaces/_package_with_interfaces_s.ep.rosidl_typesupport_introspection_c.c.o[0m
[ 95%] [32m[1mLinking C shared library rosidl_generator_py/package_with_interfaces/package_with_interfaces_s__rosidl_typesupport_introspection_c.cpython-310-x86_64-linux-gnu.so[0m
[100%] [32m[1mLinking C shared library rosidl_generator_py/package_with_interfaces/package_with_interfaces_s__rosidl_typesupport_c.cpython-310-x86_64-linux-gnu.so[0m
[100%] [32m[1mLinking C shared library rosidl_generator_py/package_with_interfaces/package_with_interfaces_s__rosidl_typesupport_fastrtps_c.cpython-310-x86_64-linux-gnu.so[0m
[100%] Built target package_with_interfaces__rosidl_typesupport_introspection_c__pyext
[100%] Built target package_with_interfaces__rosidl_typesupport_fastrtps_c__pyext
[100%] Built target package_with_interfaces__rosidl_typesupport_c__pyext
-- Install configuration: ""
-- Installing: /home/ribeiro/ros2_tutorial_workspace/install/package_with_interfaces/share/ament_index/resource_index/rosidl_interfaces/package_with_interfaces
-- Installing: /home/ribeiro/ros2_tutorial_workspace/install/package_with_interfaces/include/package_with_interfaces/package_with_interfaces
-- Installing: /home/ribeiro/ros2_tutorial_workspace/install/package_with_interfaces/include/package_with_interfaces/package_with_interfaces/msg
-- Installing: /home/ribeiro/ros2_tutorial_workspace/install/package_with_interfaces/include/package_with_interfaces/package_with_interfaces/msg/amazing_quote.h
-- Installing: /home/ribeiro/ros2_tutorial_workspace/install/package_with_interfaces/include/package_with_interfaces/package_with_interfaces/msg/detail
-- Installing: /home/ribeiro/ros2_tutorial_workspace/install/package_with_interfaces/include/package_with_interfaces/package_with_interfaces/msg/detail/amazing_quote__functions.c
-- Installing: /home/ribeiro/ros2_tutorial_workspace/install/package_with_interfaces/include/package_with_interfaces/package_with_interfaces/msg/detail/amazing_quote__functions.h
-- Installing: /home/ribeiro/ros2_tutorial_workspace/install/package_with_interfaces/include/package_with_interfaces/package_with_interfaces/msg/detail/amazing_quote__struct.h
-- Installing: /home/ribeiro/ros2_tutorial_workspace/install/package_with_interfaces/include/package_with_interfaces/package_with_interfaces/msg/detail/amazing_quote__type_support.h
-- Installing: /home/ribeiro/ros2_tutorial_workspace/install/package_with_interfaces/include/package_with_interfaces/package_with_interfaces/msg/rosidl_generator_c__visibility_control.h
-- Installing: /home/ribeiro/ros2_tutorial_workspace/install/package_with_interfaces/include/package_with_interfaces/package_with_interfaces/srv
-- Installing: /home/ribeiro/ros2_tutorial_workspace/install/package_with_interfaces/include/package_with_interfaces/package_with_interfaces/srv/detail
-- Installing: /home/ribeiro/ros2_tutorial_workspace/install/package_with_interfaces/include/package_with_interfaces/package_with_interfaces/srv/detail/what_is_the_point__functions.c
-- Installing: /home/ribeiro/ros2_tutorial_workspace/install/package_with_interfaces/include/package_with_interfaces/package_with_interfaces/srv/detail/what_is_the_point__functions.h
-- Installing: /home/ribeiro/ros2_tutorial_workspace/install/package_with_interfaces/include/package_with_interfaces/package_with_interfaces/srv/detail/what_is_the_point__struct.h
-- Installing: /home/ribeiro/ros2_tutorial_workspace/install/package_with_interfaces/include/package_with_interfaces/package_with_interfaces/srv/detail/what_is_the_point__type_support.h
-- Installing: /home/ribeiro/ros2_tutorial_workspace/install/package_with_interfaces/include/package_with_interfaces/package_with_interfaces/srv/what_is_the_point.h
-- Installing: /home/ribeiro/ros2_tutorial_workspace/install/package_with_interfaces/share/package_with_interfaces/environment/library_path.sh
-- Installing: /home/ribeiro/ros2_tutorial_workspace/install/package_with_interfaces/share/package_with_interfaces/environment/library_path.dsv
-- Installing: /home/ribeiro/ros2_tutorial_workspace/install/package_with_interfaces/lib/libpackage_with_interfaces__rosidl_generator_c.so
-- Set runtime path of "/home/ribeiro/ros2_tutorial_workspace/install/package_with_interfaces/lib/libpackage_with_interfaces__rosidl_generator_c.so" to ""
-- Up-to-date: /home/ribeiro/ros2_tutorial_workspace/install/package_with_interfaces/include/package_with_interfaces/package_with_interfaces
-- Up-to-date: /home/ribeiro/ros2_tutorial_workspace/install/package_with_interfaces/include/package_with_interfaces/package_with_interfaces/msg
-- Up-to-date: /home/ribeiro/ros2_tutorial_workspace/install/package_with_interfaces/include/package_with_interfaces/package_with_interfaces/msg/detail
-- Installing: /home/ribeiro/ros2_tutorial_workspace/install/package_with_interfaces/include/package_with_interfaces/package_with_interfaces/msg/detail/amazing_quote__rosidl_typesupport_fastrtps_c.h
-- Installing: /home/ribeiro/ros2_tutorial_workspace/install/package_with_interfaces/include/package_with_interfaces/package_with_interfaces/msg/rosidl_typesupport_fastrtps_c__visibility_control.h
-- Up-to-date: /home/ribeiro/ros2_tutorial_workspace/install/package_with_interfaces/include/package_with_interfaces/package_with_interfaces/srv
-- Up-to-date: /home/ribeiro/ros2_tutorial_workspace/install/package_with_interfaces/include/package_with_interfaces/package_with_interfaces/srv/detail
-- Installing: /home/ribeiro/ros2_tutorial_workspace/install/package_with_interfaces/include/package_with_interfaces/package_with_interfaces/srv/detail/what_is_the_point__rosidl_typesupport_fastrtps_c.h
-- Installing: /home/ribeiro/ros2_tutorial_workspace/install/package_with_interfaces/lib/libpackage_with_interfaces__rosidl_typesupport_fastrtps_c.so
-- Set runtime path of "/home/ribeiro/ros2_tutorial_workspace/install/package_with_interfaces/lib/libpackage_with_interfaces__rosidl_typesupport_fastrtps_c.so" to ""
-- Up-to-date: /home/ribeiro/ros2_tutorial_workspace/install/package_with_interfaces/include/package_with_interfaces/package_with_interfaces
-- Up-to-date: /home/ribeiro/ros2_tutorial_workspace/install/package_with_interfaces/include/package_with_interfaces/package_with_interfaces/msg
-- Installing: /home/ribeiro/ros2_tutorial_workspace/install/package_with_interfaces/include/package_with_interfaces/package_with_interfaces/msg/amazing_quote.hpp
-- Up-to-date: /home/ribeiro/ros2_tutorial_workspace/install/package_with_interfaces/include/package_with_interfaces/package_with_interfaces/msg/detail
-- Installing: /home/ribeiro/ros2_tutorial_workspace/install/package_with_interfaces/include/package_with_interfaces/package_with_interfaces/msg/detail/amazing_quote__builder.hpp
-- Installing: /home/ribeiro/ros2_tutorial_workspace/install/package_with_interfaces/include/package_with_interfaces/package_with_interfaces/msg/detail/amazing_quote__struct.hpp
-- Installing: /home/ribeiro/ros2_tutorial_workspace/install/package_with_interfaces/include/package_with_interfaces/package_with_interfaces/msg/detail/amazing_quote__traits.hpp
-- Installing: /home/ribeiro/ros2_tutorial_workspace/install/package_with_interfaces/include/package_with_interfaces/package_with_interfaces/msg/detail/amazing_quote__type_support.hpp
-- Installing: /home/ribeiro/ros2_tutorial_workspace/install/package_with_interfaces/include/package_with_interfaces/package_with_interfaces/msg/rosidl_generator_cpp__visibility_control.hpp
-- Up-to-date: /home/ribeiro/ros2_tutorial_workspace/install/package_with_interfaces/include/package_with_interfaces/package_with_interfaces/srv
-- Up-to-date: /home/ribeiro/ros2_tutorial_workspace/install/package_with_interfaces/include/package_with_interfaces/package_with_interfaces/srv/detail
-- Installing: /home/ribeiro/ros2_tutorial_workspace/install/package_with_interfaces/include/package_with_interfaces/package_with_interfaces/srv/detail/what_is_the_point__builder.hpp
-- Installing: /home/ribeiro/ros2_tutorial_workspace/install/package_with_interfaces/include/package_with_interfaces/package_with_interfaces/srv/detail/what_is_the_point__struct.hpp
-- Installing: /home/ribeiro/ros2_tutorial_workspace/install/package_with_interfaces/include/package_with_interfaces/package_with_interfaces/srv/detail/what_is_the_point__traits.hpp
-- Installing: /home/ribeiro/ros2_tutorial_workspace/install/package_with_interfaces/include/package_with_interfaces/package_with_interfaces/srv/detail/what_is_the_point__type_support.hpp
-- Installing: /home/ribeiro/ros2_tutorial_workspace/install/package_with_interfaces/include/package_with_interfaces/package_with_interfaces/srv/what_is_the_point.hpp
-- Up-to-date: /home/ribeiro/ros2_tutorial_workspace/install/package_with_interfaces/include/package_with_interfaces/package_with_interfaces
-- Up-to-date: /home/ribeiro/ros2_tutorial_workspace/install/package_with_interfaces/include/package_with_interfaces/package_with_interfaces/msg
-- Up-to-date: /home/ribeiro/ros2_tutorial_workspace/install/package_with_interfaces/include/package_with_interfaces/package_with_interfaces/msg/detail
-- Installing: /home/ribeiro/ros2_tutorial_workspace/install/package_with_interfaces/include/package_with_interfaces/package_with_interfaces/msg/detail/amazing_quote__rosidl_typesupport_fastrtps_cpp.hpp
-- Installing: /home/ribeiro/ros2_tutorial_workspace/install/package_with_interfaces/include/package_with_interfaces/package_with_interfaces/msg/detail/dds_fastrtps
-- Installing: /home/ribeiro/ros2_tutorial_workspace/install/package_with_interfaces/include/package_with_interfaces/package_with_interfaces/msg/rosidl_typesupport_fastrtps_cpp__visibility_control.h
-- Up-to-date: /home/ribeiro/ros2_tutorial_workspace/install/package_with_interfaces/include/package_with_interfaces/package_with_interfaces/srv
-- Up-to-date: /home/ribeiro/ros2_tutorial_workspace/install/package_with_interfaces/include/package_with_interfaces/package_with_interfaces/srv/detail
-- Installing: /home/ribeiro/ros2_tutorial_workspace/install/package_with_interfaces/include/package_with_interfaces/package_with_interfaces/srv/detail/dds_fastrtps
-- Installing: /home/ribeiro/ros2_tutorial_workspace/install/package_with_interfaces/include/package_with_interfaces/package_with_interfaces/srv/detail/what_is_the_point__rosidl_typesupport_fastrtps_cpp.hpp
-- Installing: /home/ribeiro/ros2_tutorial_workspace/install/package_with_interfaces/lib/libpackage_with_interfaces__rosidl_typesupport_fastrtps_cpp.so
-- Set runtime path of "/home/ribeiro/ros2_tutorial_workspace/install/package_with_interfaces/lib/libpackage_with_interfaces__rosidl_typesupport_fastrtps_cpp.so" to ""
-- Up-to-date: /home/ribeiro/ros2_tutorial_workspace/install/package_with_interfaces/include/package_with_interfaces/package_with_interfaces
-- Up-to-date: /home/ribeiro/ros2_tutorial_workspace/install/package_with_interfaces/include/package_with_interfaces/package_with_interfaces/msg
-- Up-to-date: /home/ribeiro/ros2_tutorial_workspace/install/package_with_interfaces/include/package_with_interfaces/package_with_interfaces/msg/detail
-- Installing: /home/ribeiro/ros2_tutorial_workspace/install/package_with_interfaces/include/package_with_interfaces/package_with_interfaces/msg/detail/amazing_quote__rosidl_typesupport_introspection_c.h
-- Installing: /home/ribeiro/ros2_tutorial_workspace/install/package_with_interfaces/include/package_with_interfaces/package_with_interfaces/msg/detail/amazing_quote__type_support.c
-- Installing: /home/ribeiro/ros2_tutorial_workspace/install/package_with_interfaces/include/package_with_interfaces/package_with_interfaces/msg/rosidl_typesupport_introspection_c__visibility_control.h
-- Up-to-date: /home/ribeiro/ros2_tutorial_workspace/install/package_with_interfaces/include/package_with_interfaces/package_with_interfaces/srv
-- Up-to-date: /home/ribeiro/ros2_tutorial_workspace/install/package_with_interfaces/include/package_with_interfaces/package_with_interfaces/srv/detail
-- Installing: /home/ribeiro/ros2_tutorial_workspace/install/package_with_interfaces/include/package_with_interfaces/package_with_interfaces/srv/detail/what_is_the_point__rosidl_typesupport_introspection_c.h
-- Installing: /home/ribeiro/ros2_tutorial_workspace/install/package_with_interfaces/include/package_with_interfaces/package_with_interfaces/srv/detail/what_is_the_point__type_support.c
-- Installing: /home/ribeiro/ros2_tutorial_workspace/install/package_with_interfaces/lib/libpackage_with_interfaces__rosidl_typesupport_introspection_c.so
-- Set runtime path of "/home/ribeiro/ros2_tutorial_workspace/install/package_with_interfaces/lib/libpackage_with_interfaces__rosidl_typesupport_introspection_c.so" to ""
-- Installing: /home/ribeiro/ros2_tutorial_workspace/install/package_with_interfaces/lib/libpackage_with_interfaces__rosidl_typesupport_c.so
-- Set runtime path of "/home/ribeiro/ros2_tutorial_workspace/install/package_with_interfaces/lib/libpackage_with_interfaces__rosidl_typesupport_c.so" to ""
-- Up-to-date: /home/ribeiro/ros2_tutorial_workspace/install/package_with_interfaces/include/package_with_interfaces/package_with_interfaces
-- Up-to-date: /home/ribeiro/ros2_tutorial_workspace/install/package_with_interfaces/include/package_with_interfaces/package_with_interfaces/msg
-- Up-to-date: /home/ribeiro/ros2_tutorial_workspace/install/package_with_interfaces/include/package_with_interfaces/package_with_interfaces/msg/detail
-- Installing: /home/ribeiro/ros2_tutorial_workspace/install/package_with_interfaces/include/package_with_interfaces/package_with_interfaces/msg/detail/amazing_quote__rosidl_typesupport_introspection_cpp.hpp
-- Installing: /home/ribeiro/ros2_tutorial_workspace/install/package_with_interfaces/include/package_with_interfaces/package_with_interfaces/msg/detail/amazing_quote__type_support.cpp
-- Up-to-date: /home/ribeiro/ros2_tutorial_workspace/install/package_with_interfaces/include/package_with_interfaces/package_with_interfaces/srv
-- Up-to-date: /home/ribeiro/ros2_tutorial_workspace/install/package_with_interfaces/include/package_with_interfaces/package_with_interfaces/srv/detail
-- Installing: /home/ribeiro/ros2_tutorial_workspace/install/package_with_interfaces/include/package_with_interfaces/package_with_interfaces/srv/detail/what_is_the_point__rosidl_typesupport_introspection_cpp.hpp
-- Installing: /home/ribeiro/ros2_tutorial_workspace/install/package_with_interfaces/include/package_with_interfaces/package_with_interfaces/srv/detail/what_is_the_point__type_support.cpp
-- Installing: /home/ribeiro/ros2_tutorial_workspace/install/package_with_interfaces/lib/libpackage_with_interfaces__rosidl_typesupport_introspection_cpp.so
-- Set runtime path of "/home/ribeiro/ros2_tutorial_workspace/install/package_with_interfaces/lib/libpackage_with_interfaces__rosidl_typesupport_introspection_cpp.so" to ""
-- Installing: /home/ribeiro/ros2_tutorial_workspace/install/package_with_interfaces/lib/libpackage_with_interfaces__rosidl_typesupport_cpp.so
-- Set runtime path of "/home/ribeiro/ros2_tutorial_workspace/install/package_with_interfaces/lib/libpackage_with_interfaces__rosidl_typesupport_cpp.so" to ""
-- Installing: /home/ribeiro/ros2_tutorial_workspace/install/package_with_interfaces/share/package_with_interfaces/environment/pythonpath.sh
-- Installing: /home/ribeiro/ros2_tutorial_workspace/install/package_with_interfaces/share/package_with_interfaces/environment/pythonpath.dsv
-- Installing: /home/ribeiro/ros2_tutorial_workspace/install/package_with_interfaces/local/lib/python3.10/dist-packages/package_with_interfaces-0.0.0-py3.10.egg-info
-- Installing: /home/ribeiro/ros2_tutorial_workspace/install/package_with_interfaces/local/lib/python3.10/dist-packages/package_with_interfaces-0.0.0-py3.10.egg-info/dependency_links.txt
-- Installing: /home/ribeiro/ros2_tutorial_workspace/install/package_with_interfaces/local/lib/python3.10/dist-packages/package_with_interfaces-0.0.0-py3.10.egg-info/PKG-INFO
-- Installing: /home/ribeiro/ros2_tutorial_workspace/install/package_with_interfaces/local/lib/python3.10/dist-packages/package_with_interfaces-0.0.0-py3.10.egg-info/SOURCES.txt
-- Installing: /home/ribeiro/ros2_tutorial_workspace/install/package_with_interfaces/local/lib/python3.10/dist-packages/package_with_interfaces-0.0.0-py3.10.egg-info/top_level.txt
-- Installing: /home/ribeiro/ros2_tutorial_workspace/install/package_with_interfaces/local/lib/python3.10/dist-packages/package_with_interfaces
-- Installing: /home/ribeiro/ros2_tutorial_workspace/install/package_with_interfaces/local/lib/python3.10/dist-packages/package_with_interfaces/libpackage_with_interfaces__rosidl_generator_py.so
-- Installing: /home/ribeiro/ros2_tutorial_workspace/install/package_with_interfaces/local/lib/python3.10/dist-packages/package_with_interfaces/msg
-- Installing: /home/ribeiro/ros2_tutorial_workspace/install/package_with_interfaces/local/lib/python3.10/dist-packages/package_with_interfaces/msg/_amazing_quote.py
-- Installing: /home/ribeiro/ros2_tutorial_workspace/install/package_with_interfaces/local/lib/python3.10/dist-packages/package_with_interfaces/msg/_amazing_quote_s.c
-- Installing: /home/ribeiro/ros2_tutorial_workspace/install/package_with_interfaces/local/lib/python3.10/dist-packages/package_with_interfaces/msg/__init__.py
-- Installing: /home/ribeiro/ros2_tutorial_workspace/install/package_with_interfaces/local/lib/python3.10/dist-packages/package_with_interfaces/package_with_interfaces_s__rosidl_typesupport_c.cpython-310-x86_64-linux-gnu.so
-- Installing: /home/ribeiro/ros2_tutorial_workspace/install/package_with_interfaces/local/lib/python3.10/dist-packages/package_with_interfaces/package_with_interfaces_s__rosidl_typesupport_fastrtps_c.cpython-310-x86_64-linux-gnu.so
-- Installing: /home/ribeiro/ros2_tutorial_workspace/install/package_with_interfaces/local/lib/python3.10/dist-packages/package_with_interfaces/package_with_interfaces_s__rosidl_typesupport_introspection_c.cpython-310-x86_64-linux-gnu.so
-- Installing: /home/ribeiro/ros2_tutorial_workspace/install/package_with_interfaces/local/lib/python3.10/dist-packages/package_with_interfaces/srv
-- Installing: /home/ribeiro/ros2_tutorial_workspace/install/package_with_interfaces/local/lib/python3.10/dist-packages/package_with_interfaces/srv/_what_is_the_point.py
-- Installing: /home/ribeiro/ros2_tutorial_workspace/install/package_with_interfaces/local/lib/python3.10/dist-packages/package_with_interfaces/srv/_what_is_the_point_s.c
-- Installing: /home/ribeiro/ros2_tutorial_workspace/install/package_with_interfaces/local/lib/python3.10/dist-packages/package_with_interfaces/srv/__init__.py
-- Installing: /home/ribeiro/ros2_tutorial_workspace/install/package_with_interfaces/local/lib/python3.10/dist-packages/package_with_interfaces/_package_with_interfaces_s.ep.rosidl_typesupport_c.c
-- Installing: /home/ribeiro/ros2_tutorial_workspace/install/package_with_interfaces/local/lib/python3.10/dist-packages/package_with_interfaces/_package_with_interfaces_s.ep.rosidl_typesupport_fastrtps_c.c
-- Installing: /home/ribeiro/ros2_tutorial_workspace/install/package_with_interfaces/local/lib/python3.10/dist-packages/package_with_interfaces/_package_with_interfaces_s.ep.rosidl_typesupport_introspection_c.c
-- Installing: /home/ribeiro/ros2_tutorial_workspace/install/package_with_interfaces/local/lib/python3.10/dist-packages/package_with_interfaces/__init__.py
Listing '/home/ribeiro/ros2_tutorial_workspace/install/package_with_interfaces/local/lib/python3.10/dist-packages/package_with_interfaces'...
Compiling '/home/ribeiro/ros2_tutorial_workspace/install/package_with_interfaces/local/lib/python3.10/dist-packages/package_with_interfaces/__init__.py'...
Listing '/home/ribeiro/ros2_tutorial_workspace/install/package_with_interfaces/local/lib/python3.10/dist-packages/package_with_interfaces/msg'...
Compiling '/home/ribeiro/ros2_tutorial_workspace/install/package_with_interfaces/local/lib/python3.10/dist-packages/package_with_interfaces/msg/__init__.py'...
Compiling '/home/ribeiro/ros2_tutorial_workspace/install/package_with_interfaces/local/lib/python3.10/dist-packages/package_with_interfaces/msg/_amazing_quote.py'...
Listing '/home/ribeiro/ros2_tutorial_workspace/install/package_with_interfaces/local/lib/python3.10/dist-packages/package_with_interfaces/srv'...
Compiling '/home/ribeiro/ros2_tutorial_workspace/install/package_with_interfaces/local/lib/python3.10/dist-packages/package_with_interfaces/srv/__init__.py'...
Compiling '/home/ribeiro/ros2_tutorial_workspace/install/package_with_interfaces/local/lib/python3.10/dist-packages/package_with_interfaces/srv/_what_is_the_point.py'...
-- Installing: /home/ribeiro/ros2_tutorial_workspace/install/package_with_interfaces/local/lib/python3.10/dist-packages/package_with_interfaces/package_with_interfaces_s__rosidl_typesupport_fastrtps_c.cpython-310-x86_64-linux-gnu.so
-- Set runtime path of "/home/ribeiro/ros2_tutorial_workspace/install/package_with_interfaces/local/lib/python3.10/dist-packages/package_with_interfaces/package_with_interfaces_s__rosidl_typesupport_fastrtps_c.cpython-310-x86_64-linux-gnu.so" to ""
-- Installing: /home/ribeiro/ros2_tutorial_workspace/install/package_with_interfaces/local/lib/python3.10/dist-packages/package_with_interfaces/package_with_interfaces_s__rosidl_typesupport_introspection_c.cpython-310-x86_64-linux-gnu.so
-- Set runtime path of "/home/ribeiro/ros2_tutorial_workspace/install/package_with_interfaces/local/lib/python3.10/dist-packages/package_with_interfaces/package_with_interfaces_s__rosidl_typesupport_introspection_c.cpython-310-x86_64-linux-gnu.so" to ""
-- Installing: /home/ribeiro/ros2_tutorial_workspace/install/package_with_interfaces/local/lib/python3.10/dist-packages/package_with_interfaces/package_with_interfaces_s__rosidl_typesupport_c.cpython-310-x86_64-linux-gnu.so
-- Set runtime path of "/home/ribeiro/ros2_tutorial_workspace/install/package_with_interfaces/local/lib/python3.10/dist-packages/package_with_interfaces/package_with_interfaces_s__rosidl_typesupport_c.cpython-310-x86_64-linux-gnu.so" to ""
-- Installing: /home/ribeiro/ros2_tutorial_workspace/install/package_with_interfaces/lib/libpackage_with_interfaces__rosidl_generator_py.so
-- Set runtime path of "/home/ribeiro/ros2_tutorial_workspace/install/package_with_interfaces/lib/libpackage_with_interfaces__rosidl_generator_py.so" to ""
-- Installing: /home/ribeiro/ros2_tutorial_workspace/install/package_with_interfaces/share/ament_index/resource_index/rust_packages/package_with_interfaces
-- Installing: /home/ribeiro/ros2_tutorial_workspace/install/package_with_interfaces/share/package_with_interfaces/rust
-- Installing: /home/ribeiro/ros2_tutorial_workspace/install/package_with_interfaces/share/package_with_interfaces/rust/build.rs
-- Installing: /home/ribeiro/ros2_tutorial_workspace/install/package_with_interfaces/share/package_with_interfaces/rust/Cargo.toml
-- Installing: /home/ribeiro/ros2_tutorial_workspace/install/package_with_interfaces/share/package_with_interfaces/rust/src
-- Installing: /home/ribeiro/ros2_tutorial_workspace/install/package_with_interfaces/share/package_with_interfaces/rust/src/lib.rs
-- Installing: /home/ribeiro/ros2_tutorial_workspace/install/package_with_interfaces/share/package_with_interfaces/rust/src/msg
-- Installing: /home/ribeiro/ros2_tutorial_workspace/install/package_with_interfaces/share/package_with_interfaces/rust/src/msg/rmw.rs
-- Installing: /home/ribeiro/ros2_tutorial_workspace/install/package_with_interfaces/share/package_with_interfaces/rust/src/msg.rs
-- Installing: /home/ribeiro/ros2_tutorial_workspace/install/package_with_interfaces/share/package_with_interfaces/rust/src/srv
-- Installing: /home/ribeiro/ros2_tutorial_workspace/install/package_with_interfaces/share/package_with_interfaces/rust/src/srv/rmw.rs
-- Installing: /home/ribeiro/ros2_tutorial_workspace/install/package_with_interfaces/share/package_with_interfaces/rust/src/srv.rs
-- Installing: /home/ribeiro/ros2_tutorial_workspace/install/package_with_interfaces/share/package_with_interfaces/msg/AmazingQuote.idl
-- Installing: /home/ribeiro/ros2_tutorial_workspace/install/package_with_interfaces/share/package_with_interfaces/srv/WhatIsThePoint.idl
-- Installing: /home/ribeiro/ros2_tutorial_workspace/install/package_with_interfaces/share/package_with_interfaces/msg/AmazingQuote.msg
-- Installing: /home/ribeiro/ros2_tutorial_workspace/install/package_with_interfaces/share/package_with_interfaces/srv/WhatIsThePoint.srv
-- Installing: /home/ribeiro/ros2_tutorial_workspace/install/package_with_interfaces/share/package_with_interfaces/srv/WhatIsThePoint_Request.msg
-- Installing: /home/ribeiro/ros2_tutorial_workspace/install/package_with_interfaces/share/package_with_interfaces/srv/WhatIsThePoint_Response.msg
-- Installing: /home/ribeiro/ros2_tutorial_workspace/install/package_with_interfaces/share/ament_index/resource_index/package_run_dependencies/package_with_interfaces
-- Installing: /home/ribeiro/ros2_tutorial_workspace/install/package_with_interfaces/share/ament_index/resource_index/parent_prefix_path/package_with_interfaces
-- Installing: /home/ribeiro/ros2_tutorial_workspace/install/package_with_interfaces/share/package_with_interfaces/environment/ament_prefix_path.sh
-- Installing: /home/ribeiro/ros2_tutorial_workspace/install/package_with_interfaces/share/package_with_interfaces/environment/ament_prefix_path.dsv
-- Installing: /home/ribeiro/ros2_tutorial_workspace/install/package_with_interfaces/share/package_with_interfaces/environment/path.sh
-- Installing: /home/ribeiro/ros2_tutorial_workspace/install/package_with_interfaces/share/package_with_interfaces/environment/path.dsv
-- Installing: /home/ribeiro/ros2_tutorial_workspace/install/package_with_interfaces/share/package_with_interfaces/local_setup.bash
-- Installing: /home/ribeiro/ros2_tutorial_workspace/install/package_with_interfaces/share/package_with_interfaces/local_setup.sh
-- Installing: /home/ribeiro/ros2_tutorial_workspace/install/package_with_interfaces/share/package_with_interfaces/local_setup.zsh
-- Installing: /home/ribeiro/ros2_tutorial_workspace/install/package_with_interfaces/share/package_with_interfaces/local_setup.dsv
-- Installing: /home/ribeiro/ros2_tutorial_workspace/install/package_with_interfaces/share/package_with_interfaces/package.dsv
-- Installing: /home/ribeiro/ros2_tutorial_workspace/install/package_with_interfaces/share/ament_index/resource_index/packages/package_with_interfaces
-- Installing: /home/ribeiro/ros2_tutorial_workspace/install/package_with_interfaces/share/package_with_interfaces/cmake/export_package_with_interfaces__rosidl_generator_cExport.cmake
-- Installing: /home/ribeiro/ros2_tutorial_workspace/install/package_with_interfaces/share/package_with_interfaces/cmake/export_package_with_interfaces__rosidl_generator_cExport-noconfig.cmake
-- Installing: /home/ribeiro/ros2_tutorial_workspace/install/package_with_interfaces/share/package_with_interfaces/cmake/export_package_with_interfaces__rosidl_typesupport_fastrtps_cExport.cmake
-- Installing: /home/ribeiro/ros2_tutorial_workspace/install/package_with_interfaces/share/package_with_interfaces/cmake/export_package_with_interfaces__rosidl_typesupport_fastrtps_cExport-noconfig.cmake
-- Installing: /home/ribeiro/ros2_tutorial_workspace/install/package_with_interfaces/share/package_with_interfaces/cmake/export_package_with_interfaces__rosidl_generator_cppExport.cmake
-- Installing: /home/ribeiro/ros2_tutorial_workspace/install/package_with_interfaces/share/package_with_interfaces/cmake/export_package_with_interfaces__rosidl_typesupport_fastrtps_cppExport.cmake
-- Installing: /home/ribeiro/ros2_tutorial_workspace/install/package_with_interfaces/share/package_with_interfaces/cmake/export_package_with_interfaces__rosidl_typesupport_fastrtps_cppExport-noconfig.cmake
-- Installing: /home/ribeiro/ros2_tutorial_workspace/install/package_with_interfaces/share/package_with_interfaces/cmake/package_with_interfaces__rosidl_typesupport_introspection_cExport.cmake
-- Installing: /home/ribeiro/ros2_tutorial_workspace/install/package_with_interfaces/share/package_with_interfaces/cmake/package_with_interfaces__rosidl_typesupport_introspection_cExport-noconfig.cmake
-- Installing: /home/ribeiro/ros2_tutorial_workspace/install/package_with_interfaces/share/package_with_interfaces/cmake/package_with_interfaces__rosidl_typesupport_cExport.cmake
-- Installing: /home/ribeiro/ros2_tutorial_workspace/install/package_with_interfaces/share/package_with_interfaces/cmake/package_with_interfaces__rosidl_typesupport_cExport-noconfig.cmake
-- Installing: /home/ribeiro/ros2_tutorial_workspace/install/package_with_interfaces/share/package_with_interfaces/cmake/package_with_interfaces__rosidl_typesupport_introspection_cppExport.cmake
-- Installing: /home/ribeiro/ros2_tutorial_workspace/install/package_with_interfaces/share/package_with_interfaces/cmake/package_with_interfaces__rosidl_typesupport_introspection_cppExport-noconfig.cmake
-- Installing: /home/ribeiro/ros2_tutorial_workspace/install/package_with_interfaces/share/package_with_interfaces/cmake/package_with_interfaces__rosidl_typesupport_cppExport.cmake
-- Installing: /home/ribeiro/ros2_tutorial_workspace/install/package_with_interfaces/share/package_with_interfaces/cmake/package_with_interfaces__rosidl_typesupport_cppExport-noconfig.cmake
-- Installing: /home/ribeiro/ros2_tutorial_workspace/install/package_with_interfaces/share/package_with_interfaces/cmake/export_package_with_interfaces__rosidl_generator_pyExport.cmake
-- Installing: /home/ribeiro/ros2_tutorial_workspace/install/package_with_interfaces/share/package_with_interfaces/cmake/export_package_with_interfaces__rosidl_generator_pyExport-noconfig.cmake
-- Installing: /home/ribeiro/ros2_tutorial_workspace/install/package_with_interfaces/share/package_with_interfaces/cmake/rosidl_cmake-extras.cmake
-- Installing: /home/ribeiro/ros2_tutorial_workspace/install/package_with_interfaces/share/package_with_interfaces/cmake/ament_cmake_export_dependencies-extras.cmake
-- Installing: /home/ribeiro/ros2_tutorial_workspace/install/package_with_interfaces/share/package_with_interfaces/cmake/ament_cmake_export_include_directories-extras.cmake
-- Installing: /home/ribeiro/ros2_tutorial_workspace/install/package_with_interfaces/share/package_with_interfaces/cmake/ament_cmake_export_libraries-extras.cmake
-- Installing: /home/ribeiro/ros2_tutorial_workspace/install/package_with_interfaces/share/package_with_interfaces/cmake/ament_cmake_export_targets-extras.cmake
-- Installing: /home/ribeiro/ros2_tutorial_workspace/install/package_with_interfaces/share/package_with_interfaces/cmake/rosidl_cmake_export_typesupport_targets-extras.cmake
-- Installing: /home/ribeiro/ros2_tutorial_workspace/install/package_with_interfaces/share/package_with_interfaces/cmake/rosidl_cmake_export_typesupport_libraries-extras.cmake
-- Installing: /home/ribeiro/ros2_tutorial_workspace/install/package_with_interfaces/share/package_with_interfaces/cmake/rosidl_cmake_aggregate_target-extras.cmake
-- Installing: /home/ribeiro/ros2_tutorial_workspace/install/package_with_interfaces/share/package_with_interfaces/cmake/package_with_interfacesConfig.cmake
-- Installing: /home/ribeiro/ros2_tutorial_workspace/install/package_with_interfaces/share/package_with_interfaces/cmake/package_with_interfacesConfig-version.cmake
-- Installing: /home/ribeiro/ros2_tutorial_workspace/install/package_with_interfaces/share/package_with_interfaces/package.xml
