[35m[1mConsolidate compiler generated dependencies of target cpp_package_with_a_library[0m
[ 33%] Built target cpp_package_with_a_library
[35m[1mConsolidate compiler generated dependencies of target sample_class_local_node[0m
[ 50%] [32mBuilding CXX object CMakeFiles/sample_class_local_node.dir/src/sample_class_local_node_main.cpp.o[0m
[ 66%] [32m[1mLinking CXX executable sample_class_local_node[0m
[100%] Built target sample_class_local_node
-- Install configuration: ""
-- Installing: /home/ribeiro/ros2_tutorial_workspace/install/cpp_package_with_a_library/share/cpp_package_with_a_library/environment/library_path.sh
-- Installing: /home/ribeiro/ros2_tutorial_workspace/install/cpp_package_with_a_library/share/cpp_package_with_a_library/environment/library_path.dsv
-- Installing: /home/ribeiro/ros2_tutorial_workspace/install/cpp_package_with_a_library/include
-- Installing: /home/ribeiro/ros2_tutorial_workspace/install/cpp_package_with_a_library/include/cpp_package_with_a_library
-- Installing: /home/ribeiro/ros2_tutorial_workspace/install/cpp_package_with_a_library/include/cpp_package_with_a_library/sample_class.hpp
-- Installing: /home/ribeiro/ros2_tutorial_workspace/install/cpp_package_with_a_library/lib/libcpp_package_with_a_library.so
-- Set runtime path of "/home/ribeiro/ros2_tutorial_workspace/install/cpp_package_with_a_library/lib/libcpp_package_with_a_library.so" to ""
-- Installing: /home/ribeiro/ros2_tutorial_workspace/install/cpp_package_with_a_library/lib/cpp_package_with_a_library/sample_class_local_node
-- Set runtime path of "/home/ribeiro/ros2_tutorial_workspace/install/cpp_package_with_a_library/lib/cpp_package_with_a_library/sample_class_local_node" to ""
-- Installing: /home/ribeiro/ros2_tutorial_workspace/install/cpp_package_with_a_library/share/ament_index/resource_index/package_run_dependencies/cpp_package_with_a_library
-- Installing: /home/ribeiro/ros2_tutorial_workspace/install/cpp_package_with_a_library/share/ament_index/resource_index/parent_prefix_path/cpp_package_with_a_library
-- Installing: /home/ribeiro/ros2_tutorial_workspace/install/cpp_package_with_a_library/share/cpp_package_with_a_library/environment/ament_prefix_path.sh
-- Installing: /home/ribeiro/ros2_tutorial_workspace/install/cpp_package_with_a_library/share/cpp_package_with_a_library/environment/ament_prefix_path.dsv
-- Installing: /home/ribeiro/ros2_tutorial_workspace/install/cpp_package_with_a_library/share/cpp_package_with_a_library/environment/path.sh
-- Installing: /home/ribeiro/ros2_tutorial_workspace/install/cpp_package_with_a_library/share/cpp_package_with_a_library/environment/path.dsv
-- Installing: /home/ribeiro/ros2_tutorial_workspace/install/cpp_package_with_a_library/share/cpp_package_with_a_library/local_setup.bash
-- Installing: /home/ribeiro/ros2_tutorial_workspace/install/cpp_package_with_a_library/share/cpp_package_with_a_library/local_setup.sh
-- Installing: /home/ribeiro/ros2_tutorial_workspace/install/cpp_package_with_a_library/share/cpp_package_with_a_library/local_setup.zsh
-- Installing: /home/ribeiro/ros2_tutorial_workspace/install/cpp_package_with_a_library/share/cpp_package_with_a_library/local_setup.dsv
-- Installing: /home/ribeiro/ros2_tutorial_workspace/install/cpp_package_with_a_library/share/cpp_package_with_a_library/package.dsv
-- Installing: /home/ribeiro/ros2_tutorial_workspace/install/cpp_package_with_a_library/share/ament_index/resource_index/packages/cpp_package_with_a_library
-- Installing: /home/ribeiro/ros2_tutorial_workspace/install/cpp_package_with_a_library/share/cpp_package_with_a_library/cmake/export_cpp_package_with_a_libraryExport.cmake
-- Installing: /home/ribeiro/ros2_tutorial_workspace/install/cpp_package_with_a_library/share/cpp_package_with_a_library/cmake/export_cpp_package_with_a_libraryExport-noconfig.cmake
-- Installing: /home/ribeiro/ros2_tutorial_workspace/install/cpp_package_with_a_library/share/cpp_package_with_a_library/cmake/ament_cmake_export_targets-extras.cmake
-- Installing: /home/ribeiro/ros2_tutorial_workspace/install/cpp_package_with_a_library/share/cpp_package_with_a_library/cmake/ament_cmake_export_dependencies-extras.cmake
-- Installing: /home/ribeiro/ros2_tutorial_workspace/install/cpp_package_with_a_library/share/cpp_package_with_a_library/cmake/cpp_package_with_a_libraryConfig.cmake
-- Installing: /home/ribeiro/ros2_tutorial_workspace/install/cpp_package_with_a_library/share/cpp_package_with_a_library/cmake/cpp_package_with_a_libraryConfig-version.cmake
-- Installing: /home/ribeiro/ros2_tutorial_workspace/install/cpp_package_with_a_library/share/cpp_package_with_a_library/package.xml
