[0.030s] Invoking command in '/home/ribeiro/ros2_tutorial_workspace/build/cpp_package_with_a_library': CMAKE_PREFIX_PATH=${CMAKE_PREFIX_PATH}:/home/ribeiro/ros2_tutorial_workspace/install/the_simplest_python_package:/home/ribeiro/ros2_tutorial_workspace/install/python_package_with_a_node:/home/ribeiro/ros2_tutorial_workspace/install/python_package_that_uses_the_library:/home/ribeiro/ros2_tutorial_workspace/install/python_package_with_a_library:/home/ribeiro/ros2_tutorial_workspace/install/python_package_that_uses_the_services:/home/ribeiro/ros2_tutorial_workspace/install/python_package_that_uses_the_messages:/home/ribeiro/ros2_tutorial_workspace/install/python_package_that_uses_parameters_and_launch_files:/opt/ros/humble /usr/bin/cmake --build /home/ribeiro/ros2_tutorial_workspace/build/cpp_package_with_a_library -- -j6 -l6
[0.147s] [35m[1mConsolidate compiler generated dependencies of target cpp_package_with_a_library[0m
[0.211s] [ 33%] Built target cpp_package_with_a_library
[0.245s] [35m[1mConsolidate compiler generated dependencies of target sample_class_local_node[0m
[0.313s] [ 50%] [32mBuilding CXX object CMakeFiles/sample_class_local_node.dir/src/sample_class_local_node_main.cpp.o[0m
[3.717s] [ 66%] [32m[1mLinking CXX executable sample_class_local_node[0m
[4.008s] [100%] Built target sample_class_local_node
[4.033s] Invoked command in '/home/ribeiro/ros2_tutorial_workspace/build/cpp_package_with_a_library' returned '0': CMAKE_PREFIX_PATH=${CMAKE_PREFIX_PATH}:/home/ribeiro/ros2_tutorial_workspace/install/the_simplest_python_package:/home/ribeiro/ros2_tutorial_workspace/install/python_package_with_a_node:/home/ribeiro/ros2_tutorial_workspace/install/python_package_that_uses_the_library:/home/ribeiro/ros2_tutorial_workspace/install/python_package_with_a_library:/home/ribeiro/ros2_tutorial_workspace/install/python_package_that_uses_the_services:/home/ribeiro/ros2_tutorial_workspace/install/python_package_that_uses_the_messages:/home/ribeiro/ros2_tutorial_workspace/install/python_package_that_uses_parameters_and_launch_files:/opt/ros/humble /usr/bin/cmake --build /home/ribeiro/ros2_tutorial_workspace/build/cpp_package_with_a_library -- -j6 -l6
[4.056s] Invoking command in '/home/ribeiro/ros2_tutorial_workspace/build/cpp_package_with_a_library': CMAKE_PREFIX_PATH=${CMAKE_PREFIX_PATH}:/home/ribeiro/ros2_tutorial_workspace/install/the_simplest_python_package:/home/ribeiro/ros2_tutorial_workspace/install/python_package_with_a_node:/home/ribeiro/ros2_tutorial_workspace/install/python_package_that_uses_the_library:/home/ribeiro/ros2_tutorial_workspace/install/python_package_with_a_library:/home/ribeiro/ros2_tutorial_workspace/install/python_package_that_uses_the_services:/home/ribeiro/ros2_tutorial_workspace/install/python_package_that_uses_the_messages:/home/ribeiro/ros2_tutorial_workspace/install/python_package_that_uses_parameters_and_launch_files:/opt/ros/humble /usr/bin/cmake --install /home/ribeiro/ros2_tutorial_workspace/build/cpp_package_with_a_library
[4.075s] -- Install configuration: ""
[4.075s] -- Installing: /home/ribeiro/ros2_tutorial_workspace/install/cpp_package_with_a_library/share/cpp_package_with_a_library/environment/library_path.sh
[4.076s] -- Installing: /home/ribeiro/ros2_tutorial_workspace/install/cpp_package_with_a_library/share/cpp_package_with_a_library/environment/library_path.dsv
[4.077s] -- Installing: /home/ribeiro/ros2_tutorial_workspace/install/cpp_package_with_a_library/include
[4.078s] -- Installing: /home/ribeiro/ros2_tutorial_workspace/install/cpp_package_with_a_library/include/cpp_package_with_a_library
[4.078s] -- Installing: /home/ribeiro/ros2_tutorial_workspace/install/cpp_package_with_a_library/include/cpp_package_with_a_library/sample_class.hpp
[4.079s] -- Installing: /home/ribeiro/ros2_tutorial_workspace/install/cpp_package_with_a_library/lib/libcpp_package_with_a_library.so
[4.089s] -- Set runtime path of "/home/ribeiro/ros2_tutorial_workspace/install/cpp_package_with_a_library/lib/libcpp_package_with_a_library.so" to ""
[4.089s] -- Installing: /home/ribeiro/ros2_tutorial_workspace/install/cpp_package_with_a_library/lib/cpp_package_with_a_library/sample_class_local_node
[4.099s] -- Set runtime path of "/home/ribeiro/ros2_tutorial_workspace/install/cpp_package_with_a_library/lib/cpp_package_with_a_library/sample_class_local_node" to ""
[4.100s] -- Installing: /home/ribeiro/ros2_tutorial_workspace/install/cpp_package_with_a_library/share/ament_index/resource_index/package_run_dependencies/cpp_package_with_a_library
[4.102s] -- Installing: /home/ribeiro/ros2_tutorial_workspace/install/cpp_package_with_a_library/share/ament_index/resource_index/parent_prefix_path/cpp_package_with_a_library
[4.103s] -- Installing: /home/ribeiro/ros2_tutorial_workspace/install/cpp_package_with_a_library/share/cpp_package_with_a_library/environment/ament_prefix_path.sh
[4.104s] -- Installing: /home/ribeiro/ros2_tutorial_workspace/install/cpp_package_with_a_library/share/cpp_package_with_a_library/environment/ament_prefix_path.dsv
[4.106s] -- Installing: /home/ribeiro/ros2_tutorial_workspace/install/cpp_package_with_a_library/share/cpp_package_with_a_library/environment/path.sh
[4.107s] -- Installing: /home/ribeiro/ros2_tutorial_workspace/install/cpp_package_with_a_library/share/cpp_package_with_a_library/environment/path.dsv
[4.108s] -- Installing: /home/ribeiro/ros2_tutorial_workspace/install/cpp_package_with_a_library/share/cpp_package_with_a_library/local_setup.bash
[4.109s] -- Installing: /home/ribeiro/ros2_tutorial_workspace/install/cpp_package_with_a_library/share/cpp_package_with_a_library/local_setup.sh
[4.111s] -- Installing: /home/ribeiro/ros2_tutorial_workspace/install/cpp_package_with_a_library/share/cpp_package_with_a_library/local_setup.zsh
[4.112s] -- Installing: /home/ribeiro/ros2_tutorial_workspace/install/cpp_package_with_a_library/share/cpp_package_with_a_library/local_setup.dsv
[4.113s] -- Installing: /home/ribeiro/ros2_tutorial_workspace/install/cpp_package_with_a_library/share/cpp_package_with_a_library/package.dsv
[4.114s] -- Installing: /home/ribeiro/ros2_tutorial_workspace/install/cpp_package_with_a_library/share/ament_index/resource_index/packages/cpp_package_with_a_library
[4.116s] -- Installing: /home/ribeiro/ros2_tutorial_workspace/install/cpp_package_with_a_library/share/cpp_package_with_a_library/cmake/export_cpp_package_with_a_libraryExport.cmake
[4.117s] -- Installing: /home/ribeiro/ros2_tutorial_workspace/install/cpp_package_with_a_library/share/cpp_package_with_a_library/cmake/export_cpp_package_with_a_libraryExport-noconfig.cmake
[4.118s] -- Installing: /home/ribeiro/ros2_tutorial_workspace/install/cpp_package_with_a_library/share/cpp_package_with_a_library/cmake/ament_cmake_export_targets-extras.cmake
[4.120s] -- Installing: /home/ribeiro/ros2_tutorial_workspace/install/cpp_package_with_a_library/share/cpp_package_with_a_library/cmake/ament_cmake_export_dependencies-extras.cmake
[4.121s] -- Installing: /home/ribeiro/ros2_tutorial_workspace/install/cpp_package_with_a_library/share/cpp_package_with_a_library/cmake/cpp_package_with_a_libraryConfig.cmake
[4.122s] -- Installing: /home/ribeiro/ros2_tutorial_workspace/install/cpp_package_with_a_library/share/cpp_package_with_a_library/cmake/cpp_package_with_a_libraryConfig-version.cmake
[4.123s] -- Installing: /home/ribeiro/ros2_tutorial_workspace/install/cpp_package_with_a_library/share/cpp_package_with_a_library/package.xml
[4.127s] Invoked command in '/home/ribeiro/ros2_tutorial_workspace/build/cpp_package_with_a_library' returned '0': CMAKE_PREFIX_PATH=${CMAKE_PREFIX_PATH}:/home/ribeiro/ros2_tutorial_workspace/install/the_simplest_python_package:/home/ribeiro/ros2_tutorial_workspace/install/python_package_with_a_node:/home/ribeiro/ros2_tutorial_workspace/install/python_package_that_uses_the_library:/home/ribeiro/ros2_tutorial_workspace/install/python_package_with_a_library:/home/ribeiro/ros2_tutorial_workspace/install/python_package_that_uses_the_services:/home/ribeiro/ros2_tutorial_workspace/install/python_package_that_uses_the_messages:/home/ribeiro/ros2_tutorial_workspace/install/python_package_that_uses_parameters_and_launch_files:/opt/ros/humble /usr/bin/cmake --install /home/ribeiro/ros2_tutorial_workspace/build/cpp_package_with_a_library
