running egg_info
writing ../../build/python_package_that_uses_the_services/python_package_that_uses_the_services.egg-info/PKG-INFO
writing dependency_links to ../../build/python_package_that_uses_the_services/python_package_that_uses_the_services.egg-info/dependency_links.txt
writing entry points to ../../build/python_package_that_uses_the_services/python_package_that_uses_the_services.egg-info/entry_points.txt
writing requirements to ../../build/python_package_that_uses_the_services/python_package_that_uses_the_services.egg-info/requires.txt
writing top-level names to ../../build/python_package_that_uses_the_services/python_package_that_uses_the_services.egg-info/top_level.txt
reading manifest file '../../build/python_package_that_uses_the_services/python_package_that_uses_the_services.egg-info/SOURCES.txt'
writing manifest file '../../build/python_package_that_uses_the_services/python_package_that_uses_the_services.egg-info/SOURCES.txt'
running build
running build_py
running install
running install_lib
running install_data
running install_egg_info
removing '/home/ribeiro/ros2_tutorial_workspace/install/python_package_that_uses_the_services/lib/python3.10/site-packages/python_package_that_uses_the_services-0.0.0-py3.10.egg-info' (and everything under it)
Copying ../../build/python_package_that_uses_the_services/python_package_that_uses_the_services.egg-info to /home/ribeiro/ros2_tutorial_workspace/install/python_package_that_uses_the_services/lib/python3.10/site-packages/python_package_that_uses_the_services-0.0.0-py3.10.egg-info
running install_scripts
Installing what_is_the_point_service_client_node script to /home/ribeiro/ros2_tutorial_workspace/install/python_package_that_uses_the_services/lib/python_package_that_uses_the_services
Installing what_is_the_point_service_server_node script to /home/ribeiro/ros2_tutorial_workspace/install/python_package_that_uses_the_services/lib/python_package_that_uses_the_services
writing list of installed files to '/home/ribeiro/ros2_tutorial_workspace/build/python_package_that_uses_the_services/install.log'
