[0.027s] Invoking command in '/home/ribeiro/ros2_tutorial_workspace/build/cpp_package_with_a_library': CMAKE_PREFIX_PATH=${CMAKE_PREFIX_PATH}:/home/ribeiro/ros2_tutorial_workspace/install/the_simplest_python_package:/home/ribeiro/ros2_tutorial_workspace/install/python_package_with_a_node:/home/ribeiro/ros2_tutorial_workspace/install/python_package_that_uses_the_library:/home/ribeiro/ros2_tutorial_workspace/install/python_package_with_a_library:/home/ribeiro/ros2_tutorial_workspace/install/python_package_that_uses_the_services:/home/ribeiro/ros2_tutorial_workspace/install/python_package_that_uses_the_messages:/home/ribeiro/ros2_tutorial_workspace/install/python_package_that_uses_parameters_and_launch_files:/opt/ros/humble /usr/bin/cmake /home/ribeiro/ros2_tutorial_workspace/src/cpp_package_with_a_library -DCMAKE_INSTALL_PREFIX=/home/ribeiro/ros2_tutorial_workspace/install/cpp_package_with_a_library
[0.181s] -- The C compiler identification is GNU 11.4.0
[0.313s] -- The CXX compiler identification is GNU 11.4.0
[0.348s] -- Detecting C compiler ABI info
[0.552s] -- Detecting C compiler ABI info - done
[0.560s] -- Check for working C compiler: /usr/bin/cc - skipped
[0.561s] -- Detecting C compile features
[0.561s] -- Detecting C compile features - done
[0.567s] -- Detecting CXX compiler ABI info
[0.780s] -- Detecting CXX compiler ABI info - done
[0.788s] -- Check for working CXX compiler: /usr/bin/c++ - skipped
[0.788s] -- Detecting CXX compile features
[0.789s] -- Detecting CXX compile features - done
[0.802s] -- Found ament_cmake: 1.3.14 (/opt/ros/humble/share/ament_cmake/cmake)
[1.053s] -- Found Python3: /usr/bin/python3 (found version "3.10.12") found components: Interpreter 
[1.278s] -- Found rclcpp: 16.0.19 (/opt/ros/humble/share/rclcpp/cmake)
[1.421s] -- Found rosidl_generator_c: 3.1.9 (/opt/ros/humble/share/rosidl_generator_c/cmake)
[1.441s] -- Found rosidl_adapter: 3.1.9 (/opt/ros/humble/share/rosidl_adapter/cmake)
[1.466s] -- Found rosidl_generator_cpp: 3.1.9 (/opt/ros/humble/share/rosidl_generator_cpp/cmake)
[1.496s] -- Using all available rosidl_typesupport_c: rosidl_typesupport_fastrtps_c;rosidl_typesupport_introspection_c
[1.539s] -- Using all available rosidl_typesupport_cpp: rosidl_typesupport_fastrtps_cpp;rosidl_typesupport_introspection_cpp
[1.669s] -- Found rmw_implementation_cmake: 6.1.3 (/opt/ros/humble/share/rmw_implementation_cmake/cmake)
[1.680s] -- Found rmw_fastrtps_cpp: 6.2.10 (/opt/ros/humble/share/rmw_fastrtps_cpp/cmake)
[2.023s] -- Found OpenSSL: /usr/lib/x86_64-linux-gnu/libcrypto.so (found version "3.0.2")  
[2.133s] -- Found FastRTPS: /opt/ros/humble/include  
[2.335s] -- Using RMW implementation 'rmw_fastrtps_cpp' as default
[2.369s] -- Looking for pthread.h
[2.593s] -- Looking for pthread.h - found
[2.594s] -- Performing Test CMAKE_HAVE_LIBC_PTHREAD
[2.821s] -- Performing Test CMAKE_HAVE_LIBC_PTHREAD - Success
[2.823s] -- Found Threads: TRUE  
[2.955s] -- Found ament_lint_auto: 0.12.15 (/opt/ros/humble/share/ament_lint_auto/cmake)
[3.123s] -- Added test 'cppcheck' to perform static code analysis on C / C++ code
[3.123s] -- Configured cppcheck include dirs: $<BUILD_INTERFACE:/home/ribeiro/ros2_tutorial_workspace/src/cpp_package_with_a_library/include>;$<BUILD_INTERFACE:/home/ribeiro/ros2_tutorial_workspace/src/cpp_package_with_a_library/src>
[3.123s] -- Configured cppcheck exclude dirs and/or files: 
[3.126s] -- Added test 'lint_cmake' to check CMake code style
[3.132s] -- Added test 'uncrustify' to check C / C++ code style
[3.132s] -- Configured uncrustify additional arguments: 
[3.134s] -- Added test 'xmllint' to check XML markup files
[3.141s] -- Configuring done
[3.148s] [31mCMake Error at CMakeLists.txt:68 (add_executable):
[3.148s]   Cannot find source file:
[3.148s] 
[3.148s]     src/sample_class_local_node_main.cpp
[3.148s] 
[3.148s]   Tried extensions .c .C .c++ .cc .cpp .cxx .cu .mpp .m .M .mm .ixx .cppm .h
[3.148s]   .hh .h++ .hm .hpp .hxx .in .txx .f .F .for .f77 .f90 .f95 .f03 .hip .ispc
[3.148s] 
[3.148s] [0m
[3.149s] [31mCMake Error at CMakeLists.txt:68 (add_executable):
[3.149s]   No SOURCES given to target: sample_class_local_node
[3.149s] 
[3.149s] [0m
[3.149s] [0mCMake Generate step failed.  Build files cannot be regenerated correctly.[0m
[3.157s] Invoked command in '/home/ribeiro/ros2_tutorial_workspace/build/cpp_package_with_a_library' returned '1': CMAKE_PREFIX_PATH=${CMAKE_PREFIX_PATH}:/home/ribeiro/ros2_tutorial_workspace/install/the_simplest_python_package:/home/ribeiro/ros2_tutorial_workspace/install/python_package_with_a_node:/home/ribeiro/ros2_tutorial_workspace/install/python_package_that_uses_the_library:/home/ribeiro/ros2_tutorial_workspace/install/python_package_with_a_library:/home/ribeiro/ros2_tutorial_workspace/install/python_package_that_uses_the_services:/home/ribeiro/ros2_tutorial_workspace/install/python_package_that_uses_the_messages:/home/ribeiro/ros2_tutorial_workspace/install/python_package_that_uses_parameters_and_launch_files:/opt/ros/humble /usr/bin/cmake /home/ribeiro/ros2_tutorial_workspace/src/cpp_package_with_a_library -DCMAKE_INSTALL_PREFIX=/home/ribeiro/ros2_tutorial_workspace/install/cpp_package_with_a_library
